<html>
<body>
<pre>
<h1>礦ision Build Log</h1>
<h2>Tool Versions:</h2>
IDE-Version: μVision V5.14.0.0
Copyright (C) 2015 ARM Ltd and ARM Germany GmbH. All rights reserved.
License Information: m MarkVim, HP Inc., LIC=CZLKP-M63EU-CJJ6Z-JA3XT-J2CWW-CWL2C
 
Tool Versions:
Toolchain:       MDK-ARM Standard  Version: 5.14.0.0
Toolchain Path:  C:\Keil_v5\ARM\ARMCC\Bin
C Compiler:      Armcc.exe V5.05 update 1 (build 106)
Assembler:       Armasm.exe V5.05 update 1 (build 106)
Linker/Locator:  ArmLink.exe V5.05 update 1 (build 106)
Library Manager: ArmAr.exe V5.05 update 1 (build 106)
Hex Converter:   FromElf.exe V5.05 update 1 (build 106)
CPU DLL:         SARMCM3.DLL V5.14.0.0
Dialog DLL:      DCM.DLL V1.13.1.0
Target DLL:      Segger\JL2CM3.dll V2.99.13.0
Dialog DLL:      TCM.DLL V1.14.4.0
 
<h2>Project:</h2>
C:\Users\MarkV\Desktop\myGit\RP2020_Infantry\RP2020_Infantry\Project\project.uvprojx
Project File Date:  02/27/2020

<h2>Output:</h2>
Build target 'Target 1'
compiling judge.c...
compiling vision.c...
compiling main.c...
compiling remote.c...
compiling imu.c...
compiling magzine.c...
compiling friction.c...
compiling ultra.c...
..\APP\ultra.c(212): warning:  #940-D: missing return statement at end of non-void function "ULTRA_IICWriteByte"
  }
..\APP\ultra.c(61): warning:  #177-D: function "IIC_Init" was declared but never referenced
  static void IIC_Init(void)
..\APP\ultra.c(198): warning:  #177-D: function "ULTRA_IICWriteByte" was declared but never referenced
  static uint8_t ULTRA_IICWriteByte(uint8_t addr, uint8_t reg, uint8_t cmd)
..\APP\ultra.c: 3 warnings, 0 errors
compiling kalman_filter.c...
compiling crc.c...
compiling anoc.c...
compiling led.c...
compiling exti.c...
compiling init.c...
compiling can.c...
compiling pwm.c...
compiling uart5.c...
compiling laser.c...
compiling uart4.c...
compiling usart3.c...
..\BSP\usart3.c(57): warning:  #177-D: function "USART3_DMA_Init" was declared but never referenced
  static void USART3_DMA_Init( void )
..\BSP\usart3.c: 1 warning, 0 errors
compiling usart1.c...
compiling sys.c...
compiling scheduler.c...
compiling delay.c...
compiling myiic.c...
compiling mpu6050.c...
compiling inv_mpu.c...
compiling inv_mpu_dmp_motion_driver.c...
compiling temp.c...
compiling Task_Chassis.c...
compiling Task_Gimbal.c...
..\TASK\Task_Gimbal.c(1983): warning:  #177-D: variable "ramp_cnt" was declared but never referenced
        static uint16_t ramp_cnt=0;/*斜坡计数 -- 用于缓和掉帧影响*/                     
..\TASK\Task_Gimbal.c(1985): warning:  #177-D: variable "judge_flag" was declared but never referenced
        static bool judge_flag=false;/*丢失标志位激活标志位,用于一次性操作*/
..\TASK\Task_Gimbal.c(1988): warning:  #177-D: variable "active_cnt" was declared but never referenced
        static uint16_t active_cnt=0,lost_cnt=0;/*激活计数/丢失计数--用于识别和未识别到相互切换的过程*/
..\TASK\Task_Gimbal.c(1988): warning:  #177-D: variable "lost_cnt" was declared but never referenced
        static uint16_t active_cnt=0,lost_cnt=0;/*激活计数/丢失计数--用于识别和未识别到相互切换的过程*/
..\TASK\Task_Gimbal.c(1992): warning:  #550-D: variable "last_identify_flag" was set but never used
        static uint8_t vision_identify_target=0, last_identify_flag=0;/*上一次的接收标志位*/
..\TASK\Task_Gimbal.c(2692): warning:  #223-D: function "REMOTE_SetTopGyro" declared implicitly
        REMOTE_SetTopGyro();
..\TASK\Task_Gimbal.c: 6 warnings, 0 errors
compiling Task_Timing_Report.c...
compiling Task_Revolver.c...
linking...
Program Size: Code=90274 RO-data=5006 RW-data=4400 ZI-data=80728  
".\Objects\project.axf" - 0 Error(s), 10 Warning(s).

<h2>Collection of Component include folders:</h2>
  C:\Users\MarkV\Desktop\myGit\RP2020_Infantry\RP2020_Infantry\Project\RTE
  C:\Keil_v5\ARM\PACK\Keil\STM32F4xx_DFP\2.9.0

<h2>Collection of Component Files used:</h2>
</pre>
</body>
</html>
