<html>
<body>
<pre>
<h1>µVision Build Log</h1>
<h2>Tool Versions:</h2>
IDE-Version: ¦ÌVision V5.14.0.0
Copyright (C) 2015 ARM Ltd and ARM Germany GmbH. All rights reserved.
License Information: m MarkVim, HP Inc., LIC=CZLKP-M63EU-CJJ6Z-JA3XT-J2CWW-CWL2C
 
Tool Versions:
Toolchain:       MDK-ARM Standard  Version: 5.14.0.0
Toolchain Path:  C:\Keil_v5\ARM\ARMCC\Bin
C Compiler:      Armcc.exe V5.05 update 1 (build 106)
Assembler:       Armasm.exe V5.05 update 1 (build 106)
Linker/Locator:  ArmLink.exe V5.05 update 1 (build 106)
Library Manager: ArmAr.exe V5.05 update 1 (build 106)
Hex Converter:   FromElf.exe V5.05 update 1 (build 106)
CPU DLL:         SARMCM3.DLL V5.14.0.0
Dialog DLL:      DCM.DLL V1.13.1.0
Target DLL:      Segger\JL2CM3.dll V2.99.13.0
Dialog DLL:      TCM.DLL V1.14.4.0
 
<h2>Project:</h2>
C:\Users\MarkV\Desktop\myGit\RP2020_Infantry\RP2020_Infantry\Project\project.uvprojx
Project File Date:  01/21/2020

<h2>Output:</h2>
Build target 'Target 1'
compiling Task_Chassis.c...
..\TASK\Task_Chassis.c(1275): warning:  #177-D: variable "KeyLockFlag_F" was declared but never referenced
        static uint8_t KeyLockFlag_F;
..\TASK\Task_Chassis.c(1277): warning:  #177-D: variable "KeyLockFlag_V" was declared but never referenced
        static uint8_t KeyLockFlag_V;
..\TASK\Task_Chassis.c(1410): warning:  #177-D: variable "KeyLockFlag_F" was declared but never referenced
        static uint8_t KeyLockFlag_F = false;
..\TASK\Task_Chassis.c(1411): warning:  #177-D: variable "KeyLockFlag_C" was declared but never referenced
        static uint8_t KeyLockFlag_C = false;
..\TASK\Task_Chassis.c: 4 warnings, 0 errors
linking...
Program Size: Code=89178 RO-data=5006 RW-data=3352 ZI-data=80568  
".\Objects\project.axf" - 0 Error(s), 4 Warning(s).

<h2>Collection of Component include folders:</h2>
  C:\Users\MarkV\Desktop\myGit\RP2020_Infantry\RP2020_Infantry\Project\RTE
  C:\Keil_v5\ARM\PACK\Keil\STM32F4xx_DFP\1.0.8\Device\Include

<h2>Collection of Component Files used:</h2>
</pre>
</body>
</html>
