Component: ARM Compiler 5.05 update 1 (build 106) Tool: armlink [4d0efa]

==============================================================================

Section Cross References

    judge.o(.text) refers to task_revolver.o(.text) for REVOLVER_AddShootCount
    judge.o(.text) refers to tasks.o(.text) for xTaskGetTickCount
    judge.o(.text) refers to crc.o(.text) for Verify_CRC8_Check_Sum
    judge.o(.text) refers to rt_memcpy_v6.o(.text) for __aeabi_memcpy
    judge.o(.text) refers to judge.o(.bss) for Judge
    judge.o(.text) refers to judge.o(.data) for Shoot_Speed_Now
    judge.o(.text) refers to uart5.o(.text) for UART5_SendChar
    judge.o(.text) refers to rt_memclr.o(.text) for __aeabi_memclr
    judge.o(.text) refers to rt_memclr_w.o(.text) for __aeabi_memclr4
    vision.o(.text) refers to crc.o(.text) for Verify_CRC8_Check_Sum
    vision.o(.text) refers to rt_memcpy_v6.o(.text) for __aeabi_memcpy
    vision.o(.text) refers to tasks.o(.text) for xTaskGetTickCount
    vision.o(.text) refers to uart4.o(.text) for UART4_SendChar
    vision.o(.text) refers to rt_memclr_w.o(.text) for __aeabi_memclr4
    vision.o(.text) refers to judge.o(.text) for JUDGE_IfDataValid
    vision.o(.text) refers to vision.o(.bss) for Vision
    vision.o(.text) refers to kalman.o(.text) for KalmanCreate
    vision.o(.text) refers to rt_memclr.o(.text) for __aeabi_memclr
    vision.o(.text) refers to vision.o(.data) for kalman_kYaw_R
    vision.o(.text) refers to scheduler.o(.data) for System
    vision.o(.text) refers to judge.o(.bss) for Judge
    vision.o(.text) refers to friction.o(.bss) for Friction
    main.o(.text) refers to init.o(.text) for All_Init
    remote.o(.text) refers to stm32f4xx_rcc.o(.text) for RCC_AHB1PeriphClockCmd
    remote.o(.text) refers to stm32f4xx_gpio.o(.text) for GPIO_PinAFConfig
    remote.o(.text) refers to stm32f4xx_usart.o(.text) for USART_Init
    remote.o(.text) refers to stm32f4xx_dma.o(.text) for DMA_DeInit
    remote.o(.text) refers to exti.o(.text) for NVICx_init
    remote.o(.text) refers to sys.o(.text) for myDeathZoom
    remote.o(.text) refers to remote.o(.bss) for sbus_rx_buffer
    remote.o(.text) refers to scheduler.o(.data) for Flag
    remote.o(.text) refers to remote.o(.data) for sbus_rx_len
    remote.o(.text) refers to task_chassis.o(.text) for CHASSIS_IfBackToMiddleAngle
    remote.o(.text) refers to tasks.o(.text) for xTaskGetTickCount
    remote.o(.text) refers to port.o(.text) for vPortEnterCritical
    imu.o(.text) refers to delay.o(.text) for delay_ms
    imu.o(.text) refers to mpu6050.o(.text) for MPU_Get_Gyroscope
    imu.o(.text) refers to inv_mpu.o(.text) for mpu_dmp_init
    imu.o(.text) refers to scheduler.o(.bss) for Mpu_Info
    imu.o(.text) refers to imu.o(.data) for ulCurrentTime
    magzine.o(.text) refers to pwm.o(.text) for MAGZINE_PwmOut
    magzine.o(.text) refers to magzine.o(.data) for Magzine
    magzine.o(.text) refers to remote.o(.bss) for Remote
    magzine.o(.text) refers to scheduler.o(.data) for System
    friction.o(.text) refers to pwm.o(.text) for FRICTION_PwmOut
    friction.o(.text) refers to delay.o(.text) for delay_ms
    friction.o(.text) refers to judge.o(.text) for JUDGE_ucGetBulletLimitSpeed17
    friction.o(.text) refers to task_gimbal.o(.text) for GIMBAL_IfAimSentry
    friction.o(.text) refers to friction.o(.data) for Friction_Pwm_Output
    friction.o(.text) refers to friction.o(.bss) for Friction
    friction.o(.text) refers to remote.o(.bss) for Remote
    friction.o(.text) refers to scheduler.o(.data) for BitMask
    friction.o(.text) refers to judge.o(.bss) for Judge
    ultra.o(.text) refers to usart1.o(.text) for USART1_SendChar
    ultra.o(.text) refers to delay.o(.text) for delay_us
    ultra.o(.text) refers to stm32f4xx_rcc.o(.text) for RCC_AHB1PeriphClockCmd
    ultra.o(.text) refers to stm32f4xx_gpio.o(.text) for GPIO_Init
    ultra.o(.text) refers to ultra.o(.data) for Ultra
    kalman_filter.o(.text) refers to arm_mat_init_f32.o(.text) for arm_mat_init_f32
    kalman_filter.o(.text) refers to arm_mat_trans_f32.o(.text) for arm_mat_trans_f32
    kalman_filter.o(.text) refers to arm_mat_mult_f32.o(.text) for arm_mat_mult_f32
    kalman_filter.o(.text) refers to arm_mat_add_f32.o(.text) for arm_mat_add_f32
    kalman_filter.o(.text) refers to arm_mat_inverse_f32.o(.text) for arm_mat_inverse_f32
    kalman_filter.o(.text) refers to arm_mat_sub_f32.o(.text) for arm_mat_sub_f32
    kalman_filter.o(.text) refers to kalman_filter.o(.data) for matrix_value1
    crc.o(.text) refers to crc.o(.constdata) for CRC8_TAB
    crc.o(.text) refers to crc.o(.data) for CRC_INIT
    anoc.o(.text) refers to usart1.o(.text) for USART1_SendChar
    anoc.o(.text) refers to anoc.o(.data) for send_cnt
    supercap.o(.text) refers to stm32f4xx_rcc.o(.text) for RCC_AHB1PeriphClockCmd
    supercap.o(.text) refers to stm32f4xx_gpio.o(.text) for GPIO_Init
    supercap.o(.text) refers to f2d.o(x$fpl$f2d) for __aeabi_f2d
[...]
    CHASSIS_Locate_PidCalc                   0x0800f735   Thumb Code   334  task_chassis.o(.text)
    CHASSIS_Angle_ClearSum                   0x0800f883   Thumb Code    44  task_chassis.o(.text)
    CHASSIS_PidOut                           0x0800f8af   Thumb Code   160  task_chassis.o(.text)
    CHASSIS_GetMode                          0x0800f94f   Thumb Code     6  task_chassis.o(.text)
    CHASSIS_GetLogic                         0x0800f955   Thumb Code     6  task_chassis.o(.text)
    CHASSIS_GetMiddleAngleOffset             0x0800f95b   Thumb Code    96  task_chassis.o(.text)
    CHASSIS_IfBackToMiddleAngle              0x0800f9bb   Thumb Code    18  task_chassis.o(.text)
    CHASSIS_SetMode                          0x0800f9cd   Thumb Code     6  task_chassis.o(.text)
    CHASSIS_LogicRevert                      0x0800f9d3   Thumb Code    22  task_chassis.o(.text)
    CHASSIS_IfMechMode                       0x0800f9e9   Thumb Code    14  task_chassis.o(.text)
    CHASSIS_IfGyroMode                       0x0800f9f7   Thumb Code    14  task_chassis.o(.text)
    CHASSIS_IfNormalMode                     0x0800fa05   Thumb Code    14  task_chassis.o(.text)
    CHASSIS_IfTwistOpen                      0x0800fa13   Thumb Code    22  task_chassis.o(.text)
    CHASSIS_IfLogicRevert                    0x0800fa29   Thumb Code    28  task_chassis.o(.text)
    CHASSIS_GetSysInfo                       0x0800fa45   Thumb Code   110  task_chassis.o(.text)
    CHASSIS_GetJudgeInfo                     0x0800fab3   Thumb Code    12  task_chassis.o(.text)
    CHASSIS_MECH_YawBoundaryProc             0x0800fabf   Thumb Code    68  task_chassis.o(.text)
    CHASSIS_GetImuInfo                       0x0800fb03   Thumb Code   336  task_chassis.o(.text)
    CHASSIS_GetTopGyroInfo                   0x0800fc53   Thumb Code   130  task_chassis.o(.text)
    CHASSIS_GetSelfAttitude                  0x0800fcd5   Thumb Code   446  task_chassis.o(.text)
    CHASSIS_GetRemoteInfo                    0x0800fe93   Thumb Code    92  task_chassis.o(.text)
    CHASSIS_OmniSpeedCalc                    0x0800feef   Thumb Code   394  task_chassis.o(.text)
    REMOTE_SetChassisSpeed                   0x08010079   Thumb Code  1114  task_chassis.o(.text)
    REMOTE_TOP_SetChassisSpeed               0x080104d3   Thumb Code  1692  task_chassis.o(.text)
    REMOTE_SetTopGyro                        0x08010b6f   Thumb Code   146  task_chassis.o(.text)
    KEY_SlopeChasSpeed                       0x08010c01   Thumb Code   130  task_chassis.o(.text)
    KEY_RampChasSpeed                        0x08010c83   Thumb Code   472  task_chassis.o(.text)
    KEY_SetChasSpinSpeed                     0x08010e5b   Thumb Code   522  task_chassis.o(.text)
    KEY_SetChasMoveSpeed                     0x08011065   Thumb Code  1072  task_chassis.o(.text)
    KEY_SetChassisSpeed                      0x08011495   Thumb Code    28  task_chassis.o(.text)
    KEY_SetChassisMode                       0x080114b1   Thumb Code    30  task_chassis.o(.text)
    KEY_SetTopGyro                           0x080114cf   Thumb Code   108  task_chassis.o(.text)
    KEY_SetTwist                             0x0801153b   Thumb Code    80  task_chassis.o(.text)
    CHASSIS_Init                             0x0801158b   Thumb Code    12  task_chassis.o(.text)
    CHASSIS_PowerLimit                       0x08011597   Thumb Code   506  task_chassis.o(.text)
    CHASSIS_TwistTargetCalc                  0x08011791   Thumb Code   206  task_chassis.o(.text)
    CHASSIS_NormalCtrl                       0x0801185f   Thumb Code    32  task_chassis.o(.text)
    CHASSIS_BuffCtrl                         0x0801187f   Thumb Code    36  task_chassis.o(.text)
    CHASSIS_SzuPupCtrl                       0x080118a3   Thumb Code    44  task_chassis.o(.text)
    CHASSIS_ReloadBulletCtrl                 0x080118cf   Thumb Code   154  task_chassis.o(.text)
    CHASSIS_GetInfo                          0x08011969   Thumb Code    44  task_chassis.o(.text)
    CHASSIS_PidCtrlTask                      0x08011995   Thumb Code    52  task_chassis.o(.text)
    CHASSIS_RcCtrlTask                       0x080119c9   Thumb Code    12  task_chassis.o(.text)
    CHASSIS_KeyCtrlTask                      0x080119d5   Thumb Code    52  task_chassis.o(.text)
    CHASSIS_SelfProtect                      0x08011a09   Thumb Code    34  task_chassis.o(.text)
    CHASSIS_Ctrl                             0x08011a2b   Thumb Code    36  task_chassis.o(.text)
    GIMBAL_PidParamsInit                     0x08011aa1   Thumb Code   362  task_gimbal.o(.text)
    GIMBAL_PidParamsSwitch                   0x08011c0b   Thumb Code   772  task_gimbal.o(.text)
    GIMBAL_Stop                              0x08011f0f   Thumb Code    48  task_gimbal.o(.text)
    GIMBAL_Speed_PidCalc                     0x08011f3f   Thumb Code   762  task_gimbal.o(.text)
    GIMBAL_Angle_PidCalc                     0x08012239   Thumb Code  1074  task_gimbal.o(.text)
    GIMBAL_PidOut                            0x0801266b   Thumb Code    94  task_gimbal.o(.text)
    GIMBAL_KalmanCreate                      0x080126c9   Thumb Code   442  task_gimbal.o(.text)
    GIMBAL_SetMode                           0x08012883   Thumb Code     6  task_gimbal.o(.text)
    GIMBAL_GetMode                           0x08012889   Thumb Code     6  task_gimbal.o(.text)
    GIMBAL_GetMiddleAngle                    0x0801288f   Thumb Code    34  task_gimbal.o(.text)
    GIMBAL_IfMechMode                        0x080128b1   Thumb Code    14  task_gimbal.o(.text)
    GIMBAL_IfGyroMode                        0x080128bf   Thumb Code    14  task_gimbal.o(.text)
    GIMBAL_IfNormalMode                      0x080128cd   Thumb Code    14  task_gimbal.o(.text)
    GIMBAL_IfAutoMode                        0x080128db   Thumb Code    14  task_gimbal.o(.text)
    GIMBAL_IfBuffMode                        0x080128e9   Thumb Code    24  task_gimbal.o(.text)
    GIMBAL_IfAimSentry                       0x08012901   Thumb Code    52  task_gimbal.o(.text)
    GIMBAL_IfReloadBullet                    0x08012935   Thumb Code    16  task_gimbal.o(.text)
    GIMBAL_BUFF_IfChaseReady                 0x08012945   Thumb Code   160  task_gimbal.o(.text)
    GIMBAL_IfAutoMobiPre                     0x080129e5   Thumb Code    18  task_gimbal.o(.text)
    GIMBAL_AUTO_IfChaseReady                 0x080129f7   Thumb Code     6  task_gimbal.o(.text)
    GIMBAL_GetTopGyroAngleOffset             0x080129fd   Thumb Code    32  task_gimbal.o(.text)
    GIMBAL_GetSysInfo                        0x08012a1d   Thumb Code   236  task_gimbal.o(.text)
    GIMBAL_GetJudgeInfo                      0x08012b09   Thumb Code    12  task_gimbal.o(.text)
    REMOTE_SetGimbalAngle                    0x08012b15   Thumb Code   302  task_gimbal.o(.text)
    KEY_SetGimbalAngle                       0x08012c43   Thumb Code   310  task_gimbal.o(.text)
    GIMBAL_GYRO_YawBoundaryProc              0x08012d79   Thumb Code    18  task_gimbal.o(.text)
    KEY_SetGimbalTurn                        0x08012d8b   Thumb Code   464  task_gimbal.o(.text)
    KEY_SetQuickPickUp                       0x08012f5b   Thumb Code   114  task_gimbal.o(.text)
    GIMBAL_Init                              0x08012fcd   Thumb Code     8  task_gimbal.o(.text)
    GIMBAL_MECH_YawBoundaryProc              0x08012fd5   Thumb Code    68  task_gimbal.o(.text)
    GIMBAL_Reset                             0x08013019   Thumb Code   672  task_gimbal.o(.text)
    GIMBAL_GetImuInfo                        0x080132b9   Thumb Code   258  task_gimbal.o(.text)
    speed_calculate                          0x080133bb   Thumb Code   234  task_gimbal.o(.text)
    GIMBAL_VISION_AUTO_PidCalc               0x080134a5   Thumb Code   354  task_gimbal.o(.text)
    GIMBAL_AUTO_PidCalc                      0x08013607   Thumb Code  3400  task_gimbal.o(.text)
    VISION_AUTO_Predict                      0x0801434f   Thumb Code  1526  task_gimbal.o(.text)
    GIMBAL_CalPredictInfo                    0x08014945   Thumb Code   150  task_gimbal.o(.text)
    GIMBAL_BUFF_PidCalc                      0x080149db   Thumb Code   436  task_gimbal.o(.text)
    GIMBAL_NormalCtrl                        0x08014b8f   Thumb Code    16  task_gimbal.o(.text)
    GIMBAL_AutoCtrl                          0x08014b9f   Thumb Code    18  task_gimbal.o(.text)
    GIMBAL_BuffCtrl                          0x08014bb1   Thumb Code   330  task_gimbal.o(.text)
    GIMBAL_ReloadBulletCtrl                  0x08014cfb   Thumb Code    24  task_gimbal.o(.text)
    GIMBAL_GetInfo                           0x08014d13   Thumb Code    30  task_gimbal.o(.text)
    GIMBAL_PidCtrlTask                       0x08014d31   Thumb Code   290  task_gimbal.o(.text)
    GIMBAL_RcCtrlTask                        0x08014e53   Thumb Code    12  task_gimbal.o(.text)
    GIMBAL_KeyCtrlTask                       0x08014e5f   Thumb Code    52  task_gimbal.o(.text)
    GIMBAL_SelfProtect                       0x08014e93   Thumb Code    40  task_gimbal.o(.text)
    GIMBAL_Ctrl                              0x08014ebb   Thumb Code    60  task_gimbal.o(.text)
    CAN1_Timer_Callback                      0x08014f29   Thumb Code    36  task_timing_report.o(.text)
    CAN2_Timer_Callback                      0x08014f4d   Thumb Code    36  task_timing_report.o(.text)
    Timer_Send_Create                        0x08014f71   Thumb Code   144  task_timing_report.o(.text)
    REVOLVER_PidParamsInit                   0x08015031   Thumb Code   162  task_revolver.o(.text)
    REVOLVER_Stop                            0x080150d3   Thumb Code    40  task_revolver.o(.text)
    REVOLVER_Speed_PidCalc                   0x080150fb   Thumb Code   314  task_revolver.o(.text)
    REVOLVER_Angle_PidCalc                   0x08015235   Thumb Code   138  task_revolver.o(.text)
    REVOLVER_PidOut                          0x080152bf   Thumb Code    60  task_revolver.o(.text)
    REVOLVER_Speed_BulletStuck               0x080152fb   Thumb Code   128  task_revolver.o(.text)
    REVOLVER_Angle_BulletStuck               0x0801537b   Thumb Code   226  task_revolver.o(.text)
    REVOLVER_SetAction                       0x0801545d   Thumb Code     6  task_revolver.o(.text)
    REVOLVER_AddShootCount                   0x08015463   Thumb Code    12  task_revolver.o(.text)
    REVOLVER_GetRealShootTime                0x0801546f   Thumb Code     6  task_revolver.o(.text)
    REVOLVER_CalcRealShootPing               0x08015475   Thumb Code    18  task_revolver.o(.text)
    REVOLVER_GetSysInfo                      0x08015487   Thumb Code    64  task_revolver.o(.text)
    REVOLVER_GetJudgeInfo                    0x080154c7   Thumb Code    76  task_revolver.o(.text)
    REVOLVER_GetRemoteInfo                   0x08015513   Thumb Code    48  task_revolver.o(.text)
    REVOLVER_HeatLimit                       0x08015543   Thumb Code    64  task_revolver.o(.text)
    REMOTE_SetRevolverShoot                  0x08015583   Thumb Code   208  task_revolver.o(.text)
    KEY_SetRevolverShoot                     0x08015653   Thumb Code     2  task_revolver.o(.text)
    REVOLVER_TripleShootCtrl                 0x08015655   Thumb Code    82  task_revolver.o(.text)
    REVOLVER_SingleShootCtrl                 0x080156a7   Thumb Code    82  task_revolver.o(.text)
    REVOLVER_NormalCtrl                      0x080156f9   Thumb Code   120  task_revolver.o(.text)
    REVOLVER_ComboShootCtrl                  0x08015771   Thumb Code    72  task_revolver.o(.text)
    REVOLVER_BuffShootCtrl                   0x080157b9   Thumb Code   586  task_revolver.o(.text)
    REVOLVER_AutoShootCtrl                   0x08015a03   Thumb Code   194  task_revolver.o(.text)
    REVOLVER_BanShootCtrl                    0x08015ac5   Thumb Code    12  task_revolver.o(.text)
    REVOLVER_GetInfo                         0x08015ad1   Thumb Code    30  task_revolver.o(.text)
    REVOLVER_PidCtrlTask                     0x08015aef   Thumb Code   254  task_revolver.o(.text)
    REVOLVER_RcCtrlTask                      0x08015bed   Thumb Code    10  task_revolver.o(.text)
    REVOLVER_KeyCtrlTask                     0x08015bf7   Thumb Code    90  task_revolver.o(.text)
    REVOLVER_SelfProtect                     0x08015c51   Thumb Code    22  task_revolver.o(.text)
    REVOLVER_Ctrl                            0x08015c67   Thumb Code   110  task_revolver.o(.text)
    arm_mat_add_f32                          0x08015cd5   Thumb Code   192  arm_mat_add_f32.o(.text)
    arm_mat_init_f32                         0x08015d95   Thumb Code     8  arm_mat_init_f32.o(.text)
    arm_mat_inverse_f32                      0x08015d9d   Thumb Code   778  arm_mat_inverse_f32.o(.text)
    arm_mat_mult_f32                         0x080160ad   Thumb Code   320  arm_mat_mult_f32.o(.text)
    arm_mat_sub_f32                          0x080161f1   Thumb Code   192  arm_mat_sub_f32.o(.text)
    arm_mat_trans_f32                        0x080162b1   Thumb Code   152  arm_mat_trans_f32.o(.text)
    __use_no_semihosting                     0x08016349   Thumb Code     2  use_no_semi_2.o(.text)
    __aeabi_ldivmod                          0x0801634b   Thumb Code     0  llsdiv.o(.text)
    _ll_sdiv                                 0x0801634b   Thumb Code    72  llsdiv.o(.text)
    __2printf                                0x08016395   Thumb Code    20  noretval__2printf.o(.text)
    _printf_pre_padding                      0x080163ad   Thumb Code    44  _printf_pad.o(.text)
    _printf_post_padding                     0x080163d9   Thumb Code    34  _printf_pad.o(.text)
    _printf_int_dec                          0x080163fd   Thumb Code   104  _printf_dec.o(.text)
    _printf_int_hex                          0x08016475   Thumb Code    84  _printf_hex_int.o(.text)
    _printf_longlong_hex                     0x08016475   Thumb Code     0  _printf_hex_int.o(.text)
    __printf                                 0x080164cd   Thumb Code   308  __printf_flags_wp.o(.text)
    memcmp                                   0x08016605   Thumb Code    88  memcmp.o(.text)
    __aeabi_memcpy                           0x0801665d   Thumb Code     0  rt_memcpy_v6.o(.text)
    __rt_memcpy                              0x0801665d   Thumb Code   138  rt_memcpy_v6.o(.text)
    _memcpy_lastbytes                        0x080166c3   Thumb Code     0  rt_memcpy_v6.o(.text)
    __aeabi_memset                           0x080166e7   Thumb Code    16  aeabi_memset.o(.text)
    __aeabi_memclr                           0x080166f7   Thumb Code     0  rt_memclr.o(.text)
    __rt_memclr                              0x080166f7   Thumb Code    68  rt_memclr.o(.text)
    _memset                                  0x080166fb   Thumb Code     0  rt_memclr.o(.text)
    __aeabi_memclr4                          0x0801673b   Thumb Code     0  rt_memclr_w.o(.text)
    __aeabi_memclr8                          0x0801673b   Thumb Code     0  rt_memclr_w.o(.text)
    __rt_memclr_w                            0x0801673b   Thumb Code    78  rt_memclr_w.o(.text)
    _memset_w                                0x0801673f   Thumb Code     0  rt_memclr_w.o(.text)
    __use_two_region_memory                  0x08016789   Thumb Code     2  heapauxi.o(.text)
    __rt_heap_escrow$2region                 0x0801678b   Thumb Code     2  heapauxi.o(.text)
    __rt_heap_expand$2region                 0x0801678d   Thumb Code     2  heapauxi.o(.text)
    __I$use$semihosting                      0x0801678f   Thumb Code     0  use_no_semi.o(.text)
    __use_no_semihosting_swi                 0x0801678f   Thumb Code     2  use_no_semi.o(.text)
    __aeabi_uldivmod                         0x08016791   Thumb Code     0  lludivv7m.o(.text)
    _ll_udiv                                 0x08016791   Thumb Code   238  lludivv7m.o(.text)
    __read_errno                             0x0801687f   Thumb Code    10  _rserrno.o(.text)
    __set_errno                              0x08016889   Thumb Code    12  _rserrno.o(.text)
    _printf_int_common                       0x08016895   Thumb Code   178  _printf_intcommon.o(.text)
    _printf_char_file                        0x08016949   Thumb Code    32  _printf_char_file.o(.text)
    __aeabi_memcpy4                          0x0801696d   Thumb Code     0  rt_memcpy_w.o(.text)
    __aeabi_memcpy8                          0x0801696d   Thumb Code     0  rt_memcpy_w.o(.text)
    __rt_memcpy_w                            0x0801696d   Thumb Code   100  rt_memcpy_w.o(.text)
    _memcpy_lastbytes_aligned                0x080169b5   Thumb Code     0  rt_memcpy_w.o(.text)
    __aeabi_errno_addr                       0x080169d1   Thumb Code     8  rt_errno_addr_intlibspace.o(.text)
    __errno$intlibspace                      0x080169d1   Thumb Code     0  rt_errno_addr_intlibspace.o(.text)
    __rt_errno_addr$intlibspace              0x080169d1   Thumb Code     0  rt_errno_addr_intlibspace.o(.text)
    _printf_char_common                      0x080169e3   Thumb Code    32  _printf_char_common.o(.text)
    ferror                                   0x08016a09   Thumb Code     8  ferror.o(.text)
    __user_libspace                          0x08016a11   Thumb Code     8  libspace.o(.text)
    __user_perproc_libspace                  0x08016a11   Thumb Code     0  libspace.o(.text)
    __user_perthread_libspace                0x08016a11   Thumb Code     0  libspace.o(.text)
    __user_setup_stackheap                   0x08016a19   Thumb Code    74  sys_stackheap_outer.o(.text)
    exit                                     0x08016a63   Thumb Code    12  exit.o(.text)
    __ARM_fpclassify                         0x08016a6f   Thumb Code    48  fpclassify.o(i.__ARM_fpclassify)
    __hardfp_asin                            0x08016aa1   Thumb Code   770  asin.o(i.__hardfp_asin)
    __hardfp_atan                            0x08016e01   Thumb Code   622  atan.o(i.__hardfp_atan)
    __hardfp_atan2                           0x080170d9   Thumb Code   432  atan2.o(i.__hardfp_atan2)
    __hardfp_cos                             0x080172c9   Thumb Code   180  cos.o(i.__hardfp_cos)
    __hardfp_sin                             0x08017391   Thumb Code   180  sin.o(i.__hardfp_sin)
    __hardfp_sqrt                            0x08017459   Thumb Code   122  sqrt.o(i.__hardfp_sqrt)
    __ieee754_rem_pio2                       0x080174d9   Thumb Code   938  rred.o(i.__ieee754_rem_pio2)
    __kernel_cos                             0x08017911   Thumb Code   322  cos_i.o(i.__kernel_cos)
    __kernel_poly                            0x08017a81   Thumb Code   248  poly.o(i.__kernel_poly)
    __kernel_sin                             0x08017b79   Thumb Code   280  sin_i.o(i.__kernel_sin)
    __mathlib_dbl_infnan                     0x08017ca9   Thumb Code    20  dunder.o(i.__mathlib_dbl_infnan)
    __mathlib_dbl_infnan2                    0x08017cbd   Thumb Code    20  dunder.o(i.__mathlib_dbl_infnan2)
    __mathlib_dbl_invalid                    0x08017cd1   Thumb Code    24  dunder.o(i.__mathlib_dbl_invalid)
    __mathlib_dbl_underflow                  0x08017cf1   Thumb Code    24  dunder.o(i.__mathlib_dbl_underflow)
    _is_digit                                0x08017d11   Thumb Code    14  __printf_wp.o(i._is_digit)
    atan                                     0x08017d1f   Thumb Code    16  atan.o(i.atan)
    fabs                                     0x08017d2f   Thumb Code    24  fabs.o(i.fabs)
    sqrt                                     0x08017d47   Thumb Code   110  sqrt.o(i.sqrt)
    __aeabi_dneg                             0x08017db5   Thumb Code     0  basic.o(x$fpl$basic)
    _dneg                                    0x08017db5   Thumb Code     6  basic.o(x$fpl$basic)
    __aeabi_fneg                             0x08017dbb   Thumb Code     0  basic.o(x$fpl$basic)
    _fneg                                    0x08017dbb   Thumb Code     6  basic.o(x$fpl$basic)
    _dabs                                    0x08017dc1   Thumb Code     6  basic.o(x$fpl$basic)
    _fabs                                    0x08017dc7   Thumb Code     6  basic.o(x$fpl$basic)
    __aeabi_d2f                              0x08017dcd   Thumb Code     0  d2f.o(x$fpl$d2f)
    _d2f                                     0x08017dcd   Thumb Code    98  d2f.o(x$fpl$d2f)
    __aeabi_dadd                             0x08017e31   Thumb Code     0  daddsub_clz.o(x$fpl$dadd)
    _dadd                                    0x08017e31   Thumb Code   332  daddsub_clz.o(x$fpl$dadd)
    __aeabi_ddiv                             0x08017f81   Thumb Code     0  ddiv.o(x$fpl$ddiv)
    _ddiv                                    0x08017f81   Thumb Code   552  ddiv.o(x$fpl$ddiv)
    __aeabi_d2iz                             0x08018231   Thumb Code     0  dfix.o(x$fpl$dfix)
    _dfix                                    0x08018231   Thumb Code    94  dfix.o(x$fpl$dfix)
    __aeabi_d2uiz                            0x08018291   Thumb Code     0  dfixu.o(x$fpl$dfixu)
    _dfixu                                   0x08018291   Thumb Code    90  dfixu.o(x$fpl$dfixu)
    __aeabi_i2d                              0x080182eb   Thumb Code     0  dflt_clz.o(x$fpl$dflt)
    _dflt                                    0x080182eb   Thumb Code    46  dflt_clz.o(x$fpl$dflt)
    __aeabi_ui2d                             0x08018319   Thumb Code     0  dflt_clz.o(x$fpl$dfltu)
    _dfltu                                   0x08018319   Thumb Code    38  dflt_clz.o(x$fpl$dfltu)
    __aeabi_dmul                             0x08018341   Thumb Code     0  dmul.o(x$fpl$dmul)
    _dmul                                    0x08018341   Thumb Code   332  dmul.o(x$fpl$dmul)
    __fpl_dnaninf                            0x08018495   Thumb Code   156  dnaninf.o(x$fpl$dnaninf)
    __fpl_dretinf                            0x08018531   Thumb Code    12  dretinf.o(x$fpl$dretinf)
    __aeabi_drsub                            0x0801853d   Thumb Code     0  daddsub_clz.o(x$fpl$drsb)
    _drsb                                    0x0801853d   Thumb Code    22  daddsub_clz.o(x$fpl$drsb)
    _dsqrt                                   0x08018555   Thumb Code   404  dsqrt_umaal.o(x$fpl$dsqrt)
    __aeabi_dsub                             0x080186ed   Thumb Code     0  daddsub_clz.o(x$fpl$dsub)
    _dsub                                    0x080186ed   Thumb Code   464  daddsub_clz.o(x$fpl$dsub)
    __aeabi_f2d                              0x080188c1   Thumb Code     0  f2d.o(x$fpl$f2d)
    _f2d                                     0x080188c1   Thumb Code    86  f2d.o(x$fpl$f2d)
    __fpl_fnaninf                            0x08018917   Thumb Code   140  fnaninf.o(x$fpl$fnaninf)
    _fp_init                                 0x080189a3   Thumb Code    10  fpinit.o(x$fpl$fpinit)
    __fplib_config_fpu_vfp                   0x080189ab   Thumb Code     0  fpinit.o(x$fpl$fpinit)
    __fplib_config_pureend_doubles           0x080189ab   Thumb Code     0  fpinit.o(x$fpl$fpinit)
    __fpl_fretinf                            0x080189ad   Thumb Code    10  fretinf.o(x$fpl$fretinf)
    CRC8_INIT                                0x080189b6   Data           1  crc.o(.constdata)
    __I$use$fp                               0x080189b6   Number         0  usenofp.o(x$fpl$usenofp)
    CRC8_TAB                                 0x080189b7   Data         256  crc.o(.constdata)
    wCRC_Table                               0x08018ab8   Data         512  crc.o(.constdata)
    reg                                      0x08018cb8   Data          27  inv_mpu.o(.constdata)
    hw                                       0x08018cd4   Data          12  inv_mpu.o(.constdata)
    test                                     0x08018ce0   Data          40  inv_mpu.o(.constdata)
    __mathlib_zero                           0x08019a50   Data           8  qnan.o(.constdata)
    Region$$Table$$Base                      0x08019b98   Number         0  anon$$obj.o(Region$$Table)
    Region$$Table$$Limit                     0x08019bb8   Number         0  anon$$obj.o(Region$$Table)
    Judge_Client                             0x20000000   Data          60  judge.o(.data)
    Judge_Interact                           0x2000003c   Data          25  judge.o(.data)
    self_id                                  0x20000056   Data           2  judge.o(.data)
    interactive_data_header                  0x20000058   Data           6  judge.o(.data)
    graphic_delete                           0x2000005e   Data           2  judge.o(.data)
    VisionQueue                              0x20000078   Data          84  vision.o(.data)
    visionYawMathExpect                      0x200000cc   Data           4  vision.o(.data)
    visionYawStdDevia                        0x200000d0   Data           4  vision.o(.data)
    mode                                     0x200000d4   Data           1  vision.o(.data)
    kalman_kYaw_Q                            0x200000d8   Data           4  vision.o(.data)
    kalman_kYaw_R                            0x200000dc   Data           4  vision.o(.data)
    kalman_kPitch_Q                          0x200000e0   Data           4  vision.o(.data)
    kalman_kPitch_R                          0x200000e4   Data           4  vision.o(.data)
    target_speed                             0x200000e8   Data          84  vision.o(.data)
    target_accel                             0x2000013c   Data          84  vision.o(.data)
    test_auto_pid                            0x20000197   Data           1  remote.o(.data)
    pass_flag                                0x200001a4   Data           1  imu.o(.data)
    Magzine                                  0x200001b0   Data           8  magzine.o(.data)
    Friction_Pwm_Output                      0x200001ba   Data          12  friction.o(.data)
    Friction_Pwm_Speed                       0x200001c6   Data          12  friction.o(.data)
    test_fric_off                            0x200001d2   Data           1  friction.o(.data)
    test_speed                               0x200001d4   Data           2  friction.o(.data)
    Ultra                                    0x200001d8   Data           8  ultra.o(.data)
    matrix_value1                            0x200001e0   Data           4  kalman_filter.o(.data)
    matrix_value2                            0x200001e4   Data           4  kalman_filter.o(.data)
    CRC_INIT                                 0x200001e8   Data           2  crc.o(.data)
    MEASURE_DIV_RATE                         0x200001ec   Data           4  supercap.o(.data)
    DISCHARGE_LOWEST_VOL                     0x200001f0   Data           4  supercap.o(.data)
    CHARGE_HIGHEST_VOL                       0x200001f4   Data           4  supercap.o(.data)
    MAX_POWER                                0x200001f8   Data           4  supercap.o(.data)
    SuperCap_Ctrl                            0x200001fc   Data          52  supercap.o(.data)
    SuperCap                                 0x20000230   Data           8  supercap.o(.data)
    StartTask_Handler                        0x20000240   Data           4  init.o(.data)
    now_time                                 0x20000244   Data           4  init.o(.data)
    delta_time                               0x20000248   Data           4  init.o(.data)
    js_201_last_current                      0x20000266   Data           2  can.o(.data)
    js_201_power                             0x20000268   Data           4  can.o(.data)
    test_fric_cali                           0x20000270   Data           1  pwm.o(.data)
    Usart5_Clean_IDLE_Flag                   0x20000274   Data           4  uart5.o(.data)
    Ultra_Buffer                             0x20000278   Data           2  usart3.o(.data)
    SystemCoreClock                          0x20000290   Data           4  system_stm32f4xx.o(.data)
    AHBPrescTable                            0x20000294   Data          16  system_stm32f4xx.o(.data)
    Flag                                     0x200002a4   Data          11  scheduler.o(.data)
    Cnt                                      0x200002b0   Data          16  scheduler.o(.data)
    BitMask                                  0x200002c0   Data           6  scheduler.o(.data)
    System                                   0x200002c6   Data           5  scheduler.o(.data)
    SystemStateTask_Handler                  0x200002cc   Data           4  scheduler.o(.data)
    ChassisTask_Handler                      0x200002d0   Data           4  scheduler.o(.data)
    GimbalTask_Handler                       0x200002d4   Data           4  scheduler.o(.data)
    RevolverTask_Handler                     0x200002d8   Data           4  scheduler.o(.data)
    DutyTask_Handler                         0x200002dc   Data           4  scheduler.o(.data)
    VisionTask_Handler                       0x200002e0   Data           4  scheduler.o(.data)
    ImuTask_Handler                          0x200002e4   Data           4  scheduler.o(.data)
    Semaphore_Usart1_Tx                      0x200002e8   Data           4  scheduler.o(.data)
    sysTickUptime                            0x200002f0   Data           4  delay.o(.data)
    __stdout                                 0x200002f4   Data           4  usart.o(.data)
    pxCurrentTCB                             0x200002f8   Data           4  tasks.o(.data)
    TIME_INC_NORMAL                          0x200003a4   Data           2  task_chassis.o(.data)
    TIME_DEC_NORMAL                          0x200003a6   Data           2  task_chassis.o(.data)
    Chas_Spin_Move_Max                       0x200003a8   Data           4  task_chassis.o(.data)
    Chas_Standard_Move_Max                   0x200003ac   Data           4  task_chassis.o(.data)
    Chas_Top_Spin_Max                        0x200003b0   Data           4  task_chassis.o(.data)
    Chas_Top_Move_Max                        0x200003b4   Data           4  task_chassis.o(.data)
    Chas_Top_Spin_scale                      0x200003b8   Data           4  task_chassis.o(.data)
    Chas_Top_Move_scale                      0x200003bc   Data           4  task_chassis.o(.data)
    time_fron_y                              0x200003c0   Data           2  task_chassis.o(.data)
    time_back_y                              0x200003c2   Data           2  task_chassis.o(.data)
    time_left_x                              0x200003c4   Data           2  task_chassis.o(.data)
    time_righ_x                              0x200003c6   Data           2  task_chassis.o(.data)
    Time_Inc_Normal                          0x200003c8   Data           2  task_chassis.o(.data)
    Time_Inc_Saltation                       0x200003ca   Data           2  task_chassis.o(.data)
    Chas_Slope_Move_Fron                     0x200003cc   Data           4  task_chassis.o(.data)
    Chas_Slope_Move_Back                     0x200003d0   Data           4  task_chassis.o(.data)
    Chas_Slope_Move_Left                     0x200003d4   Data           4  task_chassis.o(.data)
    Chas_Slope_Move_Righ                     0x200003d8   Data           4  task_chassis.o(.data)
    Chas_Slope_Spin_Move                     0x200003dc   Data           4  task_chassis.o(.data)
    kRc_Mech_Chas_Standard                   0x200003e0   Data           4  task_chassis.o(.data)
    kRc_Mech_Chas_Spin                       0x200003e4   Data           4  task_chassis.o(.data)
    kRc_Gyro_Chas_Standard                   0x200003e8   Data           4  task_chassis.o(.data)
    kRc_Gyro_Chas_Spin                       0x200003ec   Data           4  task_chassis.o(.data)
    kKey_Mech_Chas_Standard                  0x200003f0   Data           4  task_chassis.o(.data)
    kKey_Mech_Chas_Spin                      0x200003f4   Data           4  task_chassis.o(.data)
    kKey_Gyro_Chas_Standard                  0x200003f8   Data           4  task_chassis.o(.data)
    kKey_Gyro_Chas_Spin                      0x200003fc   Data           4  task_chassis.o(.data)
    k_Gyro_Chas_Top                          0x20000400   Data           4  task_chassis.o(.data)
    k_Gyro_Chas_Twist                        0x20000404   Data           4  task_chassis.o(.data)
    Chas_Top_Gyro_Step                       0x20000408   Data           4  task_chassis.o(.data)
    Chas_Top_Gyro_Period                     0x2000040c   Data           2  task_chassis.o(.data)
    Chas_Twist_Step                          0x20000410   Data           4  task_chassis.o(.data)
    speed_target_203                         0x20000414   Data           4  task_chassis.o(.data)
    speed_feedback_203                       0x20000418   Data           4  task_chassis.o(.data)
    angle_target_203                         0x2000041c   Data           4  task_chassis.o(.data)
    angle_feedback_203                       0x20000420   Data           4  task_chassis.o(.data)
    js_201_out                               0x20000424   Data           4  task_chassis.o(.data)
    Chassis_PID                              0x20000428   Data         464  task_chassis.o(.data)
    Chassis_Z_PID                            0x200005f8   Data          68  task_chassis.o(.data)
    Chas_Locate_PID                          0x2000063c   Data         168  task_chassis.o(.data)
    Chassis                                  0x200006e4   Data          16  task_chassis.o(.data)
    hChassis                                 0x200006f4   Data         652  task_chassis.o(.data)
    chas_stuck_cnt                           0x20000980   Data           2  task_chassis.o(.data)
    chas_stuck_flag                          0x20000982   Data           1  task_chassis.o(.data)
    js_rotate_speed                          0x20000984   Data           4  task_chassis.o(.data)
    js_pos_y                                 0x20000990   Data           4  task_chassis.o(.data)
    js_pos_x                                 0x20000994   Data           4  task_chassis.o(.data)
    js_rad_z                                 0x20000998   Data           4  task_chassis.o(.data)
    js_agl_z                                 0x2000099c   Data           4  task_chassis.o(.data)
    js_v_x                                   0x200009a0   Data           4  task_chassis.o(.data)
    js_v_y                                   0x200009a4   Data           4  task_chassis.o(.data)
    js_w_z                                   0x200009a8   Data           4  task_chassis.o(.data)
    delta_angle                              0x200009b0   Data           4  task_chassis.o(.data)
    top_gyro_dir                             0x200009b4   Data           1  task_chassis.o(.data)
    twist_dir                                0x200009b5   Data           1  task_chassis.o(.data)
    key_ramp_way                             0x200009b6   Data           1  task_chassis.o(.data)
    rotate_ratio_fr                          0x200009b8   Data           4  task_chassis.o(.data)
    rotate_ratio_fl                          0x200009bc   Data           4  task_chassis.o(.data)
    rotate_ratio_bl                          0x200009c0   Data           4  task_chassis.o(.data)
    rotate_ratio_br                          0x200009c4   Data           4  task_chassis.o(.data)
    wheel_ratio_rpm                          0x200009c8   Data           4  task_chassis.o(.data)
    tar_angle_sum_y                          0x200009cc   Data           4  task_chassis.o(.data)
    ramp_angle_y                             0x200009d0   Data           4  task_chassis.o(.data)
    GIMBAL_ANGLE_PID_IOUT_MAX                0x200009f8   Data           4  task_gimbal.o(.data)
    GIMBAL_ANGLE_PID_OUT_MAX                 0x200009fc   Data           4  task_gimbal.o(.data)
    GIMBAL_SPEED_PID_IOUT_MAX                0x20000a00   Data           4  task_gimbal.o(.data)
    GIMBAL_SPEED_PID_OUT_MAX                 0x20000a04   Data           4  task_gimbal.o(.data)
    yaw_kalman_filter_para                   0x20000a08   Data         180  task_gimbal.o(.data)
    pitch_kalman_filter_para                 0x20000abc   Data         180  task_gimbal.o(.data)
    GIMBAL_BUFF_PITCH_COMPENSATION           0x20000b70   Data           4  task_gimbal.o(.data)
    GIMBAL_BUFF_YAW_COMPENSATION             0x20000b74   Data           4  task_gimbal.o(.data)
    GIMBAL_BUFF_YAW_RAMP                     0x20000b78   Data           4  task_gimbal.o(.data)
    GIMBAL_BUFF_PITCH_RAMP                   0x20000b7c   Data           4  task_gimbal.o(.data)
    Mobi_Pre_Yaw                             0x20000b80   Data           1  task_gimbal.o(.data)
    Mobi_Pre_Yaw_Fire                        0x20000b81   Data           1  task_gimbal.o(.data)
    start_gyro_yaw                           0x20000b84   Data           4  task_gimbal.o(.data)
    now_gyro_yaw                             0x20000b88   Data           4  task_gimbal.o(.data)
    last_gyro_yaw                            0x20000b8c   Data           4  task_gimbal.o(.data)
    delta_gyro_yaw                           0x20000b90   Data           4  task_gimbal.o(.data)
    k_level                                  0x20000b94   Data           4  task_gimbal.o(.data)
    Gimbal_PID                               0x20000b98   Data         496  task_gimbal.o(.data)
    Gimbal                                   0x20000d88   Data         260  task_gimbal.o(.data)
    LostQueue                                0x20000e8c   Data          84  task_gimbal.o(.data)
    auto_yaw_angle_kp                        0x20000ee0   Data           4  task_gimbal.o(.data)
    auto_yaw_speed_kp                        0x20000ee4   Data           4  task_gimbal.o(.data)
    auto_yaw_speed_ki                        0x20000ee8   Data           4  task_gimbal.o(.data)
    auto_pitch_angle_kp                      0x20000eec   Data           4  task_gimbal.o(.data)
    auto_pitch_speed_kp                      0x20000ef0   Data           4  task_gimbal.o(.data)
    auto_pitch_speed_ki                      0x20000ef4   Data           4  task_gimbal.o(.data)
    buff_yaw_angle_kp                        0x20000ef8   Data           4  task_gimbal.o(.data)
    buff_yaw_speed_kp                        0x20000efc   Data           4  task_gimbal.o(.data)
    buff_yaw_speed_ki                        0x20000f00   Data           4  task_gimbal.o(.data)
    buff_pitch_angle_kp                      0x20000f04   Data           4  task_gimbal.o(.data)
    buff_pitch_speed_kp                      0x20000f08   Data           4  task_gimbal.o(.data)
    buff_pitch_speed_ki                      0x20000f0c   Data           4  task_gimbal.o(.data)
    normal_mech_yaw_angle_kp                 0x20000f10   Data           4  task_gimbal.o(.data)
    normal_mech_yaw_speed_kp                 0x20000f14   Data           4  task_gimbal.o(.data)
    normal_mech_yaw_speed_ki                 0x20000f18   Data           4  task_gimbal.o(.data)
    normal_gyro_yaw_angle_kp                 0x20000f1c   Data           4  task_gimbal.o(.data)
    normal_gyro_yaw_speed_kp                 0x20000f20   Data           4  task_gimbal.o(.data)
    normal_gyro_yaw_speed_ki                 0x20000f24   Data           4  task_gimbal.o(.data)
    normal_pitch_angle_kp                    0x20000f28   Data           4  task_gimbal.o(.data)
    normal_pitch_speed_kp                    0x20000f2c   Data           4  task_gimbal.o(.data)
    normal_pitch_speed_ki                    0x20000f30   Data           4  task_gimbal.o(.data)
    js_gimbal_yaw_speed_feedback             0x20000f34   Data           4  task_gimbal.o(.data)
    js_gimbal_yaw_speed_target               0x20000f38   Data           4  task_gimbal.o(.data)
    js_gimbal_yaw_speed_out                  0x20000f3c   Data           4  task_gimbal.o(.data)
    js_gimbal_pitch_speed_feedback           0x20000f40   Data           4  task_gimbal.o(.data)
    js_gimbal_pitch_speed_target             0x20000f44   Data           4  task_gimbal.o(.data)
    js_gimbal_pitch_speed_out                0x20000f48   Data           4  task_gimbal.o(.data)
    js_gimbal_speed_feedback                 0x20000f4c   Data           4  task_gimbal.o(.data)
    js_gimbal_yaw_angle_feedback             0x20000f50   Data           4  task_gimbal.o(.data)
    js_gimbal_yaw_angle_target               0x20000f54   Data           4  task_gimbal.o(.data)
    js_gimbal_pitch_angle_feedback           0x20000f58   Data           4  task_gimbal.o(.data)
    js_gimbal_pitch_angle_target             0x20000f5c   Data           4  task_gimbal.o(.data)
    js_gimbal_yaw_angle_erro                 0x20000f60   Data           4  task_gimbal.o(.data)
    js_gimbal_pitch_angle_erro               0x20000f64   Data           4  task_gimbal.o(.data)
    k_Auto_Yaw_R                             0x20000f68   Data           4  task_gimbal.o(.data)
    k_Auto_Pitch_R                           0x20000f6c   Data           4  task_gimbal.o(.data)
    k_visionYaw_Q                            0x20000f70   Data           4  task_gimbal.o(.data)
    k_visionYaw_R                            0x20000f74   Data           4  task_gimbal.o(.data)
    k_cloudYaw_Q                             0x20000f78   Data           4  task_gimbal.o(.data)
    k_cloudYaw_R                             0x20000f7c   Data           4  task_gimbal.o(.data)
    k_targetYaw_Q                            0x20000f80   Data           4  task_gimbal.o(.data)
    k_targetYaw_R                            0x20000f84   Data           4  task_gimbal.o(.data)
    k_speedYaw_Q                             0x20000f88   Data           4  task_gimbal.o(.data)
    k_speedYaw_R                             0x20000f8c   Data           4  task_gimbal.o(.data)
    k_dist_Q                                 0x20000f90   Data           4  task_gimbal.o(.data)
    k_dist_R                                 0x20000f94   Data           4  task_gimbal.o(.data)
    k_accel_Q                                0x20000f98   Data           4  task_gimbal.o(.data)
    k_accel_R                                0x20000f9c   Data           4  task_gimbal.o(.data)
    debug_pix_yaw                            0x20000fa0   Data           4  task_gimbal.o(.data)
    debug_pix_pitch                          0x20000fa4   Data           4  task_gimbal.o(.data)
    debug_pix_yaw_ready                      0x20000fa8   Data           4  task_gimbal.o(.data)
    debug_pix_pitch_ready                    0x20000fac   Data           4  task_gimbal.o(.data)
    js_targetYaw                             0x20000fb0   Data           4  task_gimbal.o(.data)
    js_targetPitch                           0x20000fb4   Data           4  task_gimbal.o(.data)
    pitch                                    0x20000fb8   Data           4  task_gimbal.o(.data)
    yaw                                      0x20000fbc   Data           4  task_gimbal.o(.data)
    rateYaw                                  0x20000fc0   Data           4  task_gimbal.o(.data)
    ratePitch                                0x20000fc4   Data           4  task_gimbal.o(.data)
    GIMBAL_AUTO_YAW_COMPENSATION             0x20000fc8   Data           4  task_gimbal.o(.data)
    GIMBAL_AUTO_PITCH_COMPENSATION           0x20000fcc   Data           4  task_gimbal.o(.data)
    auto_yaw_ramp                            0x20000fd0   Data           4  task_gimbal.o(.data)
    auto_pitch_ramp                          0x20000fd4   Data           4  task_gimbal.o(.data)
    yaw_kf_result                            0x20000fd8   Data           4  task_gimbal.o(.data)
    pitch_kf_result                          0x20000fdc   Data           4  task_gimbal.o(.data)
    yaw_angle_speed                          0x20000fe0   Data           4  task_gimbal.o(.data)
    pitch_angle_speed                        0x20000fe4   Data           4  task_gimbal.o(.data)
    yaw_angle_predict                        0x20000fe8   Data           4  task_gimbal.o(.data)
    pitch_angle_predict                      0x20000fec   Data           4  task_gimbal.o(.data)
    yaw_predict_k                            0x20000ff0   Data           4  task_gimbal.o(.data)
    pitch_predict_k                          0x20000ff4   Data           4  task_gimbal.o(.data)
    auto_predict_start_delay                 0x20000ff8   Data           4  task_gimbal.o(.data)
    auto_predict_start_delay_boundary        0x20000ffc   Data           4  task_gimbal.o(.data)
    auto_yaw_predict_max                     0x20001000   Data           4  task_gimbal.o(.data)
    auto_pitch_predict_max                   0x20001004   Data           4  task_gimbal.o(.data)
    auto_yaw_speed_predict_low               0x20001008   Data           4  task_gimbal.o(.data)
    auto_yaw_speed_predict_high              0x2000100c   Data           4  task_gimbal.o(.data)
    auto_pitch_speed_predict_low             0x20001010   Data           4  task_gimbal.o(.data)
    auto_pitch_speed_predict_high            0x20001014   Data           4  task_gimbal.o(.data)
    auto_yaw_angle_predict_limit             0x20001018   Data           4  task_gimbal.o(.data)
    auto_yaw_angle_predict_ramp              0x2000101c   Data           4  task_gimbal.o(.data)
    auto_pitch_angle_predict_limit           0x20001020   Data           4  task_gimbal.o(.data)
    js_yaw_angle                             0x20001024   Data           4  task_gimbal.o(.data)
    js_yaw_speed                             0x20001028   Data           4  task_gimbal.o(.data)
    js_pitch_angle                           0x2000102c   Data           4  task_gimbal.o(.data)
    js_pitch_speed                           0x20001030   Data           4  task_gimbal.o(.data)
    visionYawAngleRaw                        0x20001034   Data           4  task_gimbal.o(.data)
    cloudYawAngleRaw                         0x20001038   Data           4  task_gimbal.o(.data)
    targetYawAngleRaw                        0x2000103c   Data           4  task_gimbal.o(.data)
    targetYawSpeedRaw                        0x20001040   Data           4  task_gimbal.o(.data)
    visionYawAngleKF                         0x20001044   Data           4  task_gimbal.o(.data)
    cloudYawAngleKF                          0x20001048   Data           4  task_gimbal.o(.data)
    targetYawAngleKF                         0x2000104c   Data           4  task_gimbal.o(.data)
    targetYawSpeedKF                         0x20001050   Data           4  task_gimbal.o(.data)
    deathzoom                                0x20001054   Data           4  task_gimbal.o(.data)
    ksc                                      0x20001058   Data           4  task_gimbal.o(.data)
    use_zx                                   0x2000105c   Data           4  task_gimbal.o(.data)
    queue_num                                0x20001060   Data           1  task_gimbal.o(.data)
    lost_num                                 0x20001061   Data           1  task_gimbal.o(.data)
    kDis                                     0x20001064   Data           4  task_gimbal.o(.data)
    kPitch                                   0x20001068   Data           4  task_gimbal.o(.data)
    distance                                 0x2000106c   Data           4  task_gimbal.o(.data)
    dis_temp                                 0x20001070   Data           4  task_gimbal.o(.data)
    distance_death                           0x20001074   Data           4  task_gimbal.o(.data)
    dis_compensation                         0x20001078   Data           4  task_gimbal.o(.data)
    pitch_compensation                       0x2000107c   Data           4  task_gimbal.o(.data)
    test_ramp_step                           0x20001080   Data           1  task_gimbal.o(.data)
    step                                     0x20001084   Data           4  task_gimbal.o(.data)
    step_cnt                                 0x20001088   Data           1  task_gimbal.o(.data)
    step_death                               0x2000108c   Data           4  task_gimbal.o(.data)
    mobpre_yaw_boundary                      0x20001090   Data           4  task_gimbal.o(.data)
    stoppre_yaw_boundary                     0x20001094   Data           4  task_gimbal.o(.data)
    mobpre_yaw_left_delay                    0x20001098   Data           2  task_gimbal.o(.data)
    mobpre_yaw_right_delay                   0x2000109a   Data           2  task_gimbal.o(.data)
    mobpre_yaw_stop_delay                    0x2000109c   Data           2  task_gimbal.o(.data)
    vision_truly_lost                        0x2000109e   Data           1  task_gimbal.o(.data)
    kLost                                    0x200010a0   Data           4  task_gimbal.o(.data)
    last_distance                            0x200010a4   Data           4  task_gimbal.o(.data)
    last_speed                               0x200010a8   Data           4  task_gimbal.o(.data)
    lost_compensation                        0x200010ac   Data           4  task_gimbal.o(.data)
    RAMP_MAX_CNT                             0x200010b0   Data           1  task_gimbal.o(.data)
    ACTIVE_MAX_CNT                           0x200010b1   Data           1  task_gimbal.o(.data)
    PREDICT_DELAY_CNT                        0x200010b2   Data           1  task_gimbal.o(.data)
    LOST_MAX_CNT                             0x200010b3   Data           1  task_gimbal.o(.data)
    cloud_yaw_raw                            0x200010b4   Data           4  task_gimbal.o(.data)
    cloud_yaw_kf                             0x200010b8   Data           4  task_gimbal.o(.data)
    cloud_degree                             0x200010bc   Data           4  task_gimbal.o(.data)
    vision_yaw                               0x200010c0   Data           4  task_gimbal.o(.data)
    vision_degree                            0x200010c4   Data           4  task_gimbal.o(.data)
    vision_yaw_raw                           0x200010c8   Data           4  task_gimbal.o(.data)
    update_cloud_yaw                         0x200010cc   Data           4  task_gimbal.o(.data)
    vision_yaw_kf                            0x200010d0   Data           4  task_gimbal.o(.data)
    vision_dis_raw                           0x200010d4   Data           4  task_gimbal.o(.data)
    vision_dis_kf                            0x200010d8   Data           4  task_gimbal.o(.data)
    target_yaw_raw                           0x200010dc   Data           4  task_gimbal.o(.data)
    k_scale_vision                           0x200010e0   Data           4  task_gimbal.o(.data)
    target_yaw_kf                            0x200010e4   Data           4  task_gimbal.o(.data)
    now_cal_yaw                              0x200010e8   Data           4  task_gimbal.o(.data)
    target_speed_raw                         0x200010ec   Data           4  task_gimbal.o(.data)
    target_degree                            0x200010f0   Data           4  task_gimbal.o(.data)
    queue_speed_length                       0x200010f4   Data           1  task_gimbal.o(.data)
    queue_accel_length                       0x200010f5   Data           1  task_gimbal.o(.data)
    k_speed                                  0x200010f8   Data           4  task_gimbal.o(.data)
    target_speed_kf                          0x200010fc   Data           4  task_gimbal.o(.data)
    target_accel_raw                         0x20001100   Data           4  task_gimbal.o(.data)
    target_accel_kf                          0x20001104   Data           4  task_gimbal.o(.data)
    predict_angle_raw                        0x20001108   Data           4  task_gimbal.o(.data)
    predict_angle_degree                     0x2000110c   Data           4  task_gimbal.o(.data)
    k_ff                                     0x20001110   Data           4  task_gimbal.o(.data)
    feedforward_angle                        0x20001114   Data           4  task_gimbal.o(.data)
    k_pre                                    0x20001118   Data           4  task_gimbal.o(.data)
    predict_angle                            0x2000111c   Data           4  task_gimbal.o(.data)
    use_ff                                   0x20001120   Data           1  task_gimbal.o(.data)
    predict_ramp_cnt                         0x20001121   Data           1  task_gimbal.o(.data)
    vision_online_flag                       0x20001122   Data           1  task_gimbal.o(.data)
    vision_update_fps                        0x20001124   Data           2  task_gimbal.o(.data)
    predict_delay                            0x20001126   Data           2  task_gimbal.o(.data)
    buff_yaw_ramp                            0x20001128   Data           4  task_gimbal.o(.data)
    buff_pitch_ramp                          0x2000112c   Data           4  task_gimbal.o(.data)
    test_yaw_pid                             0x20001130   Data           1  task_gimbal.o(.data)
    test_pitch_pid                           0x20001131   Data           1  task_gimbal.o(.data)
    test_yaw_speed_max_target                0x20001134   Data           4  task_gimbal.o(.data)
    test_pitch_speed_max_target              0x20001138   Data           4  task_gimbal.o(.data)
    CAN1_Queue                               0x2000119c   Data           4  task_timing_report.o(.data)
    CAN2_Queue                               0x200011a0   Data           4  task_timing_report.o(.data)
    CAN1_Timer_Handle                        0x200011a4   Data           4  task_timing_report.o(.data)
    CAN2_Timer_Handle                        0x200011a8   Data           4  task_timing_report.o(.data)
    Revolver_PID                             0x200011ac   Data         120  task_revolver.o(.data)
    Revolver                                 0x20001224   Data          60  task_revolver.o(.data)
    REVO_HEAT_LIMIT                          0x20001260   Data           6  task_revolver.o(.data)
    test_buff_bullet                         0x2000126a   Data           1  task_revolver.o(.data)
    first_into_armor_4                       0x2000126c   Data           4  task_revolver.o(.data)
    respond_into_armor_4                     0x20001270   Data           4  task_revolver.o(.data)
    js_shoot_num                             0x20001274   Data           2  task_revolver.o(.data)
    Judge                                    0x200012a4   Data         138  judge.o(.bss)
    txClientBuf                              0x2000132e   Data          30  judge.o(.bss)
    txInteractBuf                            0x2000134c   Data          25  judge.o(.bss)
    send_interactive_buff                    0x20001365   Data          10  judge.o(.bss)
    receive_interactive_buff                 0x2000136f   Data          10  judge.o(.bss)
    Vision_Tx_Buffer                         0x2000137c   Data          50  vision.o(.bss)
    Vision                                   0x200013b0   Data          60  vision.o(.bss)
    Gimbal_Gyro_Auto_kalmanError             0x200013ec   Data          96  vision.o(.bss)
    Remote                                   0x2000147c   Data          22  remote.o(.bss)
    Friction                                 0x20001492   Data          10  friction.o(.bss)
    SuperCap_Info                            0x2000149c   Data          24  supercap.o(.bss)
    g_Chassis_Motor_Info                     0x200014b4   Data          64  can.o(.bss)
    g_Gimbal_Motor_Info                      0x200014f4   Data          32  can.o(.bss)
    g_Revolver_Motor_Info                    0x20001514   Data          16  can.o(.bss)
    Judge_Buffer                             0x20001524   Data         200  uart5.o(.bss)
    Vision_Buffer                            0x200015ec   Data         100  uart4.o(.bss)
    Usart1_Buffer_Rx                         0x20001650   Data          20  usart1.o(.bss)
    Usart1_Buffer_Tx                         0x20001664   Data         256  usart1.o(.bss)
    Mpu_Info                                 0x20001764   Data          44  scheduler.o(.bss)
    xQueueRegistry                           0x20001790   Data          64  queue.o(.bss)
    Chassis_Kalman_Error                     0x200144d0   Data          48  task_chassis.o(.bss)
    Chas_Target_Speed                        0x20014500   Data          16  task_chassis.o(.bss)
    ulDetectTime                             0x2001451c   Data          12  task_chassis.o(.bss)
    Gimbal_kalmanError                       0x20014534   Data         192  task_gimbal.o(.bss)
    Mpu_kalmanError                          0x200145f4   Data          96  task_gimbal.o(.bss)
    Gimbal_Auto_kalmanError                  0x20014654   Data          96  task_gimbal.o(.bss)
    kalman_visionYaw                         0x200146b4   Data          48  task_gimbal.o(.bss)
    kalman_cloudYaw                          0x200146e4   Data          48  task_gimbal.o(.bss)
    kalman_targetYaw                         0x20014714   Data          48  task_gimbal.o(.bss)
    kalman_speedYaw                          0x20014744   Data          48  task_gimbal.o(.bss)
    kalman_dist                              0x20014774   Data          48  task_gimbal.o(.bss)
    kalman_accel                             0x200147a4   Data          48  task_gimbal.o(.bss)
    yaw_kalman_filter                        0x200147d4   Data         108  task_gimbal.o(.bss)
    pitch_kalman_filter                      0x20014840   Data         108  task_gimbal.o(.bss)
    BUFF_PITCH_MODIFY_TABLE                  0x200148ac   Data          44  task_gimbal.o(.bss)
    yaw_angle_speed_struct                   0x200148d8   Data          28  task_gimbal.o(.bss)
    pitch_angle_speed_struct                 0x200148f4   Data          28  task_gimbal.o(.bss)
    __libspace_start                         0x20014910   Data          96  libspace.o(.bss)
    __temporary_stack_top$libspace           0x20014970   Data           0  libspace.o(.bss)



==============================================================================

Memory Map of the image

  Image Entry point : 0x08000189

  Load Region LR_IROM1 (Base: 0x08000000, Size: 0x0001ae5c, Max: 0x00080000, ABSOLUTE, COMPRESSED[0x00019e70])

    Execution Region ER_IROM1 (Base: 0x08000000, Size: 0x00019bb8, Max: 0x00080000, ABSOLUTE)

    Base Addr    Size         Type   Attr      Idx    E Section Name        Object

    0x08000000   0x00000188   Data   RO         1114    RESET               startup_stm32f40xx.o
    0x08000188   0x00000008   Code   RO         2291  * !!!main             c_w.l(__main.o)
    0x08000190   0x00000034   Code   RO         2645    !!!scatter          c_w.l(__scatter.o)
    0x080001c4   0x0000005a   Code   RO         2643    !!dczerorl2         c_w.l(__dczerorl2.o)
    0x0800021e   0x00000002   PAD
    0x08000220   0x0000001c   Code   RO         2647    !!handler_zi        c_w.l(__scatter_zi.o)
    0x0800023c   0x00000000   Code   RO         2276    .ARM.Collect$$_printf_percent$$00000000  c_w.l(_printf_percent.o)
    0x0800023c   0x00000006   Code   RO         2275    .ARM.Collect$$_printf_percent$$00000009  c_w.l(_printf_d.o)
    0x08000242   0x00000006   Code   RO         2274    .ARM.Collect$$_printf_percent$$0000000C  c_w.l(_printf_x.o)
    0x08000248   0x00000004   Code   RO         2394    .ARM.Collect$$_printf_percent$$00000017  c_w.l(_printf_percent_end.o)
    0x0800024c   0x00000002   Code   RO         2517    .ARM.Collect$$libinit$$00000000  c_w.l(libinit.o)
    0x0800024e   0x00000004   Code   RO         2524    .ARM.Collect$$libinit$$00000001  c_w.l(libinit2.o)
    0x08000252   0x00000000   Code   RO         2527    .ARM.Collect$$libinit$$00000004  c_w.l(libinit2.o)
    0x08000252   0x00000000   Code   RO         2530    .ARM.Collect$$libinit$$0000000A  c_w.l(libinit2.o)
    0x08000252   0x00000000   Code   RO         2532    .ARM.Collect$$libinit$$0000000C  c_w.l(libinit2.o)
    0x08000252   0x00000000   Code   RO         2534    .ARM.Collect$$libinit$$0000000E  c_w.l(libinit2.o)
    0x08000252   0x00000000   Code   RO         2537    .ARM.Collect$$libinit$$00000011  c_w.l(libinit2.o)
    0x08000252   0x00000000   Code   RO         2539    .ARM.Collect$$libinit$$00000013  c_w.l(libinit2.o)
    0x08000252   0x00000000   Code   RO         2541    .ARM.Collect$$libinit$$00000015  c_w.l(libinit2.o)
    0x08000252   0x00000000   Code   RO         2543    .ARM.Collect$$libinit$$00000017  c_w.l(libinit2.o)
    0x08000252   0x00000000   Code   RO         2545    .ARM.Collect$$libinit$$00000019  c_w.l(libinit2.o)
    0x08000252   0x00000000   Code   RO         2547    .ARM.Collect$$libinit$$0000001B  c_w.l(libinit2.o)
    0x08000252   0x00000000   Code   RO         2549    .ARM.Collect$$libinit$$0000001D  c_w.l(libinit2.o)
    0x08000252   0x00000000   Code   RO         2551    .ARM.Collect$$libinit$$0000001F  c_w.l(libinit2.o)
    0x08000252   0x00000000   Code   RO         2553    .ARM.Collect$$libinit$$00000021  c_w.l(libinit2.o)
    0x08000252   0x00000000   Code   RO         2555    .ARM.Collect$$libinit$$00000023  c_w.l(libinit2.o)
    0x08000252   0x00000000   Code   RO         2557    .ARM.Collect$$libinit$$00000025  c_w.l(libinit2.o)
    0x08000252   0x00000000   Code   RO         2561    .ARM.Collect$$libinit$$0000002C  c_w.l(libinit2.o)
    0x08000252   0x00000000   Code   RO         2563    .ARM.Collect$$libinit$$0000002E  c_w.l(libinit2.o)
    0x08000252   0x00000000   Code   RO         2565    .ARM.Collect$$libinit$$00000030  c_w.l(libinit2.o)
    0x08000252   0x00000000   Code   RO         2567    .ARM.Collect$$libinit$$00000032  c_w.l(libinit2.o)
    0x08000252   0x00000002   Code   RO         2568    .ARM.Collect$$libinit$$00000033  c_w.l(libinit2.o)
    0x08000254   0x00000002   Code   RO         2596    .ARM.Collect$$libshutdown$$00000000  c_w.l(libshutdown.o)
    0x08000256   0x00000000   Code   RO         2611    .ARM.Collect$$libshutdown$$00000003  c_w.l(libshutdown2.o)
    0x08000256   0x00000000   Code   RO         2614    .ARM.Collect$$libshutdown$$00000006  c_w.l(libshutdown2.o)
    0x08000256   0x00000000   Code   RO         2617    .ARM.Collect$$libshutdown$$00000009  c_w.l(libshutdown2.o)
    0x08000256   0x00000000   Code   RO         2619    .ARM.Collect$$libshutdown$$0000000B  c_w.l(libshutdown2.o)
    0x08000256   0x00000000   Code   RO         2622    .ARM.Collect$$libshutdown$$0000000E  c_w.l(libshutdown2.o)
    0x08000256   0x00000002   Code   RO         2623    .ARM.Collect$$libshutdown$$0000000F  c_w.l(libshutdown2.o)
    0x08000258   0x00000000   Code   RO         2385    .ARM.Collect$$rtentry$$00000000  c_w.l(__rtentry.o)
    0x08000258   0x00000000   Code   RO         2468    .ARM.Collect$$rtentry$$00000002  c_w.l(__rtentry2.o)
    0x08000258   0x00000006   Code   RO         2480    .ARM.Collect$$rtentry$$00000004  c_w.l(__rtentry4.o)
    0x0800025e   0x00000000   Code   RO         2470    .ARM.Collect$$rtentry$$00000009  c_w.l(__rtentry2.o)
    0x0800025e   0x00000004   Code   RO         2471    .ARM.Collect$$rtentry$$0000000A  c_w.l(__rtentry2.o)
    0x08000262   0x00000000   Code   RO         2473    .ARM.Collect$$rtentry$$0000000C  c_w.l(__rtentry2.o)
    0x08000262   0x00000008   Code   RO         2474    .ARM.Collect$$rtentry$$0000000D  c_w.l(__rtentry2.o)
    0x0800026a   0x00000002   Code   RO         2518    .ARM.Collect$$rtexit$$00000000  c_w.l(rtexit.o)
    0x0800026c   0x00000000   Code   RO         2570    .ARM.Collect$$rtexit$$00000002  c_w.l(rtexit2.o)
    0x0800026c   0x00000004   Code   RO         2571    .ARM.Collect$$rtexit$$00000003  c_w.l(rtexit2.o)
    0x08000270   0x00000006   Code   RO         2572    .ARM.Collect$$rtexit$$00000004  c_w.l(rtexit2.o)
    0x08000276   0x00000002   PAD
    0x08000278   0x000000be   Code   RO         1676    .emb_text           port.o
    0x08000336   0x00000002   PAD
    0x08000338   0x00000b98   Code   RO            4    .text               judge.o
    0x08000ed0   0x00000888   Code   RO          204    .text               vision.o
    0x08001758   0x00000008   Code   RO          249    .text               main.o
    0x08001760   0x00000014   Code   RO          322    .text               stm32f4xx_it.o
    0x08001774   0x0000083c   Code   RO          340    .text               remote.o
    0x08001fb0   0x00000120   Code   RO          378    .text               imu.o
    0x080020d0   0x00000260   Code   RO          414    .text               magzine.o
    0x08002330   0x00000394   Code   RO          444    .text               friction.o
    0x080026c4   0x000002fc   Code   RO          475    .text               ultra.o
    0x080029c0   0x000000c4   Code   RO          502    .text               kalman.o
    0x08002a84   0x00000258   Code   RO          517    .text               kalman_filter.o
    0x08002cdc   0x00000118   Code   RO          550    .text               crc.o
    0x08002df4   0x00000414   Code   RO          603    .text               supercap.o
    0x08003208   0x00000058   Code   RO          637    .text               led.o
    0x08003260   0x00000048   Code   RO          661    .text               exti.o
    0x080032a8   0x00000088   Code   RO          687    .text               init.o
    0x08003330   0x000007b4   Code   RO          714    .text               can.o
    0x08003ae4   0x00000230   Code   RO          745    .text               pwm.o
    0x08003d14   0x000001c4   Code   RO          772    .text               uart5.o
    0x08003ed8   0x00000040   Code   RO          803    .text               laser.o
    0x08003f18   0x000001b8   Code   RO          827    .text               uart4.o
    0x080040d0   0x00000240   Code   RO          854    .text               usart3.o
    0x08004310   0x000002b8   Code   RO          910    .text               usart1.o
    0x080045c8   0x0000007e   Code   RO          942    .text               rng.o
    0x08004646   0x00000002   PAD
    0x08004648   0x000000e0   Code   RO          969    .text               adda.o
    0x08004728   0x000000e0   Code   RO          993    .text               misc.o
    0x08004808   0x00000294   Code   RO         1017    .text               stm32f4xx_gpio.o
    0x08004a9c   0x00000634   Code   RO         1041    .text               stm32f4xx_rcc.o
    0x080050d0   0x00000ca2   Code   RO         1067    .text               stm32f4xx_tim.o
    0x08005d72   0x00000002   PAD
    0x08005d74   0x00000454   Code   RO         1091    .text               stm32f4xx_usart.o
    0x080061c8   0x00000040   Code   RO         1115    .text               startup_stm32f40xx.o
    0x08006208   0x00000210   Code   RO         1122    .text               system_stm32f4xx.o
    0x08006418   0x000009f0   Code   RO         1149    .text               stm32f4xx_can.o
    0x08006e08   0x000003a8   Code   RO         1173    .text               stm32f4xx_dma.o
    0x080071b0   0x00000464   Code   RO         1269    .text               stm32f4xx_adc.o
    0x08007614   0x000000a0   Code   RO         1317    .text               stm32f4xx_rng.o
    0x080076b4   0x00000210   Code   RO         1341    .text               stm32f4xx_dac.o
    0x080078c4   0x0000030c   Code   RO         1366    .text               sys.o
    0x08007bd0   0x000001e4   Code   RO         1393    .text               scheduler.o
    0x08007db4   0x00000130   Code   RO         1452    .text               delay.o
    0x08007ee4   0x00000006   Code   RO         1479    .text               usart.o
    0x08007eea   0x00000094   Code   RO         1555    .text               list.o
    0x08007f7e   0x00000002   PAD
    0x08007f80   0x00000f18   Code   RO         1570    .text               queue.o
    0x08008e98   0x00001938   Code   RO         1609    .text               tasks.o
    0x0800a7d0   0x00000698   Code   RO         1631    .text               timers.o
    0x0800ae68   0x0000029c   Code   RO         1661    .text               heap_4.o
    0x0800b104   0x00000340   Code   RO         1677    .text               port.o
    0x0800b444   0x00000258   Code   RO         1709    .text               myiic.o
    0x0800b69c   0x000022cc   Code   RO         1736    .text               inv_mpu.o
    0x0800d968   0x00000d90   Code   RO         1792    .text               inv_mpu_dmp_motion_driver.o
    0x0800e6f8   0x00000384   Code   RO         1825    .text               mpu6050.o
    0x0800ea7c   0x00003024   Code   RO         1879    .text               task_chassis.o
    0x08011aa0   0x00003488   Code   RO         1910    .text               task_gimbal.o
    0x08014f28   0x00000108   Code   RO         1941    .text               task_timing_report.o
    0x08015030   0x00000ca4   Code   RO         1971    .text               task_revolver.o
    0x08015cd4   0x000000c0   Code   RO         2001    .text               arm_mat_add_f32.o
    0x08015d94   0x00000008   Code   RO         2052    .text               arm_mat_init_f32.o
    0x08015d9c   0x00000310   Code   RO         2076    .text               arm_mat_inverse_f32.o
    0x080160ac   0x00000144   Code   RO         2124    .text               arm_mat_mult_f32.o
    0x080161f0   0x000000c0   Code   RO         2172    .text               arm_mat_sub_f32.o
    0x080162b0   0x00000098   Code   RO         2196    .text               arm_mat_trans_f32.o
    0x08016348   0x00000002   Code   RO         2219    .text               c_w.l(use_no_semi_2.o)
    0x0801634a   0x00000048   Code   RO         2221    .text               c_w.l(llsdiv.o)
    0x08016392   0x00000002   PAD
    0x08016394   0x00000018   Code   RO         2225    .text               c_w.l(noretval__2printf.o)
    0x080163ac   0x0000004e   Code   RO         2229    .text               c_w.l(_printf_pad.o)
    0x080163fa   0x00000002   PAD
    0x080163fc   0x00000078   Code   RO         2231    .text               c_w.l(_printf_dec.o)
    0x08016474   0x00000058   Code   RO         2236    .text               c_w.l(_printf_hex_int.o)
    0x080164cc   0x00000138   Code   RO         2266    .text               c_w.l(__printf_flags_wp.o)
    0x08016604   0x00000058   Code   RO         2277    .text               c_w.l(memcmp.o)
    0x0801665c   0x0000008a   Code   RO         2279    .text               c_w.l(rt_memcpy_v6.o)
    0x080166e6   0x00000010   Code   RO         2283    .text               c_w.l(aeabi_memset.o)
    0x080166f6   0x00000044   Code   RO         2285    .text               c_w.l(rt_memclr.o)
    0x0801673a   0x0000004e   Code   RO         2287    .text               c_w.l(rt_memclr_w.o)
    0x08016788   0x00000006   Code   RO         2289    .text               c_w.l(heapauxi.o)
    0x0801678e   0x00000002   Code   RO         2383    .text               c_w.l(use_no_semi.o)
    0x08016790   0x000000ee   Code   RO         2386    .text               c_w.l(lludivv7m.o)
    0x0801687e   0x00000016   Code   RO         2388    .text               c_w.l(_rserrno.o)
    0x08016894   0x000000b2   Code   RO         2390    .text               c_w.l(_printf_intcommon.o)
    0x08016946   0x00000002   PAD
    0x08016948   0x00000024   Code   RO         2392    .text               c_w.l(_printf_char_file.o)
    0x0801696c   0x00000064   Code   RO         2395    .text               c_w.l(rt_memcpy_w.o)
    0x080169d0   0x00000008   Code   RO         2489    .text               c_w.l(rt_errno_addr_intlibspace.o)
    0x080169d8   0x00000030   Code   RO         2491    .text               c_w.l(_printf_char_common.o)
    0x08016a08   0x00000008   Code   RO         2493    .text               c_w.l(ferror.o)
    0x08016a10   0x00000008   Code   RO         2501    .text               c_w.l(libspace.o)
    0x08016a18   0x0000004a   Code   RO         2504    .text               c_w.l(sys_stackheap_outer.o)
    0x08016a62   0x0000000c   Code   RO         2510    .text               c_w.l(exit.o)
    0x08016a6e   0x00000030   Code   RO         2451    i.__ARM_fpclassify  m_wm.l(fpclassify.o)
    0x08016a9e   0x00000002   PAD
    0x08016aa0   0x00000360   Code   RO         2321    i.__hardfp_asin     m_wm.l(asin.o)
    0x08016e00   0x000002d8   Code   RO         2414    i.__hardfp_atan     m_wm.l(atan.o)
    0x080170d8   0x000001f0   Code   RO         2335    i.__hardfp_atan2    m_wm.l(atan2.o)
    0x080172c8   0x000000c8   Code   RO         2347    i.__hardfp_cos      m_wm.l(cos.o)
    0x08017390   0x000000c8   Code   RO         2359    i.__hardfp_sin      m_wm.l(sin.o)
    0x08017458   0x0000007a   Code   RO         2371    i.__hardfp_sqrt     m_wm.l(sqrt.o)
    0x080174d2   0x00000006   PAD
    0x080174d8   0x00000438   Code   RO         2456    i.__ieee754_rem_pio2  m_wm.l(rred.o)
    0x08017910   0x00000170   Code   RO         2428    i.__kernel_cos      m_wm.l(cos_i.o)
    0x08017a80   0x000000f8   Code   RO         2453    i.__kernel_poly     m_wm.l(poly.o)
    0x08017b78   0x00000130   Code   RO         2461    i.__kernel_sin      m_wm.l(sin_i.o)
    0x08017ca8   0x00000014   Code   RO         2432    i.__mathlib_dbl_infnan  m_wm.l(dunder.o)
    0x08017cbc   0x00000014   Code   RO         2433    i.__mathlib_dbl_infnan2  m_wm.l(dunder.o)
    0x08017cd0   0x00000020   Code   RO         2434    i.__mathlib_dbl_invalid  m_wm.l(dunder.o)
    0x08017cf0   0x00000020   Code   RO         2437    i.__mathlib_dbl_underflow  m_wm.l(dunder.o)
    0x08017d10   0x0000000e   Code   RO         2264    i._is_digit         c_w.l(__printf_wp.o)
    0x08017d1e   0x00000010   Code   RO         2416    i.atan              m_wm.l(atan.o)
    0x08017d2e   0x00000018   Code   RO         2447    i.fabs              m_wm.l(fabs.o)
    0x08017d46   0x0000006e   Code   RO         2373    i.sqrt              m_wm.l(sqrt.o)
    0x08017db4   0x00000018   Code   RO         2397    x$fpl$basic         fz_wm.l(basic.o)
    0x08017dcc   0x00000062   Code   RO         2293    x$fpl$d2f           fz_wm.l(d2f.o)
    0x08017e2e   0x00000002   PAD
    0x08017e30   0x00000150   Code   RO         2295    x$fpl$dadd          fz_wm.l(daddsub_clz.o)
    0x08017f80   0x000002b0   Code   RO         2302    x$fpl$ddiv          fz_wm.l(ddiv.o)
    0x08018230   0x0000005e   Code   RO         2497    x$fpl$dfix          fz_wm.l(dfix.o)
    0x0801828e   0x00000002   PAD
    0x08018290   0x0000005a   Code   RO         2307    x$fpl$dfixu         fz_wm.l(dfixu.o)
    0x080182ea   0x0000002e   Code   RO         2312    x$fpl$dflt          fz_wm.l(dflt_clz.o)
    0x08018318   0x00000026   Code   RO         2311    x$fpl$dfltu         fz_wm.l(dflt_clz.o)
    0x0801833e   0x00000002   PAD
    0x08018340   0x00000154   Code   RO         2317    x$fpl$dmul          fz_wm.l(dmul.o)
    0x08018494   0x0000009c   Code   RO         2403    x$fpl$dnaninf       fz_wm.l(dnaninf.o)
    0x08018530   0x0000000c   Code   RO         2405    x$fpl$dretinf       fz_wm.l(dretinf.o)
    0x0801853c   0x00000016   Code   RO         2296    x$fpl$drsb          fz_wm.l(daddsub_clz.o)
    0x08018552   0x00000002   PAD
    0x08018554   0x00000198   Code   RO         2407    x$fpl$dsqrt         fz_wm.l(dsqrt_umaal.o)
    0x080186ec   0x000001d4   Code   RO         2297    x$fpl$dsub          fz_wm.l(daddsub_clz.o)
    0x080188c0   0x00000056   Code   RO         2319    x$fpl$f2d           fz_wm.l(f2d.o)
    0x08018916   0x0000008c   Code   RO         2409    x$fpl$fnaninf       fz_wm.l(fnaninf.o)
    0x080189a2   0x0000000a   Code   RO         2584    x$fpl$fpinit        fz_wm.l(fpinit.o)
    0x080189ac   0x0000000a   Code   RO         2411    x$fpl$fretinf       fz_wm.l(fretinf.o)
    0x080189b6   0x00000000   Code   RO         2413    x$fpl$usenofp       fz_wm.l(usenofp.o)
    0x080189b6   0x00000302   Data   RO          551    .constdata          crc.o
    0x08018cb8   0x00000050   Data   RO         1737    .constdata          inv_mpu.o
    0x08018d08   0x00000bf6   Data   RO         1794    .constdata          inv_mpu_dmp_motion_driver.o
    0x080198fe   0x00000028   Data   RO         2237    .constdata          c_w.l(_printf_hex_int.o)
    0x08019926   0x00000011   Data   RO         2267    .constdata          c_w.l(__printf_flags_wp.o)
    0x08019937   0x00000001   PAD
    0x08019938   0x00000050   Data   RO         2324    .constdata          m_wm.l(asin.o)
    0x08019988   0x00000098   Data   RO         2417    .constdata          m_wm.l(atan.o)
    0x08019a20   0x00000030   Data   RO         2429    .constdata          m_wm.l(cos_i.o)
    0x08019a50   0x00000008   Data   RO         2455    .constdata          m_wm.l(qnan.o)
    0x08019a58   0x000000c8   Data   RO         2458    .constdata          m_wm.l(rred.o)
    0x08019b20   0x00000028   Data   RO         2462    .constdata          m_wm.l(sin_i.o)
    0x08019b48   0x0000004d   Data   RO         1738    .conststring        inv_mpu.o
    0x08019b95   0x00000003   PAD
    0x08019b98   0x00000020   Data   RO         2641    Region$$Table       anon$$obj.o


    Execution Region RW_IRAM1 (Base: 0x20000000, Size: 0x00014f70, Max: 0x00020000, ABSOLUTE, COMPRESSED[0x000002b8])

    Base Addr    Size         Type   Attr      Idx    E Section Name        Object

    0x20000000   0x00000075   Data   RW            6    .data               judge.o
    0x20000075   0x00000003   PAD
    0x20000078   0x00000118   Data   RW          206    .data               vision.o
    0x20000190   0x00000014   Data   RW          342    .data               remote.o
    0x200001a4   0x0000000c   Data   RW          379    .data               imu.o
    0x200001b0   0x0000000a   Data   RW          415    .data               magzine.o
    0x200001ba   0x0000001c   Data   RW          446    .data               friction.o
    0x200001d6   0x00000002   PAD
    0x200001d8   0x00000008   Data   RW          476    .data               ultra.o
    0x200001e0   0x00000008   Data   RW          518    .data               kalman_filter.o
    0x200001e8   0x00000002   Data   RW          552    .data               crc.o
    0x200001ea   0x00000002   PAD
    0x200001ec   0x0000004c   Data   RW          605    .data               supercap.o
    0x20000238   0x00000008   Data   RW          662    .data               exti.o
    0x20000240   0x0000000c   Data   RW          688    .data               init.o
    0x2000024c   0x00000024   Data   RW          716    .data               can.o
    0x20000270   0x00000001   Data   RW          746    .data               pwm.o
    0x20000271   0x00000003   PAD
    0x20000274   0x00000004   Data   RW          774    .data               uart5.o
    0x20000278   0x00000002   Data   RW          855    .data               usart3.o
    0x2000027a   0x00000003   Data   RW          912    .data               usart1.o
    0x2000027d   0x00000010   Data   RW         1042    .data               stm32f4xx_rcc.o
    0x2000028d   0x00000003   PAD
    0x20000290   0x00000014   Data   RW         1123    .data               system_stm32f4xx.o
    0x200002a4   0x00000048   Data   RW         1395    .data               scheduler.o
    0x200002ec   0x00000008   Data   RW         1453    .data               delay.o
    0x200002f4   0x00000004   Data   RW         1480    .data               usart.o
    0x200002f8   0x0000003c   Data   RW         1611    .data               tasks.o
    0x20000334   0x00000014   Data   RW         1633    .data               timers.o
    0x20000348   0x00000018   Data   RW         1663    .data               heap_4.o
    0x20000360   0x0000000c   Data   RW         1678    .data               port.o
    0x2000036c   0x00000035   Data   RW         1739    .data               inv_mpu.o
    0x200003a1   0x00000003   PAD
    0x200003a4   0x00000654   Data   RW         1881    .data               task_chassis.o
    0x200009f8   0x000007a4   Data   RW         1912    .data               task_gimbal.o
    0x2000119c   0x00000010   Data   RW         1942    .data               task_timing_report.o
    0x200011ac   0x000000f8   Data   RW         1972    .data               task_revolver.o
    0x200012a4   0x000000d5   Zero   RW            5    .bss                judge.o
    0x20001379   0x00000003   PAD
    0x2000137c   0x000000d0   Zero   RW          205    .bss                vision.o
    0x2000144c   0x00000046   Zero   RW          341    .bss                remote.o
    0x20001492   0x0000000a   Zero   RW          445    .bss                friction.o
    0x2000149c   0x00000018   Zero   RW          604    .bss                supercap.o
    0x200014b4   0x00000070   Zero   RW          715    .bss                can.o
    0x20001524   0x000000c8   Zero   RW          773    .bss                uart5.o
    0x200015ec   0x00000064   Zero   RW          828    .bss                uart4.o
    0x20001650   0x00000114   Zero   RW          911    .bss                usart1.o
    0x20001764   0x0000002c   Zero   RW         1394    .bss                scheduler.o
    0x20001790   0x00000040   Zero   RW         1571    .bss                queue.o
    0x200017d0   0x000000c8   Zero   RW         1610    .bss                tasks.o
    0x20001898   0x00000028   Zero   RW         1632    .bss                timers.o
    0x200018c0   0x00012c00   Zero   RW         1662    .bss                heap_4.o
    0x200144c0   0x00000010   Zero   RW         1793    .bss                inv_mpu_dmp_motion_driver.o
    0x200144d0   0x00000064   Zero   RW         1880    .bss                task_chassis.o
    0x20014534   0x000003dc   Zero   RW         1911    .bss                task_gimbal.o
    0x20014910   0x00000060   Zero   RW         2502    .bss                c_w.l(libspace.o)
    0x20014970   0x00000200   Zero   RW         1113    HEAP                startup_stm32f40xx.o
    0x20014b70   0x00000400   Zero   RW         1112    STACK               startup_stm32f40xx.o


==============================================================================

Image component sizes


      Code (inc. data)   RO Data    RW Data    ZI Data      Debug   Object Name

       224         12          0          0          0       1106   adda.o
       192          0          0          0          0       1362   arm_mat_add_f32.o
         8          0          0          0          0        995   arm_mat_init_f32.o
       784          6          0          0          0       2606   arm_mat_inverse_f32.o
       324          4          0          0          0       1587   arm_mat_mult_f32.o
       192          0          0          0          0       1362   arm_mat_sub_f32.o
       152          0          0          0          0       1268   arm_mat_trans_f32.o
      1972        100          0         36        112       5811   can.o
       280         12        770          2          0       2908   crc.o
       304         18          0          8          0       2427   delay.o
         0          0          0          0          0       9680   event_groups.o
        72          4          0          8          0       1927   exti.o
       916         46          0         28         10       5615   friction.o
       668         24          0         24      76800       3780   heap_4.o
       288         26          0         12          0       1128   imu.o
       136         22          0         12          0       1067   init.o
      8908        224        157         53          0      23901   inv_mpu.o
      3472        142       3062          0         16      15199   inv_mpu_dmp_motion_driver.o
      2968         86          0        117        213     364378   judge.o
       196          4          0          0          0       1112   kalman.o
       600         10          0          8          0      16330   kalman_filter.o
        64          8          0          0          0        537   laser.o
        88         14          0          0          0        539   led.o
       148          0          0          0          0       1974   list.o
       608         22          0         10          0       4450   magzine.o
         8          0          0          0          0       1315   main.o
       224         20          0          0          0       1881   misc.o
       900         22          0          0          0       4199   mpu6050.o
       600         12          0          0          0       1908   myiic.o
      1022         52          0         12          0       9003   port.o
       560         20          0          1          0       1978   pwm.o
      3864         20          0          0         64      20688   queue.o
      2108         98          0         20         70       9811   remote.o
       126          0          0          0          0       1005   rng.o
       484         80          0         72         44       5208   scheduler.o
        64         26        392          0       1536        876   startup_stm32f40xx.o
      1124         24          0          0          0      10558   stm32f4xx_adc.o
      2544         38          0          0          0       8032   stm32f4xx_can.o
       528          6          0          0          0       5073   stm32f4xx_dac.o
       936         32          0          0          0       6357   stm32f4xx_dma.o
       660         44          0          0          0       4157   stm32f4xx_gpio.o
        20          0          0          0          0        983   stm32f4xx_it.o
      1588         52          0         16          0      12818   stm32f4xx_rcc.o
       160          4          0          0          0       1820   stm32f4xx_rng.o
      3234         60          0          0          0      22364   stm32f4xx_tim.o
      1108         34          0          0          0       7860   stm32f4xx_usart.o
      1044         94          0         76         24      10041   supercap.o
       780          4          0          0          0       2980   sys.o
       528         46          0         20          0       1951   system_stm32f4xx.o
     12324        844          0       1620        100      22699   task_chassis.o
     13448       1484          0       1956        988      27443   task_gimbal.o
      3236        200          0        248          0      11601   task_revolver.o
       264         48          0         16          0       1448   task_timing_report.o
      6456        340          0         60        200      29403   tasks.o
      1688         68          0         20         40      20178   timers.o
       440         18          0          0        100       2161   uart4.o
       452         26          0          4        200       2215   uart5.o
       764         20          0          8          0       4552   ultra.o
         6          0          0          4          0       2488   usart.o
       696         28          0          3        276       5361   usart1.o
       576         24          0          2          0       2155   usart3.o
      2184        106          0        280        208      18604   vision.o

    ----------------------------------------------------------------------
     90320       4778       4416       4772      81004     776223   Object Totals
         0          0         32          0          0          0   (incl. Generated)
         8          0          3         16          3          0   (incl. Padding)

    ----------------------------------------------------------------------

      Code (inc. data)   RO Data    RW Data    ZI Data      Debug   Library Member Name

        90          0          0          0          0          0   __dczerorl2.o
         8          0          0          0          0         68   __main.o
       312          4         17          0          0         92   __printf_flags_wp.o
        14          0          0          0          0         68   __printf_wp.o
         0          0          0          0          0          0   __rtentry.o
        12          0          0          0          0          0   __rtentry2.o
         6          0          0          0          0          0   __rtentry4.o
        52          8          0          0          0          0   __scatter.o
        28          0          0          0          0          0   __scatter_zi.o
        48          6          0          0          0         96   _printf_char_common.o
        36          4          0          0          0         80   _printf_char_file.o
         6          0          0          0          0          0   _printf_d.o
       120         16          0          0          0         92   _printf_dec.o
        88          4         40          0          0         88   _printf_hex_int.o
       178          0          0          0          0         88   _printf_intcommon.o
        78          0          0          0          0        108   _printf_pad.o
         0          0          0          0          0          0   _printf_percent.o
         4          0          0          0          0          0   _printf_percent_end.o
         6          0          0          0          0          0   _printf_x.o
        22          0          0          0          0        100   _rserrno.o
        16          0          0          0          0         68   aeabi_memset.o
        12          0          0          0          0         72   exit.o
         8          0          0          0          0         68   ferror.o
         6          0          0          0          0        152   heapauxi.o
         2          0          0          0          0          0   libinit.o
         6          0          0          0          0          0   libinit2.o
         2          0          0          0          0          0   libshutdown.o
         2          0          0          0          0          0   libshutdown2.o
         8          4          0          0         96         68   libspace.o
        72          0          0          0          0         76   llsdiv.o
       238          0          0          0          0        100   lludivv7m.o
        88          0          0          0          0         76   memcmp.o
        24          4          0          0          0         84   noretval__2printf.o
         8          4          0          0          0         68   rt_errno_addr_intlibspace.o
        68          0          0          0          0         68   rt_memclr.o
        78          0          0          0          0         80   rt_memclr_w.o
       138          0          0          0          0         68   rt_memcpy_v6.o
       100          0          0          0          0         80   rt_memcpy_w.o
         2          0          0          0          0          0   rtexit.o
        10          0          0          0          0          0   rtexit2.o
        74          0          0          0          0         80   sys_stackheap_outer.o
         2          0          0          0          0         68   use_no_semi.o
         2          0          0          0          0         68   use_no_semi_2.o
        24          0          0          0          0        164   basic.o
        98          4          0          0          0        140   d2f.o
       826         16          0          0          0        492   daddsub_clz.o
       688        140          0          0          0        256   ddiv.o
        94          4          0          0          0        140   dfix.o
        90          4          0          0          0        140   dfixu.o
        84          0          0          0          0        232   dflt_clz.o
       340         12          0          0          0        152   dmul.o
       156          4          0          0          0        140   dnaninf.o
        12          0          0          0          0        116   dretinf.o
       408         56          0          0          0        168   dsqrt_umaal.o
        86          4          0          0          0        132   f2d.o
       140          4          0          0          0        132   fnaninf.o
        10          0          0          0          0        116   fpinit.o
        10          0          0          0          0        116   fretinf.o
         0          0          0          0          0          0   usenofp.o
       864         94         80          0          0        280   asin.o
       744        106        152          0          0        352   atan.o
       496         64          0          0          0        192   atan2.o
       200         20          0          0          0        164   cos.o
       368         46         48          0          0        200   cos_i.o
       104         16          0          0          0        496   dunder.o
        24          0          0          0          0        124   fabs.o
        48          0          0          0          0        124   fpclassify.o
       248          0          0          0          0        152   poly.o
         0          0          8          0          0          0   qnan.o
      1080        142        200          0          0        188   rred.o
       200         20          0          0          0        164   sin.o
       304         24         40          0          0        208   sin_i.o
       232          0          0          0          0        296   sqrt.o

    ----------------------------------------------------------------------
     10078        834        586          0         96       7800   Library Totals
        26          0          1          0          0          0   (incl. Padding)

    ----------------------------------------------------------------------

      Code (inc. data)   RO Data    RW Data    ZI Data      Debug   Library Name

      2074         54         57          0         96       2224   c_w.l
      3066        248          0          0          0       2636   fz_wm.l
      4912        532        528          0          0       2940   m_wm.l

    ----------------------------------------------------------------------
     10078        834        586          0         96       7800   Library Totals

    ----------------------------------------------------------------------

==============================================================================


      Code (inc. data)   RO Data    RW Data    ZI Data      Debug   

    100398       5612       5002       4772      81100     763027   Grand Totals
    100398       5612       5002        696      81100     763027   ELF Image Totals (compressed)
    100398       5612       5002        696          0          0   ROM Totals

==============================================================================

    Total RO  Size (Code + RO Data)               105400 ( 102.93kB)
    Total RW  Size (RW Data + ZI Data)             85872 (  83.86kB)
    Total ROM Size (Code + RO Data + RW Data)     106096 ( 103.61kB)

==============================================================================

