Component: ARM Compiler 5.05 update 1 (build 106) Tool: armlink [4d0efa]

==============================================================================

Section Cross References

    judge.o(.text) refers to crc.o(.text) for Verify_CRC8_Check_Sum
    judge.o(.text) refers to rt_memcpy_v6.o(.text) for __aeabi_memcpy
    judge.o(.text) refers to task_revolver.o(.text) for REVOLVER_addShootCount
    judge.o(.text) refers to tasks.o(.text) for xTaskGetTickCount
    judge.o(.text) refers to judge.o(.bss) for Judge_Info
    judge.o(.text) refers to judge.o(.data) for Shoot_Speed_Now
    vision.o(.text) refers to crc.o(.text) for Verify_CRC8_Check_Sum
    vision.o(.text) refers to rt_memcpy_v6.o(.text) for __aeabi_memcpy
    vision.o(.text) refers to tasks.o(.text) for xTaskGetTickCount
    vision.o(.text) refers to uart4.o(.text) for UART4_sendChar
    vision.o(.text) refers to rt_memclr_w.o(.text) for __aeabi_memclr4
    vision.o(.text) refers to kalman.o(.text) for KalmanCreate
    vision.o(.text) refers to vision.o(.bss) for Vision
    vision.o(.text) refers to vision.o(.data) for kalman_kYaw_R
    vision.o(.text) refers to remote.o(.data) for RC_Ctl_Info
    vision.o(.text) refers to rt_memclr.o(.text) for __aeabi_memclr
    vision.o(.text) refers to judge.o(.bss) for Judge_Info
    vision.o(.text) refers to scheduler.o(.bss) for Flag
    main.o(.text) refers to init.o(.text) for All_Init
    remote.o(.text) refers to stm32f4xx_rcc.o(.text) for RCC_AHB1PeriphClockCmd
    remote.o(.text) refers to stm32f4xx_gpio.o(.text) for GPIO_PinAFConfig
    remote.o(.text) refers to stm32f4xx_usart.o(.text) for USART_Init
    remote.o(.text) refers to stm32f4xx_dma.o(.text) for DMA_DeInit
    remote.o(.text) refers to exti.o(.text) for NVICx_init
    remote.o(.text) refers to remote.o(.bss) for sbus_rx_buffer
    remote.o(.text) refers to scheduler.o(.bss) for Flag
    remote.o(.text) refers to scheduler.o(.data) for Cnt
    remote.o(.text) refers to remote.o(.data) for sbus_rx_len
    remote.o(.text) refers to task_gimbal.o(.text) for GIMBAL_rcMech_To_keyGyro
    remote.o(.text) refers to task_gimbal.o(.data) for Gimbal
    friction.o(.text) refers to pwm.o(.text) for FRICTION_pwmOut
    friction.o(.text) refers to delay.o(.text) for delay_ms
    friction.o(.text) refers to task_gimbal.o(.text) for GIMBAL_ifAimSentry
    friction.o(.text) refers to friction.o(.data) for Friction_Pwm_Output
    friction.o(.text) refers to scheduler.o(.data) for BitMask
    friction.o(.text) refers to remote.o(.data) for RC_Ctl_Info
    friction.o(.text) refers to scheduler.o(.bss) for Flag
    magzine.o(.text) refers to pwm.o(.text) for MAGZINE_pwmOut
    magzine.o(.text) refers to magzine.o(.data) for Magzine
    magzine.o(.text) refers to remote.o(.data) for RC_Ctl_Info
    magzine.o(.text) refers to scheduler.o(.bss) for Flag
    crc.o(.text) refers to crc.o(.constdata) for CRC8_TAB
    crc.o(.text) refers to crc.o(.data) for CRC_INIT
    kalman_filter.o(.text) refers to arm_mat_init_f32.o(.text) for arm_mat_init_f32
    kalman_filter.o(.text) refers to arm_mat_trans_f32.o(.text) for arm_mat_trans_f32
    kalman_filter.o(.text) refers to arm_mat_mult_f32.o(.text) for arm_mat_mult_f32
    kalman_filter.o(.text) refers to arm_mat_add_f32.o(.text) for arm_mat_add_f32
    kalman_filter.o(.text) refers to arm_mat_inverse_f32.o(.text) for arm_mat_inverse_f32
    kalman_filter.o(.text) refers to arm_mat_sub_f32.o(.text) for arm_mat_sub_f32
    kalman_filter.o(.text) refers to kalman_filter.o(.data) for matrix_value1
    ultra.o(.text) refers to usart3.o(.text) for USART3_sendChar
    ultra.o(.text) refers to delay.o(.text) for delay_us
    led.o(.text) refers to stm32f4xx_rcc.o(.text) for RCC_AHB1PeriphClockCmd
    led.o(.text) refers to stm32f4xx_gpio.o(.text) for GPIO_Init
    exti.o(.text) refers to misc.o(.text) for NVIC_Init
    exti.o(.text) refers to exti.o(.data) for EXTI_DefaultParams
    init.o(.text) refers to stm32f4xx_rcc.o(.text) for RCC_GetClocksFreq
    init.o(.text) refers to misc.o(.text) for NVIC_PriorityGroupConfig
    init.o(.text) refers to delay.o(.text) for Delay_init
    init.o(.text) refers to led.o(.text) for LED_init
    init.o(.text) refers to laser.o(.text) for LASER_init
    init.o(.text) refers to remote.o(.text) for REMOTE_init
    init.o(.text) refers to usart3.o(.text) for USART3_init
    init.o(.text) refers to uart4.o(.text) for UART4_init
    init.o(.text) refers to uart5.o(.text) for UART5_init
    init.o(.text) refers to can.o(.text) for CAN1_init
    init.o(.text) refers to pwm.o(.text) for TIM1_init
    init.o(.text) refers to mpu6050.o(.text) for MPU_Init
    init.o(.text) refers to tasks.o(.text) for xTaskGetTickCount
    init.o(.text) refers to inv_mpu.o(.text) for mpu_dmp_init
    init.o(.text) refers to task_timing_report.o(.text) for Timer_Send_Create
    init.o(.text) refers to init.o(.data) for ulCurrentTime
    init.o(.text) refers to scheduler.o(.text) for start_task
[...]
    vTaskNotifyGiveFromISR                   0x0800847d   Thumb Code   214  tasks.o(.text)
    xTaskNotifyStateClear                    0x08008553   Thumb Code    48  tasks.o(.text)
    xTimerGenericCommand                     0x080085f1   Thumb Code   126  timers.o(.text)
    xTimerCreateTimerTask                    0x080089e5   Thumb Code    66  timers.o(.text)
    xTimerCreate                             0x08008a81   Thumb Code    54  timers.o(.text)
    xTimerGetTimerDaemonTaskHandle           0x08008ab7   Thumb Code    42  timers.o(.text)
    xTimerGetPeriod                          0x08008ae1   Thumb Code    32  timers.o(.text)
    vTimerSetReloadMode                      0x08008b01   Thumb Code    70  timers.o(.text)
    xTimerGetExpiryTime                      0x08008b47   Thumb Code    34  timers.o(.text)
    pcTimerGetName                           0x08008b69   Thumb Code    32  timers.o(.text)
    xTimerIsTimerActive                      0x08008b89   Thumb Code    58  timers.o(.text)
    pvTimerGetTimerID                        0x08008bc3   Thumb Code    44  timers.o(.text)
    vTimerSetTimerID                         0x08008bef   Thumb Code    44  timers.o(.text)
    uxTimerGetTimerNumber                    0x08008c1b   Thumb Code     6  timers.o(.text)
    vTimerSetTimerNumber                     0x08008c21   Thumb Code     4  timers.o(.text)
    pvPortMalloc                             0x08008cfb   Thumb Code   296  heap_4.o(.text)
    vPortFree                                0x08008e23   Thumb Code   140  heap_4.o(.text)
    xPortGetFreeHeapSize                     0x08008eaf   Thumb Code     6  heap_4.o(.text)
    xPortGetMinimumEverFreeHeapSize          0x08008eb5   Thumb Code     6  heap_4.o(.text)
    vPortInitialiseBlocks                    0x08008ebb   Thumb Code     2  heap_4.o(.text)
    pxPortInitialiseStack                    0x08008f11   Thumb Code    38  port.o(.text)
    vPortSetupTimerInterrupt                 0x08008f37   Thumb Code    36  port.o(.text)
    xPortStartScheduler                      0x08008f5b   Thumb Code   330  port.o(.text)
    vPortEndScheduler                        0x080090a5   Thumb Code    42  port.o(.text)
    vPortEnterCritical                       0x080090cf   Thumb Code    78  port.o(.text)
    vPortExitCritical                        0x0800911d   Thumb Code    56  port.o(.text)
    xPortSysTickHandler                      0x08009155   Thumb Code    48  port.o(.text)
    vPortValidateInterruptPriority           0x08009185   Thumb Code   108  port.o(.text)
    IIC_Init                                 0x08009215   Thumb Code    60  myiic.o(.text)
    IIC_Start                                0x08009251   Thumb Code    68  myiic.o(.text)
    IIC_Stop                                 0x08009295   Thumb Code    62  myiic.o(.text)
    IIC_Wait_Ack                             0x080092d3   Thumb Code    82  myiic.o(.text)
    IIC_Ack                                  0x08009325   Thumb Code    66  myiic.o(.text)
    IIC_NAck                                 0x08009367   Thumb Code    66  myiic.o(.text)
    IIC_Send_Byte                            0x080093a9   Thumb Code    90  myiic.o(.text)
    IIC_Read_Byte                            0x08009403   Thumb Code    94  myiic.o(.text)
    MPU_Write_Byte                           0x0800946d   Thumb Code    68  mpu6050.o(.text)
    MPU_Set_LPF                              0x080094b1   Thumb Code    58  mpu6050.o(.text)
    MPU_Set_Rate                             0x080094eb   Thumb Code    58  mpu6050.o(.text)
    MPU_Read_Byte                            0x08009525   Thumb Code    58  mpu6050.o(.text)
    MPU_Set_Accel_Fsr                        0x0800955f   Thumb Code    16  mpu6050.o(.text)
    MPU_Set_Gyro_Fsr                         0x0800956f   Thumb Code    16  mpu6050.o(.text)
    MPU_Init                                 0x0800957f   Thumb Code   122  mpu6050.o(.text)
    MPU_Read_Len                             0x080095f9   Thumb Code   116  mpu6050.o(.text)
    MPU_Get_Temperature                      0x0800966d   Thumb Code   110  mpu6050.o(.text)
    MPU_Get_Gyroscope                        0x080096db   Thumb Code    80  mpu6050.o(.text)
    MPU_Get_Accelerometer                    0x0800972b   Thumb Code    80  mpu6050.o(.text)
    MPU_Write_Len                            0x0800977b   Thumb Code    96  mpu6050.o(.text)
    mpu_reg_dump                             0x0800987b   Thumb Code    84  inv_mpu.o(.text)
    mpu_read_reg                             0x080098cf   Thumb Code    66  inv_mpu.o(.text)
    mpu_set_int_latched                      0x08009911   Thumb Code   102  inv_mpu.o(.text)
    mpu_set_sensors                          0x08009977   Thumb Code   202  inv_mpu.o(.text)
    mpu_set_bypass                           0x08009a41   Thumb Code   328  inv_mpu.o(.text)
    mpu_reset_fifo                           0x08009b89   Thumb Code   472  inv_mpu.o(.text)
    mpu_configure_fifo                       0x08009d61   Thumb Code   106  inv_mpu.o(.text)
    mpu_set_lpf                              0x08009dcb   Thumb Code   126  inv_mpu.o(.text)
    mpu_lp_accel_mode                        0x08009e49   Thumb Code   218  inv_mpu.o(.text)
    mpu_set_sample_rate                      0x08009f23   Thumb Code   152  inv_mpu.o(.text)
    mpu_set_accel_fsr                        0x08009fbb   Thumb Code   132  inv_mpu.o(.text)
    mpu_set_gyro_fsr                         0x0800a03f   Thumb Code   132  inv_mpu.o(.text)
    mpu_init                                 0x0800a0c3   Thumb Code   416  inv_mpu.o(.text)
    mget_ms                                  0x0800a263   Thumb Code     2  inv_mpu.o(.text)
    mpu_get_gyro_reg                         0x0800a265   Thumb Code   110  inv_mpu.o(.text)
    mpu_get_accel_reg                        0x0800a2d3   Thumb Code   110  inv_mpu.o(.text)
    mpu_get_temperature                      0x0800a341   Thumb Code   142  inv_mpu.o(.text)
    mpu_set_accel_bias                       0x0800a3cf   Thumb Code   472  inv_mpu.o(.text)
    mpu_get_gyro_fsr                         0x0800a5a7   Thumb Code    64  inv_mpu.o(.text)
    mpu_get_accel_fsr                        0x0800a5e7   Thumb Code    72  inv_mpu.o(.text)
    mpu_get_lpf                              0x0800a62f   Thumb Code    74  inv_mpu.o(.text)
    mpu_get_sample_rate                      0x0800a679   Thumb Code    26  inv_mpu.o(.text)
    mpu_get_compass_sample_rate              0x0800a693   Thumb Code    10  inv_mpu.o(.text)
    mpu_set_compass_sample_rate              0x0800a69d   Thumb Code     8  inv_mpu.o(.text)
    mpu_get_gyro_sens                        0x0800a6a5   Thumb Code    74  inv_mpu.o(.text)
    mpu_get_accel_sens                       0x0800a6ef   Thumb Code    78  inv_mpu.o(.text)
    mpu_get_fifo_config                      0x0800a73d   Thumb Code    12  inv_mpu.o(.text)
    mpu_get_power_state                      0x0800a749   Thumb Code    22  inv_mpu.o(.text)
    mpu_get_int_status                       0x0800a75f   Thumb Code    64  inv_mpu.o(.text)
    mpu_read_fifo                            0x0800a79f   Thumb Code   520  inv_mpu.o(.text)
    mpu_read_fifo_stream                     0x0800a9a7   Thumb Code   186  inv_mpu.o(.text)
    mpu_set_int_level                        0x0800aa61   Thumb Code    12  inv_mpu.o(.text)
    mpu_set_dmp_state                        0x0800b171   Thumb Code   138  inv_mpu.o(.text)
    mpu_run_self_test                        0x0800b1fb   Thumb Code   278  inv_mpu.o(.text)
    mpu_write_mem                            0x0800b311   Thumb Code   122  inv_mpu.o(.text)
    mpu_read_mem                             0x0800b38b   Thumb Code   122  inv_mpu.o(.text)
    mpu_load_firmware                        0x0800b405   Thumb Code   190  inv_mpu.o(.text)
    mpu_get_dmp_state                        0x0800b4c3   Thumb Code    14  inv_mpu.o(.text)
    setup_compass                            0x0800b4d1   Thumb Code     6  inv_mpu.o(.text)
    mpu_get_compass_reg                      0x0800b4d7   Thumb Code     8  inv_mpu.o(.text)
    mpu_get_compass_fsr                      0x0800b4df   Thumb Code     8  inv_mpu.o(.text)
    mpu_lp_motion_interrupt                  0x0800b4e7   Thumb Code   512  inv_mpu.o(.text)
    run_self_test                            0x0800b6e7   Thumb Code   158  inv_mpu.o(.text)
    inv_row_2_scale                          0x0800b785   Thumb Code    78  inv_mpu.o(.text)
    inv_orientation_matrix_to_scalar         0x0800b7d3   Thumb Code    40  inv_mpu.o(.text)
    mpu_dmp_init                             0x0800b7fb   Thumb Code   166  inv_mpu.o(.text)
    mpu_dmp_get_data                         0x0800b8a1   Thumb Code   520  inv_mpu.o(.text)
    dmp_load_motion_driver_firmware          0x0800babd   Thumb Code    20  inv_mpu_dmp_motion_driver.o(.text)
    dmp_set_orientation                      0x0800bad1   Thumb Code   290  inv_mpu_dmp_motion_driver.o(.text)
    dmp_set_gyro_bias                        0x0800bbf3   Thumb Code   294  inv_mpu_dmp_motion_driver.o(.text)
    dmp_set_accel_bias                       0x0800bd19   Thumb Code   300  inv_mpu_dmp_motion_driver.o(.text)
    dmp_set_fifo_rate                        0x0800be45   Thumb Code   136  inv_mpu_dmp_motion_driver.o(.text)
    dmp_get_fifo_rate                        0x0800becd   Thumb Code    12  inv_mpu_dmp_motion_driver.o(.text)
    dmp_set_tap_thresh                       0x0800bed9   Thumb Code   412  inv_mpu_dmp_motion_driver.o(.text)
    dmp_set_tap_axes                         0x0800c075   Thumb Code    70  inv_mpu_dmp_motion_driver.o(.text)
    dmp_set_tap_count                        0x0800c0bb   Thumb Code    38  inv_mpu_dmp_motion_driver.o(.text)
    dmp_set_tap_time                         0x0800c0e1   Thumb Code    38  inv_mpu_dmp_motion_driver.o(.text)
    dmp_set_tap_time_multi                   0x0800c107   Thumb Code    38  inv_mpu_dmp_motion_driver.o(.text)
    dmp_set_shake_reject_thresh              0x0800c12d   Thumb Code    56  inv_mpu_dmp_motion_driver.o(.text)
    dmp_set_shake_reject_time                0x0800c165   Thumb Code    38  inv_mpu_dmp_motion_driver.o(.text)
    dmp_set_shake_reject_timeout             0x0800c18b   Thumb Code    38  inv_mpu_dmp_motion_driver.o(.text)
    dmp_get_pedometer_step_count             0x0800c1b1   Thumb Code    66  inv_mpu_dmp_motion_driver.o(.text)
    dmp_set_pedometer_step_count             0x0800c1f3   Thumb Code    42  inv_mpu_dmp_motion_driver.o(.text)
    dmp_get_pedometer_walk_time              0x0800c21d   Thumb Code    72  inv_mpu_dmp_motion_driver.o(.text)
    dmp_set_pedometer_walk_time              0x0800c265   Thumb Code    48  inv_mpu_dmp_motion_driver.o(.text)
    dmp_enable_6x_lp_quat                    0x0800c295   Thumb Code   100  inv_mpu_dmp_motion_driver.o(.text)
    dmp_enable_lp_quat                       0x0800c2f9   Thumb Code    60  inv_mpu_dmp_motion_driver.o(.text)
    dmp_enable_gyro_cal                      0x0800c335   Thumb Code    62  inv_mpu_dmp_motion_driver.o(.text)
    dmp_enable_feature                       0x0800c373   Thumb Code   530  inv_mpu_dmp_motion_driver.o(.text)
    dmp_get_enabled_features                 0x0800c585   Thumb Code    12  inv_mpu_dmp_motion_driver.o(.text)
    dmp_set_interrupt_mode                   0x0800c5ef   Thumb Code    66  inv_mpu_dmp_motion_driver.o(.text)
    dmp_read_fifo                            0x0800c631   Thumb Code   514  inv_mpu_dmp_motion_driver.o(.text)
    dmp_register_tap_cb                      0x0800c833   Thumb Code    10  inv_mpu_dmp_motion_driver.o(.text)
    dmp_register_android_orient_cb           0x0800c83d   Thumb Code    10  inv_mpu_dmp_motion_driver.o(.text)
    CHASSIS_initParameter                    0x0800c84d   Thumb Code    82  task_chassis.o(.text)
    CHASSIS_PID_ParamsInit                   0x0800c89f   Thumb Code   378  task_chassis.o(.text)
    CHASSIS_getMiddleAngle                   0x0800ca19   Thumb Code    18  task_chassis.o(.text)
    CHASSIS_Z_PID_ParamsInit                 0x0800ca2b   Thumb Code    78  task_chassis.o(.text)
    CHASSIS_kalmanCreate                     0x0800ca79   Thumb Code    18  task_chassis.o(.text)
    CHASSIS_updateMotorSpeed                 0x0800ca8b   Thumb Code    36  task_chassis.o(.text)
    CHASSIS_updateMotorAngle                 0x0800caaf   Thumb Code    32  task_chassis.o(.text)
    CHASSIS_updateMotorCurrent               0x0800cacf   Thumb Code     2  task_chassis.o(.text)
    CHASSIS_stop                             0x0800cad1   Thumb Code    48  task_chassis.o(.text)
    CHASSIS_Speed_pidCalculate               0x0800cb01   Thumb Code  1112  task_chassis.o(.text)
    CHASSIS_Angle_pidCalculate               0x0800cf59   Thumb Code   666  task_chassis.o(.text)
    CHASSIS_ifTopGyroOpen                    0x0800d1f3   Thumb Code    22  task_chassis.o(.text)
    CHASSIS_Z_Angle_pidCalculate             0x0800d209   Thumb Code   378  task_chassis.o(.text)
    CHASSIS_pidOut                           0x0800d383   Thumb Code   160  task_chassis.o(.text)
    CHASSIS_setMode                          0x0800d423   Thumb Code     6  task_chassis.o(.text)
    CHASSIS_MECH_yawTargetBoundaryProcess    0x0800d429   Thumb Code    68  task_chassis.o(.text)
    CHASSIS_ifTwistOpen                      0x0800d46d   Thumb Code    22  task_chassis.o(.text)
    CHASSIS_getInfo                          0x0800d483   Thumb Code   346  task_chassis.o(.text)
    CHASSIS_getMode                          0x0800d5dd   Thumb Code     6  task_chassis.o(.text)
    CHASSIS_getLogic                         0x0800d5e3   Thumb Code     6  task_chassis.o(.text)
    CHASSIS_logicRevert                      0x0800d5e9   Thumb Code    22  task_chassis.o(.text)
    CHASSIS_ifMechMode                       0x0800d5ff   Thumb Code    14  task_chassis.o(.text)
    CHASSIS_ifGyroMode                       0x0800d60d   Thumb Code    14  task_chassis.o(.text)
    CHASSIS_ifNormalMode                     0x0800d61b   Thumb Code    14  task_chassis.o(.text)
    CHASSIS_ifLogicRevert                    0x0800d629   Thumb Code    28  task_chassis.o(.text)
    CHASSIS_omniSpeedCalculate               0x0800d645   Thumb Code   394  task_chassis.o(.text)
    REMOTE_setChassisSpeed                   0x0800d7cf   Thumb Code  1040  task_chassis.o(.text)
    REMOTE_TOP_setChassisSpeed               0x0800dbdf   Thumb Code  1652  task_chassis.o(.text)
    REMOTE_setTopGyro                        0x0800e253   Thumb Code   122  task_chassis.o(.text)
    KEY_rampChassisSpeed                     0x0800e2cd   Thumb Code   206  task_chassis.o(.text)
    KEY_setChassisSpeed                      0x0800e39b   Thumb Code  1560  task_chassis.o(.text)
    KEY_setTopGyro                           0x0800e9b3   Thumb Code    84  task_chassis.o(.text)
    KEY_setTwist                             0x0800ea07   Thumb Code   176  task_chassis.o(.text)
    CHASSIS_init                             0x0800eab7   Thumb Code    12  task_chassis.o(.text)
    CHASSIS_powerLimit                       0x0800eac3   Thumb Code   396  task_chassis.o(.text)
    CHASSIS_twistTargetCalculate             0x0800ec4f   Thumb Code   206  task_chassis.o(.text)
    CHASSIS_normalControl                    0x0800ed1d   Thumb Code    36  task_chassis.o(.text)
    CHASSIS_buffControl                      0x0800ed41   Thumb Code    36  task_chassis.o(.text)
    CHASSIS_pidControlTask                   0x0800ed65   Thumb Code    42  task_chassis.o(.text)
    CHASSIS_rcControlTask                    0x0800ed8f   Thumb Code    12  task_chassis.o(.text)
    CHASSIS_keyControlTask                   0x0800ed9b   Thumb Code    44  task_chassis.o(.text)
    CHASSIS_selfProtect                      0x0800edc7   Thumb Code    24  task_chassis.o(.text)
    CHASSIS_control                          0x0800eddf   Thumb Code    36  task_chassis.o(.text)
    GIMBAL_pidParamsInit                     0x0800ee45   Thumb Code   362  task_gimbal.o(.text)
    GIMBAL_pidParamsSwitch                   0x0800efaf   Thumb Code   772  task_gimbal.o(.text)
    GIMBAL_stop                              0x0800f2b3   Thumb Code    48  task_gimbal.o(.text)
    GIMBAL_Speed_pidCalculate                0x0800f2e3   Thumb Code   762  task_gimbal.o(.text)
    GIMBAL_Angle_pidCalculate                0x0800f5dd   Thumb Code  1074  task_gimbal.o(.text)
    GIMBAL_pidOut                            0x0800fa0f   Thumb Code    94  task_gimbal.o(.text)
    GIMBAL_kalmanCreate                      0x0800fa6d   Thumb Code   228  task_gimbal.o(.text)
    GIMBAL_setMode                           0x0800fb51   Thumb Code     6  task_gimbal.o(.text)
    GIMBAL_getMode                           0x0800fb57   Thumb Code     6  task_gimbal.o(.text)
    GIMBAL_getMiddleAngle                    0x0800fb5d   Thumb Code   122  task_gimbal.o(.text)
    GIMBAL_ifMechMode                        0x0800fbd7   Thumb Code    14  task_gimbal.o(.text)
    GIMBAL_ifGyroMode                        0x0800fbe5   Thumb Code    14  task_gimbal.o(.text)
    GIMBAL_ifNormalMode                      0x0800fbf3   Thumb Code    14  task_gimbal.o(.text)
    GIMBAL_ifTopGyroOpen                     0x0800fc01   Thumb Code    22  task_gimbal.o(.text)
    GIMBAL_ifAutoMode                        0x0800fc17   Thumb Code    14  task_gimbal.o(.text)
    GIMBAL_ifBuffMode                        0x0800fc25   Thumb Code    24  task_gimbal.o(.text)
    GIMBAL_ifAimSentry                       0x0800fc3d   Thumb Code    52  task_gimbal.o(.text)
    GIMBAL_ifReloadBullet                    0x0800fc71   Thumb Code    16  task_gimbal.o(.text)
    GIMBAL_BUFF_chaseReady                   0x0800fc81   Thumb Code   160  task_gimbal.o(.text)
    GIMBAL_ifAutoMobiPre                     0x0800fd21   Thumb Code    18  task_gimbal.o(.text)
    GIMBAL_AUTO_chaseReady                   0x0800fd33   Thumb Code     6  task_gimbal.o(.text)
    GIMBAL_getTopGyroAngleOffset             0x0800fd39   Thumb Code    32  task_gimbal.o(.text)
    speed_calculate                          0x0800fd59   Thumb Code   234  task_gimbal.o(.text)
    GIMBAL_calPredictInfo                    0x0800fe43   Thumb Code   150  task_gimbal.o(.text)
    GIMBAL_getInfo                           0x0800fed9   Thumb Code    28  task_gimbal.o(.text)
    REMOTE_setGimbalAngle                    0x0800fef5   Thumb Code   430  task_gimbal.o(.text)
    KEY_setGimbalAngle                       0x080100a3   Thumb Code   210  task_gimbal.o(.text)
    GIMBAL_GYRO_yawTargetBoundaryProcess     0x08010175   Thumb Code    18  task_gimbal.o(.text)
    KEY_setGimbalTurn                        0x08010187   Thumb Code   454  task_gimbal.o(.text)
    KEY_setQuickPickUp                       0x0801034d   Thumb Code   112  task_gimbal.o(.text)
    GIMBAL_keyMech_To_keyGyro                0x080103bd   Thumb Code    20  task_gimbal.o(.text)
    GIMBAL_keyGyro_To_keyMech                0x080103d1   Thumb Code    28  task_gimbal.o(.text)
    KEY_setGimbalMode                        0x080103ed   Thumb Code   566  task_gimbal.o(.text)
    GIMBAL_GYRO_calAverageOffset             0x08010623   Thumb Code   174  task_gimbal.o(.text)
    GIMBAL_init                              0x080106d1   Thumb Code    34  task_gimbal.o(.text)
    GIMBAL_rcMech_To_rcGyro                  0x080106f3   Thumb Code    42  task_gimbal.o(.text)
    GIMBAL_rcMech_To_keyGyro                 0x0801071d   Thumb Code    42  task_gimbal.o(.text)
    GIMBAL_MECH_yawTargetBoundaryProcess     0x08010747   Thumb Code    68  task_gimbal.o(.text)
    GIMBAL_reset                             0x0801078b   Thumb Code   768  task_gimbal.o(.text)
    GIMBAL_IMU_recordFeedback                0x08010a8b   Thumb Code   306  task_gimbal.o(.text)
    GIMBAL_rcGyro_To_rcMech                  0x08010bbd   Thumb Code    44  task_gimbal.o(.text)
    GIMBAL_keyGyro_To_rcMech                 0x08010be9   Thumb Code    42  task_gimbal.o(.text)
    GIMBAL_VISION_AUTO_pidCalculate          0x08010c13   Thumb Code   336  task_gimbal.o(.text)
    GIMBAL_AUTO_pidCalculate                 0x08010d63   Thumb Code  3238  task_gimbal.o(.text)
    GIMBAL_BUFF_pidCalculate                 0x08011a09   Thumb Code   582  task_gimbal.o(.text)
    GIMBAL_normalControl                     0x08011c4f   Thumb Code    16  task_gimbal.o(.text)
    GIMBAL_autoControl                       0x08011c5f   Thumb Code    18  task_gimbal.o(.text)
    GIMBAL_buffControl                       0x08011c71   Thumb Code   146  task_gimbal.o(.text)
    GIMBAL_reloadBullet                      0x08011d03   Thumb Code    24  task_gimbal.o(.text)
    GIMBAL_pidControlTask                    0x08011d1b   Thumb Code   290  task_gimbal.o(.text)
    GIMBAL_rcControlTask                     0x08011e3d   Thumb Code     8  task_gimbal.o(.text)
    GIMBAL_keyControlTask                    0x08011e45   Thumb Code    58  task_gimbal.o(.text)
    GIMBAL_selfProtect                       0x08011e7f   Thumb Code   130  task_gimbal.o(.text)
    GIMBAL_control                           0x08011f01   Thumb Code    66  task_gimbal.o(.text)
    CAN1_Timer_Callback                      0x08011f55   Thumb Code    36  task_timing_report.o(.text)
    CAN2_Timer_Callback                      0x08011f79   Thumb Code    36  task_timing_report.o(.text)
    Timer_Send_Create                        0x08011f9d   Thumb Code   144  task_timing_report.o(.text)
    REVOLVER_pidParamsInit                   0x0801205d   Thumb Code   162  task_revolver.o(.text)
    REVOLVER_stop                            0x080120ff   Thumb Code    40  task_revolver.o(.text)
    REVOLVER_Speed_pidCalculate              0x08012127   Thumb Code   314  task_revolver.o(.text)
    REVOLVER_Angle_pidCalculate              0x08012261   Thumb Code   138  task_revolver.o(.text)
    REVOLVER_pidOut                          0x080122eb   Thumb Code    60  task_revolver.o(.text)
    REVOLVER_Speed_bulletStuck               0x08012327   Thumb Code   128  task_revolver.o(.text)
    REVOLVER_Angle_bulletStuck               0x080123a7   Thumb Code   226  task_revolver.o(.text)
    REVOLVER_setAction                       0x08012489   Thumb Code     6  task_revolver.o(.text)
    REVOLVER_getRealShootTime                0x0801248f   Thumb Code     6  task_revolver.o(.text)
    REVOLVER_addShootCount                   0x08012495   Thumb Code    12  task_revolver.o(.text)
    REVOLVER_heatLimit                       0x080124a1   Thumb Code    54  task_revolver.o(.text)
    REMOTE_setRevolverShoot                  0x080124d7   Thumb Code   196  task_revolver.o(.text)
    KEY_setRevolverShoot                     0x0801259b   Thumb Code     2  task_revolver.o(.text)
    REVOLVER_pidControlTask                  0x0801259d   Thumb Code   234  task_revolver.o(.text)
    REVOLVER_tripleShootControl              0x08012687   Thumb Code    20  task_revolver.o(.text)
    REVOLVER_singleShootControl              0x0801269b   Thumb Code    84  task_revolver.o(.text)
    REVOLVER_normalControl                   0x080126ef   Thumb Code   162  task_revolver.o(.text)
    REVOLVER_comboShootControl               0x08012791   Thumb Code    76  task_revolver.o(.text)
    REVOLVER_buffShootControl                0x080127dd   Thumb Code   602  task_revolver.o(.text)
    REVOLVER_autoShootControl                0x08012a37   Thumb Code   182  task_revolver.o(.text)
    REVOLVER_recordJudgeInfo                 0x08012aed   Thumb Code    76  task_revolver.o(.text)
    REVOLVER_getInfo                         0x08012b39   Thumb Code    78  task_revolver.o(.text)
    REVOLVER_rcControlTask                   0x08012b87   Thumb Code    10  task_revolver.o(.text)
    REVOLVER_keyControlTask                  0x08012b91   Thumb Code    48  task_revolver.o(.text)
    REVOLVER_selfProtect                     0x08012bc1   Thumb Code    22  task_revolver.o(.text)
    REVOLVER_control                         0x08012bd7   Thumb Code    36  task_revolver.o(.text)
    arm_mat_add_f32                          0x08012c39   Thumb Code   192  arm_mat_add_f32.o(.text)
    arm_mat_init_f32                         0x08012cf9   Thumb Code     8  arm_mat_init_f32.o(.text)
    arm_mat_inverse_f32                      0x08012d01   Thumb Code   778  arm_mat_inverse_f32.o(.text)
    arm_mat_mult_f32                         0x08013011   Thumb Code   320  arm_mat_mult_f32.o(.text)
    arm_mat_sub_f32                          0x08013155   Thumb Code   192  arm_mat_sub_f32.o(.text)
    arm_mat_trans_f32                        0x08013215   Thumb Code   152  arm_mat_trans_f32.o(.text)
    __use_no_semihosting                     0x080132ad   Thumb Code     2  use_no_semi_2.o(.text)
    __aeabi_ldivmod                          0x080132af   Thumb Code     0  llsdiv.o(.text)
    _ll_sdiv                                 0x080132af   Thumb Code    72  llsdiv.o(.text)
    __2printf                                0x080132f9   Thumb Code    20  noretval__2printf.o(.text)
    _printf_pre_padding                      0x08013311   Thumb Code    44  _printf_pad.o(.text)
    _printf_post_padding                     0x0801333d   Thumb Code    34  _printf_pad.o(.text)
    _printf_int_dec                          0x08013361   Thumb Code   104  _printf_dec.o(.text)
    _printf_int_hex                          0x080133d9   Thumb Code    84  _printf_hex_int.o(.text)
    _printf_longlong_hex                     0x080133d9   Thumb Code     0  _printf_hex_int.o(.text)
    __printf                                 0x08013431   Thumb Code   308  __printf_flags_wp.o(.text)
    memcmp                                   0x08013569   Thumb Code    88  memcmp.o(.text)
    __aeabi_memcpy                           0x080135c1   Thumb Code     0  rt_memcpy_v6.o(.text)
    __rt_memcpy                              0x080135c1   Thumb Code   138  rt_memcpy_v6.o(.text)
    _memcpy_lastbytes                        0x08013627   Thumb Code     0  rt_memcpy_v6.o(.text)
    __aeabi_memcpy4                          0x0801364b   Thumb Code     0  rt_memcpy_w.o(.text)
    __aeabi_memcpy8                          0x0801364b   Thumb Code     0  rt_memcpy_w.o(.text)
    __rt_memcpy_w                            0x0801364b   Thumb Code   100  rt_memcpy_w.o(.text)
    _memcpy_lastbytes_aligned                0x08013693   Thumb Code     0  rt_memcpy_w.o(.text)
    __aeabi_memset                           0x080136af   Thumb Code    16  aeabi_memset.o(.text)
    __aeabi_memclr                           0x080136bf   Thumb Code     0  rt_memclr.o(.text)
    __rt_memclr                              0x080136bf   Thumb Code    68  rt_memclr.o(.text)
    _memset                                  0x080136c3   Thumb Code     0  rt_memclr.o(.text)
    __aeabi_memclr4                          0x08013703   Thumb Code     0  rt_memclr_w.o(.text)
    __aeabi_memclr8                          0x08013703   Thumb Code     0  rt_memclr_w.o(.text)
    __rt_memclr_w                            0x08013703   Thumb Code    78  rt_memclr_w.o(.text)
    _memset_w                                0x08013707   Thumb Code     0  rt_memclr_w.o(.text)
    __use_two_region_memory                  0x08013751   Thumb Code     2  heapauxi.o(.text)
    __rt_heap_escrow$2region                 0x08013753   Thumb Code     2  heapauxi.o(.text)
    __rt_heap_expand$2region                 0x08013755   Thumb Code     2  heapauxi.o(.text)
    __I$use$semihosting                      0x08013757   Thumb Code     0  use_no_semi.o(.text)
    __use_no_semihosting_swi                 0x08013757   Thumb Code     2  use_no_semi.o(.text)
    __aeabi_uldivmod                         0x08013759   Thumb Code     0  lludivv7m.o(.text)
    _ll_udiv                                 0x08013759   Thumb Code   238  lludivv7m.o(.text)
    __read_errno                             0x08013847   Thumb Code    10  _rserrno.o(.text)
    __set_errno                              0x08013851   Thumb Code    12  _rserrno.o(.text)
    _printf_int_common                       0x0801385d   Thumb Code   178  _printf_intcommon.o(.text)
    _printf_char_file                        0x08013911   Thumb Code    32  _printf_char_file.o(.text)
    __aeabi_errno_addr                       0x08013935   Thumb Code     8  rt_errno_addr_intlibspace.o(.text)
    __errno$intlibspace                      0x08013935   Thumb Code     0  rt_errno_addr_intlibspace.o(.text)
    __rt_errno_addr$intlibspace              0x08013935   Thumb Code     0  rt_errno_addr_intlibspace.o(.text)
    _printf_char_common                      0x08013947   Thumb Code    32  _printf_char_common.o(.text)
    ferror                                   0x0801396d   Thumb Code     8  ferror.o(.text)
    __user_libspace                          0x08013975   Thumb Code     8  libspace.o(.text)
    __user_perproc_libspace                  0x08013975   Thumb Code     0  libspace.o(.text)
    __user_perthread_libspace                0x08013975   Thumb Code     0  libspace.o(.text)
    __user_setup_stackheap                   0x0801397d   Thumb Code    74  sys_stackheap_outer.o(.text)
    exit                                     0x080139c7   Thumb Code    12  exit.o(.text)
    __ARM_fpclassify                         0x080139d3   Thumb Code    48  fpclassify.o(i.__ARM_fpclassify)
    __hardfp_asin                            0x08013a09   Thumb Code   770  asin.o(i.__hardfp_asin)
    __hardfp_atan                            0x08013d69   Thumb Code   622  atan.o(i.__hardfp_atan)
    __hardfp_atan2                           0x08014041   Thumb Code   432  atan2.o(i.__hardfp_atan2)
    __hardfp_cos                             0x08014231   Thumb Code   180  cos.o(i.__hardfp_cos)
    __hardfp_sin                             0x080142f9   Thumb Code   180  sin.o(i.__hardfp_sin)
    __hardfp_sqrt                            0x080143c1   Thumb Code   122  sqrt.o(i.__hardfp_sqrt)
    __ieee754_rem_pio2                       0x08014441   Thumb Code   938  rred.o(i.__ieee754_rem_pio2)
    __kernel_cos                             0x08014879   Thumb Code   322  cos_i.o(i.__kernel_cos)
    __kernel_poly                            0x080149e9   Thumb Code   248  poly.o(i.__kernel_poly)
    __kernel_sin                             0x08014ae1   Thumb Code   280  sin_i.o(i.__kernel_sin)
    __mathlib_dbl_infnan                     0x08014c11   Thumb Code    20  dunder.o(i.__mathlib_dbl_infnan)
    __mathlib_dbl_infnan2                    0x08014c25   Thumb Code    20  dunder.o(i.__mathlib_dbl_infnan2)
    __mathlib_dbl_invalid                    0x08014c39   Thumb Code    24  dunder.o(i.__mathlib_dbl_invalid)
    __mathlib_dbl_underflow                  0x08014c59   Thumb Code    24  dunder.o(i.__mathlib_dbl_underflow)
    _is_digit                                0x08014c79   Thumb Code    14  __printf_wp.o(i._is_digit)
    atan                                     0x08014c87   Thumb Code    16  atan.o(i.atan)
    fabs                                     0x08014c97   Thumb Code    24  fabs.o(i.fabs)
    sqrt                                     0x08014caf   Thumb Code   110  sqrt.o(i.sqrt)
    __aeabi_dneg                             0x08014d1d   Thumb Code     0  basic.o(x$fpl$basic)
    _dneg                                    0x08014d1d   Thumb Code     6  basic.o(x$fpl$basic)
    __aeabi_fneg                             0x08014d23   Thumb Code     0  basic.o(x$fpl$basic)
    _fneg                                    0x08014d23   Thumb Code     6  basic.o(x$fpl$basic)
    _dabs                                    0x08014d29   Thumb Code     6  basic.o(x$fpl$basic)
    _fabs                                    0x08014d2f   Thumb Code     6  basic.o(x$fpl$basic)
    __aeabi_d2f                              0x08014d35   Thumb Code     0  d2f.o(x$fpl$d2f)
    _d2f                                     0x08014d35   Thumb Code    98  d2f.o(x$fpl$d2f)
    __aeabi_dadd                             0x08014d99   Thumb Code     0  daddsub_clz.o(x$fpl$dadd)
    _dadd                                    0x08014d99   Thumb Code   332  daddsub_clz.o(x$fpl$dadd)
    __aeabi_ddiv                             0x08014ee9   Thumb Code     0  ddiv.o(x$fpl$ddiv)
    _ddiv                                    0x08014ee9   Thumb Code   552  ddiv.o(x$fpl$ddiv)
    __aeabi_d2iz                             0x08015199   Thumb Code     0  dfix.o(x$fpl$dfix)
    _dfix                                    0x08015199   Thumb Code    94  dfix.o(x$fpl$dfix)
    __aeabi_i2d                              0x080151f7   Thumb Code     0  dflt_clz.o(x$fpl$dflt)
    _dflt                                    0x080151f7   Thumb Code    46  dflt_clz.o(x$fpl$dflt)
    __aeabi_ui2d                             0x08015225   Thumb Code     0  dflt_clz.o(x$fpl$dfltu)
    _dfltu                                   0x08015225   Thumb Code    38  dflt_clz.o(x$fpl$dfltu)
    __aeabi_dmul                             0x0801524d   Thumb Code     0  dmul.o(x$fpl$dmul)
    _dmul                                    0x0801524d   Thumb Code   332  dmul.o(x$fpl$dmul)
    __fpl_dnaninf                            0x080153a1   Thumb Code   156  dnaninf.o(x$fpl$dnaninf)
    __fpl_dretinf                            0x0801543d   Thumb Code    12  dretinf.o(x$fpl$dretinf)
    __aeabi_drsub                            0x08015449   Thumb Code     0  daddsub_clz.o(x$fpl$drsb)
    _drsb                                    0x08015449   Thumb Code    22  daddsub_clz.o(x$fpl$drsb)
    _dsqrt                                   0x08015461   Thumb Code   404  dsqrt_umaal.o(x$fpl$dsqrt)
    __aeabi_dsub                             0x080155f9   Thumb Code     0  daddsub_clz.o(x$fpl$dsub)
    _dsub                                    0x080155f9   Thumb Code   464  daddsub_clz.o(x$fpl$dsub)
    __aeabi_f2d                              0x080157cd   Thumb Code     0  f2d.o(x$fpl$f2d)
    _f2d                                     0x080157cd   Thumb Code    86  f2d.o(x$fpl$f2d)
    __fpl_fnaninf                            0x08015823   Thumb Code   140  fnaninf.o(x$fpl$fnaninf)
    _fp_init                                 0x080158af   Thumb Code    10  fpinit.o(x$fpl$fpinit)
    __fplib_config_fpu_vfp                   0x080158b7   Thumb Code     0  fpinit.o(x$fpl$fpinit)
    __fplib_config_pureend_doubles           0x080158b7   Thumb Code     0  fpinit.o(x$fpl$fpinit)
    __fpl_fretinf                            0x080158b9   Thumb Code    10  fretinf.o(x$fpl$fretinf)
    CRC8_INIT                                0x080158c2   Data           1  crc.o(.constdata)
    __I$use$fp                               0x080158c2   Number         0  usenofp.o(x$fpl$usenofp)
    CRC8_TAB                                 0x080158c3   Data         256  crc.o(.constdata)
    wCRC_Table                               0x080159c4   Data         512  crc.o(.constdata)
    reg                                      0x08015bc4   Data          27  inv_mpu.o(.constdata)
    hw                                       0x08015be0   Data          12  inv_mpu.o(.constdata)
    test                                     0x08015bec   Data          40  inv_mpu.o(.constdata)
    __mathlib_zero                           0x08016960   Data           8  qnan.o(.constdata)
    Region$$Table$$Base                      0x08016aa8   Number         0  anon$$obj.o(Region$$Table)
    Region$$Table$$Limit                     0x08016ac8   Number         0  anon$$obj.o(Region$$Table)
    shoot_time                               0x20000000   Data           4  judge.o(.data)
    shoot_ping                               0x20000004   Data           4  judge.o(.data)
    Shoot_Speed_Now                          0x20000008   Data           4  judge.o(.data)
    Shoot_Speed_Last                         0x2000000c   Data           4  judge.o(.data)
    VisionQueue                              0x20000010   Data          84  vision.o(.data)
    visionYawMathExpect                      0x20000064   Data           4  vision.o(.data)
    visionYawStdDevia                        0x20000068   Data           4  vision.o(.data)
    kalman_kYaw_Q                            0x2000006c   Data           4  vision.o(.data)
    kalman_kYaw_R                            0x20000070   Data           4  vision.o(.data)
    kalman_kPitch_Q                          0x20000074   Data           4  vision.o(.data)
    kalman_kPitch_R                          0x20000078   Data           4  vision.o(.data)
    vision_gyro_kLPF                         0x2000007c   Data           4  vision.o(.data)
    mode                                     0x20000080   Data           1  vision.o(.data)
    RC_Ctl_Info                              0x20000084   Data          24  remote.o(.data)
    Friction                                 0x200000a0   Data           6  friction.o(.data)
    Friction_Pwm_Output                      0x200000a6   Data          12  friction.o(.data)
    Friction_Pwm_Speed                       0x200000b2   Data          12  friction.o(.data)
    test_fric_off                            0x200000be   Data           1  friction.o(.data)
    Magzine                                  0x200000c0   Data           6  magzine.o(.data)
    CRC_INIT                                 0x200000c8   Data           2  crc.o(.data)
    matrix_value1                            0x200000cc   Data           4  kalman_filter.o(.data)
    matrix_value2                            0x200000d0   Data           4  kalman_filter.o(.data)
    StartTask_Handler                        0x200000dc   Data           4  init.o(.data)
    pass_flag                                0x200000e0   Data           1  init.o(.data)
    test_fric_cali                           0x2000010c   Data           1  pwm.o(.data)
    Usart5_Clean_IDLE_Flag                   0x20000110   Data           4  uart5.o(.data)
    Ultra_Buffer                             0x20000114   Data           2  usart3.o(.data)
    js_ultra_time                            0x20000118   Data           4  usart3.o(.data)
    js_ultra_dis                             0x2000011c   Data           4  usart3.o(.data)
    SystemCoreClock                          0x20000130   Data           4  system_stm32f4xx.o(.data)
    AHBPrescTable                            0x20000134   Data          16  system_stm32f4xx.o(.data)
    Cnt                                      0x20000144   Data          20  scheduler.o(.data)
    BitMask                                  0x20000158   Data           6  scheduler.o(.data)
    System_State                             0x2000015e   Data           1  scheduler.o(.data)
    SystemStateTask_Handler                  0x20000160   Data           4  scheduler.o(.data)
    ChassisTask_Handler                      0x20000164   Data           4  scheduler.o(.data)
    GimbalTask_Handler                       0x20000168   Data           4  scheduler.o(.data)
    RevolverTask_Handler                     0x2000016c   Data           4  scheduler.o(.data)
    DutyTask_Handler                         0x20000170   Data           4  scheduler.o(.data)
    RemoteTask_Handler                       0x20000174   Data           4  scheduler.o(.data)
    VisionTask_Handler                       0x20000178   Data           4  scheduler.o(.data)
    sysTickUptime                            0x20000180   Data           4  delay.o(.data)
    __stdout                                 0x20000184   Data           4  usart.o(.data)
    pxCurrentTCB                             0x20000188   Data           4  tasks.o(.data)
    Chas_Spin_Move_Max                       0x20000234   Data           4  task_chassis.o(.data)
    Chas_Standard_Move_Max                   0x20000238   Data           4  task_chassis.o(.data)
    Chas_Top_Spin_Max                        0x2000023c   Data           4  task_chassis.o(.data)
    Chas_Top_Move_Max                        0x20000240   Data           4  task_chassis.o(.data)
    Chas_Top_Spin_scale                      0x20000244   Data           4  task_chassis.o(.data)
    Chas_Top_Move_scale                      0x20000248   Data           4  task_chassis.o(.data)
    Time_Inc_Normal                          0x2000024c   Data           2  task_chassis.o(.data)
    Time_IncSaltation                        0x2000024e   Data           2  task_chassis.o(.data)
    Chas_Slope_Move_Fron                     0x20000250   Data           4  task_chassis.o(.data)
    Chas_Slope_Move_Back                     0x20000254   Data           4  task_chassis.o(.data)
    Chas_Slope_Move_Left                     0x20000258   Data           4  task_chassis.o(.data)
    Chas_Slope_Move_Righ                     0x2000025c   Data           4  task_chassis.o(.data)
    Chas_Slope_Spin_Move                     0x20000260   Data           4  task_chassis.o(.data)
    kRc_Mech_Chas_Standard                   0x20000264   Data           4  task_chassis.o(.data)
    kRc_Mech_Chas_Spin                       0x20000268   Data           4  task_chassis.o(.data)
    kRc_Gyro_Chas_Standard                   0x2000026c   Data           4  task_chassis.o(.data)
    kRc_Gyro_Chas_Spin                       0x20000270   Data           4  task_chassis.o(.data)
    kKey_Mech_Chas_Standard                  0x20000274   Data           4  task_chassis.o(.data)
    kKey_Mech_Chas_Revolve                   0x20000278   Data           4  task_chassis.o(.data)
    kKey_Gyro_Chas_Standard                  0x2000027c   Data           4  task_chassis.o(.data)
    kKey_Gyro_Chas_Revolve                   0x20000280   Data           4  task_chassis.o(.data)
    k_Gyro_Chas_Top                          0x20000284   Data           4  task_chassis.o(.data)
    k_Gyro_Chas_Twist                        0x20000288   Data           4  task_chassis.o(.data)
    Chas_Top_Gyro_Step                       0x2000028c   Data           4  task_chassis.o(.data)
    Chas_Twist_Step                          0x20000290   Data           4  task_chassis.o(.data)
    speed_target_203                         0x20000294   Data           4  task_chassis.o(.data)
    speed_feedback_203                       0x20000298   Data           4  task_chassis.o(.data)
    angle_target_203                         0x2000029c   Data           4  task_chassis.o(.data)
    angle_feedback_203                       0x200002a0   Data           4  task_chassis.o(.data)
    Chassis_PID                              0x200002a4   Data         464  task_chassis.o(.data)
    Chassis_Z_PID                            0x20000474   Data          68  task_chassis.o(.data)
    Chassis_Power                            0x200004b8   Data           8  task_chassis.o(.data)
    Chassis                                  0x200004c0   Data           5  task_chassis.o(.data)
    delta_angle                              0x200004c8   Data           4  task_chassis.o(.data)
    top_gyro_dir                             0x200004cc   Data           1  task_chassis.o(.data)
    twist_dir                                0x200004cd   Data           1  task_chassis.o(.data)
    rotate_ratio_fr                          0x200004d0   Data           4  task_chassis.o(.data)
    rotate_ratio_fl                          0x200004d4   Data           4  task_chassis.o(.data)
    rotate_ratio_bl                          0x200004d8   Data           4  task_chassis.o(.data)
    rotate_ratio_br                          0x200004dc   Data           4  task_chassis.o(.data)
    wheel_ratio_rpm                          0x200004e0   Data           4  task_chassis.o(.data)
    GIMBAL_ANGLE_PID_IOUT_MAX                0x2000050c   Data           4  task_gimbal.o(.data)
    GIMBAL_ANGLE_PID_OUT_MAX                 0x20000510   Data           4  task_gimbal.o(.data)
    GIMBAL_SPEED_PID_IOUT_MAX                0x20000514   Data           4  task_gimbal.o(.data)
    GIMBAL_SPEED_PID_OUT_MAX                 0x20000518   Data           4  task_gimbal.o(.data)
    yaw_kalman_filter_para                   0x2000051c   Data         180  task_gimbal.o(.data)
    pitch_kalman_filter_para                 0x200005d0   Data         180  task_gimbal.o(.data)
    GIMBAL_BUFF_PITCH_COMPENSATION           0x20000684   Data           4  task_gimbal.o(.data)
    GIMBAL_BUFF_YAW_COMPENSATION             0x20000688   Data           4  task_gimbal.o(.data)
    GIMBAL_BUFF_YAW_RAMP                     0x2000068c   Data           4  task_gimbal.o(.data)
    GIMBAL_BUFF_PITCH_RAMP                   0x20000690   Data           4  task_gimbal.o(.data)
    Mobi_Pre_Yaw                             0x20000694   Data           1  task_gimbal.o(.data)
    Mobi_Pre_Yaw_Fire                        0x20000695   Data           1  task_gimbal.o(.data)
    Gimbal_PID                               0x20000698   Data         496  task_gimbal.o(.data)
    Gimbal                                   0x20000888   Data         260  task_gimbal.o(.data)
    LostQueue                                0x2000098c   Data          84  task_gimbal.o(.data)
    auto_yaw_angle_kp                        0x200009e0   Data           4  task_gimbal.o(.data)
    auto_yaw_speed_kp                        0x200009e4   Data           4  task_gimbal.o(.data)
    auto_yaw_speed_ki                        0x200009e8   Data           4  task_gimbal.o(.data)
    auto_pitch_angle_kp                      0x200009ec   Data           4  task_gimbal.o(.data)
    auto_pitch_speed_kp                      0x200009f0   Data           4  task_gimbal.o(.data)
    auto_pitch_speed_ki                      0x200009f4   Data           4  task_gimbal.o(.data)
    buff_yaw_angle_kp                        0x200009f8   Data           4  task_gimbal.o(.data)
    buff_yaw_speed_kp                        0x200009fc   Data           4  task_gimbal.o(.data)
    buff_yaw_speed_ki                        0x20000a00   Data           4  task_gimbal.o(.data)
    buff_pitch_angle_kp                      0x20000a04   Data           4  task_gimbal.o(.data)
    buff_pitch_speed_kp                      0x20000a08   Data           4  task_gimbal.o(.data)
    buff_pitch_speed_ki                      0x20000a0c   Data           4  task_gimbal.o(.data)
    normal_mech_yaw_angle_kp                 0x20000a10   Data           4  task_gimbal.o(.data)
    normal_mech_yaw_speed_kp                 0x20000a14   Data           4  task_gimbal.o(.data)
    normal_mech_yaw_speed_ki                 0x20000a18   Data           4  task_gimbal.o(.data)
    normal_gyro_yaw_angle_kp                 0x20000a1c   Data           4  task_gimbal.o(.data)
    normal_gyro_yaw_speed_kp                 0x20000a20   Data           4  task_gimbal.o(.data)
    normal_gyro_yaw_speed_ki                 0x20000a24   Data           4  task_gimbal.o(.data)
    normal_pitch_angle_kp                    0x20000a28   Data           4  task_gimbal.o(.data)
    normal_pitch_speed_kp                    0x20000a2c   Data           4  task_gimbal.o(.data)
    normal_pitch_speed_ki                    0x20000a30   Data           4  task_gimbal.o(.data)
    js_gimbal_yaw_speed_feedback             0x20000a34   Data           4  task_gimbal.o(.data)
    js_gimbal_yaw_speed_target               0x20000a38   Data           4  task_gimbal.o(.data)
    js_gimbal_yaw_speed_out                  0x20000a3c   Data           4  task_gimbal.o(.data)
    js_gimbal_pitch_speed_feedback           0x20000a40   Data           4  task_gimbal.o(.data)
    js_gimbal_pitch_speed_target             0x20000a44   Data           4  task_gimbal.o(.data)
    js_gimbal_pitch_speed_out                0x20000a48   Data           4  task_gimbal.o(.data)
    js_gimbal_speed_feedback                 0x20000a4c   Data           4  task_gimbal.o(.data)
    js_gimbal_yaw_angle_feedback             0x20000a50   Data           4  task_gimbal.o(.data)
    js_gimbal_yaw_angle_target               0x20000a54   Data           4  task_gimbal.o(.data)
    js_gimbal_pitch_angle_feedback           0x20000a58   Data           4  task_gimbal.o(.data)
    js_gimbal_pitch_angle_target             0x20000a5c   Data           4  task_gimbal.o(.data)
    js_gimbal_yaw_angle_erro                 0x20000a60   Data           4  task_gimbal.o(.data)
    js_gimbal_pitch_angle_erro               0x20000a64   Data           4  task_gimbal.o(.data)
    k_Auto_Yaw_R                             0x20000a68   Data           4  task_gimbal.o(.data)
    k_Auto_Pitch_R                           0x20000a6c   Data           4  task_gimbal.o(.data)
    k_Zx_Yaw_Q                               0x20000a70   Data           4  task_gimbal.o(.data)
    k_Zx_Yaw_R                               0x20000a74   Data           4  task_gimbal.o(.data)
    debug_pix_yaw                            0x20000a78   Data           4  task_gimbal.o(.data)
    debug_pix_pitch                          0x20000a7c   Data           4  task_gimbal.o(.data)
    debug_pix_yaw_ready                      0x20000a80   Data           4  task_gimbal.o(.data)
    debug_pix_pitch_ready                    0x20000a84   Data           4  task_gimbal.o(.data)
    js_targetYaw                             0x20000a88   Data           4  task_gimbal.o(.data)
    js_targetPitch                           0x20000a8c   Data           4  task_gimbal.o(.data)
    test_auto_pid                            0x20000a90   Data           1  task_gimbal.o(.data)
    pitch                                    0x20000aa0   Data           4  task_gimbal.o(.data)
    yaw                                      0x20000aa4   Data           4  task_gimbal.o(.data)
    rateYaw                                  0x20000aa8   Data           4  task_gimbal.o(.data)
    ratePitch                                0x20000aac   Data           4  task_gimbal.o(.data)
    GIMBAL_AUTO_YAW_COMPENSATION             0x20000ab0   Data           4  task_gimbal.o(.data)
    GIMBAL_AUTO_PITCH_COMPENSATION           0x20000ab4   Data           4  task_gimbal.o(.data)
    auto_yaw_ramp                            0x20000ab8   Data           4  task_gimbal.o(.data)
    auto_pitch_ramp                          0x20000abc   Data           4  task_gimbal.o(.data)
    yaw_kf_result                            0x20000ac0   Data           4  task_gimbal.o(.data)
    pitch_kf_result                          0x20000ac4   Data           4  task_gimbal.o(.data)
    yaw_angle_speed                          0x20000ac8   Data           4  task_gimbal.o(.data)
    pitch_angle_speed                        0x20000acc   Data           4  task_gimbal.o(.data)
    yaw_angle_predict                        0x20000ad0   Data           4  task_gimbal.o(.data)
    pitch_angle_predict                      0x20000ad4   Data           4  task_gimbal.o(.data)
    yaw_predict_k                            0x20000ad8   Data           4  task_gimbal.o(.data)
    pitch_predict_k                          0x20000adc   Data           4  task_gimbal.o(.data)
    auto_predict_start_delay                 0x20000ae0   Data           4  task_gimbal.o(.data)
    auto_predict_start_delay_boundary        0x20000ae4   Data           4  task_gimbal.o(.data)
    auto_yaw_predict_max                     0x20000ae8   Data           4  task_gimbal.o(.data)
    auto_pitch_predict_max                   0x20000aec   Data           4  task_gimbal.o(.data)
    auto_yaw_speed_predict_low               0x20000af0   Data           4  task_gimbal.o(.data)
    auto_yaw_speed_predict_high              0x20000af4   Data           4  task_gimbal.o(.data)
    auto_pitch_speed_predict_low             0x20000af8   Data           4  task_gimbal.o(.data)
    auto_pitch_speed_predict_high            0x20000afc   Data           4  task_gimbal.o(.data)
    auto_yaw_angle_predict_limit             0x20000b00   Data           4  task_gimbal.o(.data)
    auto_yaw_angle_predict_ramp              0x20000b04   Data           4  task_gimbal.o(.data)
    auto_pitch_angle_predict_limit           0x20000b08   Data           4  task_gimbal.o(.data)
    js_yaw_angle                             0x20000b0c   Data           4  task_gimbal.o(.data)
    js_yaw_speed                             0x20000b10   Data           4  task_gimbal.o(.data)
    js_pitch_angle                           0x20000b14   Data           4  task_gimbal.o(.data)
    js_pitch_speed                           0x20000b18   Data           4  task_gimbal.o(.data)
    visionYawAngleRaw                        0x20000b1c   Data           4  task_gimbal.o(.data)
    cloudYawAngleRaw                         0x20000b20   Data           4  task_gimbal.o(.data)
    targetYawAngleRaw                        0x20000b24   Data           4  task_gimbal.o(.data)
    targetYawSpeedRaw                        0x20000b28   Data           4  task_gimbal.o(.data)
    visionYawAngleKF                         0x20000b2c   Data           4  task_gimbal.o(.data)
    cloudYawAngleKF                          0x20000b30   Data           4  task_gimbal.o(.data)
    targetYawAngleKF                         0x20000b34   Data           4  task_gimbal.o(.data)
    targetYawSpeedKF                         0x20000b38   Data           4  task_gimbal.o(.data)
    deathzoom                                0x20000b3c   Data           4  task_gimbal.o(.data)
    ksc                                      0x20000b40   Data           4  task_gimbal.o(.data)
    use_zx                                   0x20000b44   Data           4  task_gimbal.o(.data)
    queue_num                                0x20000b48   Data           1  task_gimbal.o(.data)
    lost_num                                 0x20000b49   Data           1  task_gimbal.o(.data)
    kDis                                     0x20000b4c   Data           4  task_gimbal.o(.data)
    kPitch                                   0x20000b50   Data           4  task_gimbal.o(.data)
    distance                                 0x20000b54   Data           4  task_gimbal.o(.data)
    dis_temp                                 0x20000b58   Data           4  task_gimbal.o(.data)
    distance_death                           0x20000b5c   Data           4  task_gimbal.o(.data)
    dis_compensation                         0x20000b60   Data           4  task_gimbal.o(.data)
    pitch_compensation                       0x20000b64   Data           4  task_gimbal.o(.data)
    test_ramp_step                           0x20000b68   Data           1  task_gimbal.o(.data)
    step                                     0x20000b6c   Data           4  task_gimbal.o(.data)
    step_cnt                                 0x20000b70   Data           1  task_gimbal.o(.data)
    step_death                               0x20000b74   Data           4  task_gimbal.o(.data)
    mobpre_yaw_boundary                      0x20000b78   Data           4  task_gimbal.o(.data)
    stoppre_yaw_boundary                     0x20000b7c   Data           4  task_gimbal.o(.data)
    mobpre_yaw_left_delay                    0x20000b80   Data           2  task_gimbal.o(.data)
    mobpre_yaw_right_delay                   0x20000b82   Data           2  task_gimbal.o(.data)
    mobpre_yaw_stop_delay                    0x20000b84   Data           2  task_gimbal.o(.data)
    vision_truly_lost                        0x20000b86   Data           1  task_gimbal.o(.data)
    kLost                                    0x20000b88   Data           4  task_gimbal.o(.data)
    last_distance                            0x20000b8c   Data           4  task_gimbal.o(.data)
    last_speed                               0x20000b90   Data           4  task_gimbal.o(.data)
    lost_compensation                        0x20000b94   Data           4  task_gimbal.o(.data)
    buff_yaw_ramp                            0x20000b98   Data           4  task_gimbal.o(.data)
    buff_pitch_ramp                          0x20000b9c   Data           4  task_gimbal.o(.data)
    test_yaw_pid                             0x20000ba0   Data           1  task_gimbal.o(.data)
    test_pitch_pid                           0x20000ba1   Data           1  task_gimbal.o(.data)
    test_yaw_speed_max_target                0x20000ba4   Data           4  task_gimbal.o(.data)
    test_pitch_speed_max_target              0x20000ba8   Data           4  task_gimbal.o(.data)
    CAN1_Queue                               0x20000bf8   Data           4  task_timing_report.o(.data)
    CAN2_Queue                               0x20000bfc   Data           4  task_timing_report.o(.data)
    CAN1_Timer_Handle                        0x20000c00   Data           4  task_timing_report.o(.data)
    CAN2_Timer_Handle                        0x20000c04   Data           4  task_timing_report.o(.data)
    Revolver_PID                             0x20000c08   Data         120  task_revolver.o(.data)
    Revolver                                 0x20000c80   Data          56  task_revolver.o(.data)
    REVO_HEAT_LIMIT                          0x20000cb8   Data           6  task_revolver.o(.data)
    js_shoot_num                             0x20000cbe   Data           2  task_revolver.o(.data)
    test_buff_bullet                         0x20000cc2   Data           1  task_revolver.o(.data)
    first_into_armor_4                       0x20000cc4   Data           4  task_revolver.o(.data)
    respond_into_armor_4                     0x20000cc8   Data           4  task_revolver.o(.data)
    Judge_Info                               0x20000cf8   Data         116  judge.o(.bss)
    Vision_Tx_Buffer                         0x20000d6c   Data          50  vision.o(.bss)
    Vision                                   0x20000da0   Data          64  vision.o(.bss)
    Gimbal_Gyro_Auto_kalmanError             0x20000de0   Data          96  vision.o(.bss)
    g_Chassis_Motor_Info                     0x20000e70   Data          64  can.o(.bss)
    g_Gimbal_Motor_Info                      0x20000eb0   Data          32  can.o(.bss)
    g_Revolver_Motor_Info                    0x20000ed0   Data          16  can.o(.bss)
    Judge_Buffer                             0x20000ee0   Data         200  uart5.o(.bss)
    Vision_Buffer                            0x20000fa8   Data         100  uart4.o(.bss)
    Flag                                     0x2000100c   Data          11  scheduler.o(.bss)
    Mpu_Info                                 0x20001018   Data          44  scheduler.o(.bss)
    xQueueRegistry                           0x20001044   Data          64  queue.o(.bss)
    Chassis_Kalman_Error                     0x20013d84   Data          48  task_chassis.o(.bss)
    Chas_Target_Speed                        0x20013db4   Data          16  task_chassis.o(.bss)
    Gimbal_kalmanError                       0x20013dd0   Data         192  task_gimbal.o(.bss)
    Mpu_kalmanError                          0x20013e90   Data          96  task_gimbal.o(.bss)
    Gimbal_Auto_kalmanError                  0x20013ef0   Data          96  task_gimbal.o(.bss)
    kalman_visionYaw                         0x20013f50   Data          48  task_gimbal.o(.bss)
    kalman_cloudYaw                          0x20013f80   Data          48  task_gimbal.o(.bss)
    kalman_targetYaw                         0x20013fb0   Data          48  task_gimbal.o(.bss)
    kalman_speedYaw                          0x20013fe0   Data          48  task_gimbal.o(.bss)
    yaw_kalman_filter                        0x20014010   Data         108  task_gimbal.o(.bss)
    pitch_kalman_filter                      0x2001407c   Data         108  task_gimbal.o(.bss)
    BUFF_PITCH_MODIFY_TABLE                  0x200140e8   Data          44  task_gimbal.o(.bss)
    yaw_angle_speed_struct                   0x20014114   Data          28  task_gimbal.o(.bss)
    pitch_angle_speed_struct                 0x20014130   Data          28  task_gimbal.o(.bss)
    __libspace_start                         0x2001414c   Data          96  libspace.o(.bss)
    __temporary_stack_top$libspace           0x200141ac   Data           0  libspace.o(.bss)



==============================================================================

Memory Map of the image

  Image Entry point : 0x08000189

  Load Region LR_IROM1 (Base: 0x08000000, Size: 0x000177c0, Max: 0x00080000, ABSOLUTE, COMPRESSED[0x00016cdc])

    Execution Region ER_IROM1 (Base: 0x08000000, Size: 0x00016ac8, Max: 0x00080000, ABSOLUTE)

    Base Addr    Size         Type   Attr      Idx    E Section Name        Object

    0x08000000   0x00000188   Data   RO          893    RESET               startup_stm32f40xx.o
    0x08000188   0x00000008   Code   RO         2013  * !!!main             c_w.l(__main.o)
    0x08000190   0x00000034   Code   RO         2361    !!!scatter          c_w.l(__scatter.o)
    0x080001c4   0x0000005a   Code   RO         2359    !!dczerorl2         c_w.l(__dczerorl2.o)
    0x0800021e   0x00000002   PAD
    0x08000220   0x0000001c   Code   RO         2363    !!handler_zi        c_w.l(__scatter_zi.o)
    0x0800023c   0x00000000   Code   RO         1996    .ARM.Collect$$_printf_percent$$00000000  c_w.l(_printf_percent.o)
    0x0800023c   0x00000006   Code   RO         1995    .ARM.Collect$$_printf_percent$$00000009  c_w.l(_printf_d.o)
    0x08000242   0x00000006   Code   RO         1994    .ARM.Collect$$_printf_percent$$0000000C  c_w.l(_printf_x.o)
    0x08000248   0x00000004   Code   RO         2112    .ARM.Collect$$_printf_percent$$00000017  c_w.l(_printf_percent_end.o)
    0x0800024c   0x00000002   Code   RO         2233    .ARM.Collect$$libinit$$00000000  c_w.l(libinit.o)
    0x0800024e   0x00000004   Code   RO         2240    .ARM.Collect$$libinit$$00000001  c_w.l(libinit2.o)
    0x08000252   0x00000000   Code   RO         2243    .ARM.Collect$$libinit$$00000004  c_w.l(libinit2.o)
    0x08000252   0x00000000   Code   RO         2246    .ARM.Collect$$libinit$$0000000A  c_w.l(libinit2.o)
    0x08000252   0x00000000   Code   RO         2248    .ARM.Collect$$libinit$$0000000C  c_w.l(libinit2.o)
    0x08000252   0x00000000   Code   RO         2250    .ARM.Collect$$libinit$$0000000E  c_w.l(libinit2.o)
    0x08000252   0x00000000   Code   RO         2253    .ARM.Collect$$libinit$$00000011  c_w.l(libinit2.o)
    0x08000252   0x00000000   Code   RO         2255    .ARM.Collect$$libinit$$00000013  c_w.l(libinit2.o)
    0x08000252   0x00000000   Code   RO         2257    .ARM.Collect$$libinit$$00000015  c_w.l(libinit2.o)
    0x08000252   0x00000000   Code   RO         2259    .ARM.Collect$$libinit$$00000017  c_w.l(libinit2.o)
    0x08000252   0x00000000   Code   RO         2261    .ARM.Collect$$libinit$$00000019  c_w.l(libinit2.o)
    0x08000252   0x00000000   Code   RO         2263    .ARM.Collect$$libinit$$0000001B  c_w.l(libinit2.o)
    0x08000252   0x00000000   Code   RO         2265    .ARM.Collect$$libinit$$0000001D  c_w.l(libinit2.o)
    0x08000252   0x00000000   Code   RO         2267    .ARM.Collect$$libinit$$0000001F  c_w.l(libinit2.o)
    0x08000252   0x00000000   Code   RO         2269    .ARM.Collect$$libinit$$00000021  c_w.l(libinit2.o)
    0x08000252   0x00000000   Code   RO         2271    .ARM.Collect$$libinit$$00000023  c_w.l(libinit2.o)
    0x08000252   0x00000000   Code   RO         2273    .ARM.Collect$$libinit$$00000025  c_w.l(libinit2.o)
    0x08000252   0x00000000   Code   RO         2277    .ARM.Collect$$libinit$$0000002C  c_w.l(libinit2.o)
    0x08000252   0x00000000   Code   RO         2279    .ARM.Collect$$libinit$$0000002E  c_w.l(libinit2.o)
    0x08000252   0x00000000   Code   RO         2281    .ARM.Collect$$libinit$$00000030  c_w.l(libinit2.o)
    0x08000252   0x00000000   Code   RO         2283    .ARM.Collect$$libinit$$00000032  c_w.l(libinit2.o)
    0x08000252   0x00000002   Code   RO         2284    .ARM.Collect$$libinit$$00000033  c_w.l(libinit2.o)
    0x08000254   0x00000002   Code   RO         2312    .ARM.Collect$$libshutdown$$00000000  c_w.l(libshutdown.o)
    0x08000256   0x00000000   Code   RO         2327    .ARM.Collect$$libshutdown$$00000003  c_w.l(libshutdown2.o)
    0x08000256   0x00000000   Code   RO         2330    .ARM.Collect$$libshutdown$$00000006  c_w.l(libshutdown2.o)
    0x08000256   0x00000000   Code   RO         2333    .ARM.Collect$$libshutdown$$00000009  c_w.l(libshutdown2.o)
    0x08000256   0x00000000   Code   RO         2335    .ARM.Collect$$libshutdown$$0000000B  c_w.l(libshutdown2.o)
    0x08000256   0x00000000   Code   RO         2338    .ARM.Collect$$libshutdown$$0000000E  c_w.l(libshutdown2.o)
    0x08000256   0x00000002   Code   RO         2339    .ARM.Collect$$libshutdown$$0000000F  c_w.l(libshutdown2.o)
    0x08000258   0x00000000   Code   RO         2103    .ARM.Collect$$rtentry$$00000000  c_w.l(__rtentry.o)
    0x08000258   0x00000000   Code   RO         2184    .ARM.Collect$$rtentry$$00000002  c_w.l(__rtentry2.o)
    0x08000258   0x00000006   Code   RO         2196    .ARM.Collect$$rtentry$$00000004  c_w.l(__rtentry4.o)
    0x0800025e   0x00000000   Code   RO         2186    .ARM.Collect$$rtentry$$00000009  c_w.l(__rtentry2.o)
    0x0800025e   0x00000004   Code   RO         2187    .ARM.Collect$$rtentry$$0000000A  c_w.l(__rtentry2.o)
    0x08000262   0x00000000   Code   RO         2189    .ARM.Collect$$rtentry$$0000000C  c_w.l(__rtentry2.o)
    0x08000262   0x00000008   Code   RO         2190    .ARM.Collect$$rtentry$$0000000D  c_w.l(__rtentry2.o)
    0x0800026a   0x00000002   Code   RO         2234    .ARM.Collect$$rtexit$$00000000  c_w.l(rtexit.o)
    0x0800026c   0x00000000   Code   RO         2286    .ARM.Collect$$rtexit$$00000002  c_w.l(rtexit2.o)
    0x0800026c   0x00000004   Code   RO         2287    .ARM.Collect$$rtexit$$00000003  c_w.l(rtexit2.o)
    0x08000270   0x00000006   Code   RO         2288    .ARM.Collect$$rtexit$$00000004  c_w.l(rtexit2.o)
    0x08000276   0x00000002   PAD
    0x08000278   0x000000be   Code   RO         1396    .emb_text           port.o
    0x08000336   0x00000002   PAD
    0x08000338   0x0000021c   Code   RO            4    .text               judge.o
    0x08000554   0x0000073c   Code   RO          157    .text               vision.o
    0x08000c90   0x00000008   Code   RO          241    .text               main.o
    0x08000c98   0x00000014   Code   RO          315    .text               stm32f4xx_it.o
    0x08000cac   0x000000c4   Code   RO          330    .text               kalman.o
    0x08000d70   0x000005c8   Code   RO          345    .text               remote.o
    0x08001338   0x000002ec   Code   RO          383    .text               friction.o
    0x08001624   0x0000019c   Code   RO          413    .text               magzine.o
    0x080017c0   0x00000118   Code   RO          443    .text               crc.o
    0x080018d8   0x00000258   Code   RO          471    .text               kalman_filter.o
    0x08001b30   0x0000003e   Code   RO          504    .text               ultra.o
    0x08001b6e   0x00000002   PAD
    0x08001b70   0x00000058   Code   RO          528    .text               led.o
    0x08001bc8   0x00000048   Code   RO          552    .text               exti.o
    0x08001c10   0x000000e0   Code   RO          578    .text               init.o
    0x08001cf0   0x000006b0   Code   RO          605    .text               can.o
    0x080023a0   0x00000230   Code   RO          636    .text               pwm.o
    0x080025d0   0x000001c4   Code   RO          663    .text               uart5.o
    0x08002794   0x00000040   Code   RO          694    .text               laser.o
    0x080027d4   0x000001b4   Code   RO          718    .text               uart4.o
    0x08002988   0x000001e8   Code   RO          745    .text               usart3.o
    0x08002b70   0x000000e0   Code   RO          772    .text               misc.o
    0x08002c50   0x00000294   Code   RO          796    .text               stm32f4xx_gpio.o
    0x08002ee4   0x00000634   Code   RO          820    .text               stm32f4xx_rcc.o
    0x08003518   0x00000ca2   Code   RO          846    .text               stm32f4xx_tim.o
    0x080041ba   0x00000002   PAD
    0x080041bc   0x00000454   Code   RO          870    .text               stm32f4xx_usart.o
    0x08004610   0x00000040   Code   RO          894    .text               startup_stm32f40xx.o
    0x08004650   0x00000210   Code   RO          901    .text               system_stm32f4xx.o
    0x08004860   0x000009f0   Code   RO          928    .text               stm32f4xx_can.o
    0x08005250   0x000003a8   Code   RO          952    .text               stm32f4xx_dma.o
    0x080055f8   0x00000304   Code   RO         1097    .text               sys.o
    0x080058fc   0x000002c0   Code   RO         1124    .text               scheduler.o
    0x08005bbc   0x000000f8   Code   RO         1172    .text               delay.o
    0x08005cb4   0x00000006   Code   RO         1199    .text               usart.o
    0x08005cba   0x00000094   Code   RO         1275    .text               list.o
    0x08005d4e   0x00000002   PAD
    0x08005d50   0x00000f18   Code   RO         1290    .text               queue.o
    0x08006c68   0x00001938   Code   RO         1329    .text               tasks.o
    0x080085a0   0x00000698   Code   RO         1351    .text               timers.o
    0x08008c38   0x0000029c   Code   RO         1381    .text               heap_4.o
    0x08008ed4   0x00000340   Code   RO         1397    .text               port.o
    0x08009214   0x00000258   Code   RO         1429    .text               myiic.o
    0x0800946c   0x00000384   Code   RO         1456    .text               mpu6050.o
    0x080097f0   0x000022cc   Code   RO         1480    .text               inv_mpu.o
    0x0800babc   0x00000d90   Code   RO         1536    .text               inv_mpu_dmp_motion_driver.o
    0x0800c84c   0x000025f8   Code   RO         1599    .text               task_chassis.o
    0x0800ee44   0x00003110   Code   RO         1630    .text               task_gimbal.o
    0x08011f54   0x00000108   Code   RO         1661    .text               task_timing_report.o
    0x0801205c   0x00000bdc   Code   RO         1691    .text               task_revolver.o
    0x08012c38   0x000000c0   Code   RO         1721    .text               arm_mat_add_f32.o
    0x08012cf8   0x00000008   Code   RO         1772    .text               arm_mat_init_f32.o
    0x08012d00   0x00000310   Code   RO         1796    .text               arm_mat_inverse_f32.o
    0x08013010   0x00000144   Code   RO         1844    .text               arm_mat_mult_f32.o
    0x08013154   0x000000c0   Code   RO         1892    .text               arm_mat_sub_f32.o
    0x08013214   0x00000098   Code   RO         1916    .text               arm_mat_trans_f32.o
    0x080132ac   0x00000002   Code   RO         1939    .text               c_w.l(use_no_semi_2.o)
    0x080132ae   0x00000048   Code   RO         1941    .text               c_w.l(llsdiv.o)
    0x080132f6   0x00000002   PAD
    0x080132f8   0x00000018   Code   RO         1945    .text               c_w.l(noretval__2printf.o)
    0x08013310   0x0000004e   Code   RO         1949    .text               c_w.l(_printf_pad.o)
    0x0801335e   0x00000002   PAD
    0x08013360   0x00000078   Code   RO         1951    .text               c_w.l(_printf_dec.o)
    0x080133d8   0x00000058   Code   RO         1956    .text               c_w.l(_printf_hex_int.o)
    0x08013430   0x00000138   Code   RO         1986    .text               c_w.l(__printf_flags_wp.o)
    0x08013568   0x00000058   Code   RO         1997    .text               c_w.l(memcmp.o)
    0x080135c0   0x0000008a   Code   RO         1999    .text               c_w.l(rt_memcpy_v6.o)
    0x0801364a   0x00000064   Code   RO         2001    .text               c_w.l(rt_memcpy_w.o)
    0x080136ae   0x00000010   Code   RO         2005    .text               c_w.l(aeabi_memset.o)
    0x080136be   0x00000044   Code   RO         2007    .text               c_w.l(rt_memclr.o)
    0x08013702   0x0000004e   Code   RO         2009    .text               c_w.l(rt_memclr_w.o)
    0x08013750   0x00000006   Code   RO         2011    .text               c_w.l(heapauxi.o)
    0x08013756   0x00000002   Code   RO         2101    .text               c_w.l(use_no_semi.o)
    0x08013758   0x000000ee   Code   RO         2104    .text               c_w.l(lludivv7m.o)
    0x08013846   0x00000016   Code   RO         2106    .text               c_w.l(_rserrno.o)
    0x0801385c   0x000000b2   Code   RO         2108    .text               c_w.l(_printf_intcommon.o)
    0x0801390e   0x00000002   PAD
    0x08013910   0x00000024   Code   RO         2110    .text               c_w.l(_printf_char_file.o)
    0x08013934   0x00000008   Code   RO         2205    .text               c_w.l(rt_errno_addr_intlibspace.o)
    0x0801393c   0x00000030   Code   RO         2207    .text               c_w.l(_printf_char_common.o)
    0x0801396c   0x00000008   Code   RO         2209    .text               c_w.l(ferror.o)
    0x08013974   0x00000008   Code   RO         2217    .text               c_w.l(libspace.o)
    0x0801397c   0x0000004a   Code   RO         2220    .text               c_w.l(sys_stackheap_outer.o)
    0x080139c6   0x0000000c   Code   RO         2226    .text               c_w.l(exit.o)
    0x080139d2   0x00000030   Code   RO         2167    i.__ARM_fpclassify  m_wm.l(fpclassify.o)
    0x08013a02   0x00000006   PAD
    0x08013a08   0x00000360   Code   RO         2039    i.__hardfp_asin     m_wm.l(asin.o)
    0x08013d68   0x000002d8   Code   RO         2130    i.__hardfp_atan     m_wm.l(atan.o)
    0x08014040   0x000001f0   Code   RO         2053    i.__hardfp_atan2    m_wm.l(atan2.o)
    0x08014230   0x000000c8   Code   RO         2065    i.__hardfp_cos      m_wm.l(cos.o)
    0x080142f8   0x000000c8   Code   RO         2077    i.__hardfp_sin      m_wm.l(sin.o)
    0x080143c0   0x0000007a   Code   RO         2089    i.__hardfp_sqrt     m_wm.l(sqrt.o)
    0x0801443a   0x00000006   PAD
    0x08014440   0x00000438   Code   RO         2172    i.__ieee754_rem_pio2  m_wm.l(rred.o)
    0x08014878   0x00000170   Code   RO         2144    i.__kernel_cos      m_wm.l(cos_i.o)
    0x080149e8   0x000000f8   Code   RO         2169    i.__kernel_poly     m_wm.l(poly.o)
    0x08014ae0   0x00000130   Code   RO         2177    i.__kernel_sin      m_wm.l(sin_i.o)
    0x08014c10   0x00000014   Code   RO         2148    i.__mathlib_dbl_infnan  m_wm.l(dunder.o)
    0x08014c24   0x00000014   Code   RO         2149    i.__mathlib_dbl_infnan2  m_wm.l(dunder.o)
    0x08014c38   0x00000020   Code   RO         2150    i.__mathlib_dbl_invalid  m_wm.l(dunder.o)
    0x08014c58   0x00000020   Code   RO         2153    i.__mathlib_dbl_underflow  m_wm.l(dunder.o)
    0x08014c78   0x0000000e   Code   RO         1984    i._is_digit         c_w.l(__printf_wp.o)
    0x08014c86   0x00000010   Code   RO         2132    i.atan              m_wm.l(atan.o)
    0x08014c96   0x00000018   Code   RO         2163    i.fabs              m_wm.l(fabs.o)
    0x08014cae   0x0000006e   Code   RO         2091    i.sqrt              m_wm.l(sqrt.o)
    0x08014d1c   0x00000018   Code   RO         2113    x$fpl$basic         fz_wm.l(basic.o)
    0x08014d34   0x00000062   Code   RO         2015    x$fpl$d2f           fz_wm.l(d2f.o)
    0x08014d96   0x00000002   PAD
    0x08014d98   0x00000150   Code   RO         2017    x$fpl$dadd          fz_wm.l(daddsub_clz.o)
    0x08014ee8   0x000002b0   Code   RO         2024    x$fpl$ddiv          fz_wm.l(ddiv.o)
    0x08015198   0x0000005e   Code   RO         2213    x$fpl$dfix          fz_wm.l(dfix.o)
    0x080151f6   0x0000002e   Code   RO         2030    x$fpl$dflt          fz_wm.l(dflt_clz.o)
    0x08015224   0x00000026   Code   RO         2029    x$fpl$dfltu         fz_wm.l(dflt_clz.o)
    0x0801524a   0x00000002   PAD
    0x0801524c   0x00000154   Code   RO         2035    x$fpl$dmul          fz_wm.l(dmul.o)
    0x080153a0   0x0000009c   Code   RO         2119    x$fpl$dnaninf       fz_wm.l(dnaninf.o)
    0x0801543c   0x0000000c   Code   RO         2121    x$fpl$dretinf       fz_wm.l(dretinf.o)
    0x08015448   0x00000016   Code   RO         2018    x$fpl$drsb          fz_wm.l(daddsub_clz.o)
    0x0801545e   0x00000002   PAD
    0x08015460   0x00000198   Code   RO         2123    x$fpl$dsqrt         fz_wm.l(dsqrt_umaal.o)
    0x080155f8   0x000001d4   Code   RO         2019    x$fpl$dsub          fz_wm.l(daddsub_clz.o)
    0x080157cc   0x00000056   Code   RO         2037    x$fpl$f2d           fz_wm.l(f2d.o)
    0x08015822   0x0000008c   Code   RO         2125    x$fpl$fnaninf       fz_wm.l(fnaninf.o)
    0x080158ae   0x0000000a   Code   RO         2300    x$fpl$fpinit        fz_wm.l(fpinit.o)
    0x080158b8   0x0000000a   Code   RO         2127    x$fpl$fretinf       fz_wm.l(fretinf.o)
    0x080158c2   0x00000000   Code   RO         2129    x$fpl$usenofp       fz_wm.l(usenofp.o)
    0x080158c2   0x00000302   Data   RO          444    .constdata          crc.o
    0x08015bc4   0x00000050   Data   RO         1481    .constdata          inv_mpu.o
    0x08015c14   0x00000bf6   Data   RO         1538    .constdata          inv_mpu_dmp_motion_driver.o
    0x0801680a   0x00000028   Data   RO         1957    .constdata          c_w.l(_printf_hex_int.o)
    0x08016832   0x00000011   Data   RO         1987    .constdata          c_w.l(__printf_flags_wp.o)
    0x08016843   0x00000005   PAD
    0x08016848   0x00000050   Data   RO         2042    .constdata          m_wm.l(asin.o)
    0x08016898   0x00000098   Data   RO         2133    .constdata          m_wm.l(atan.o)
    0x08016930   0x00000030   Data   RO         2145    .constdata          m_wm.l(cos_i.o)
    0x08016960   0x00000008   Data   RO         2171    .constdata          m_wm.l(qnan.o)
    0x08016968   0x000000c8   Data   RO         2174    .constdata          m_wm.l(rred.o)
    0x08016a30   0x00000028   Data   RO         2178    .constdata          m_wm.l(sin_i.o)
    0x08016a58   0x0000004d   Data   RO         1482    .conststring        inv_mpu.o
    0x08016aa5   0x00000003   PAD
    0x08016aa8   0x00000020   Data   RO         2357    Region$$Table       anon$$obj.o


    Execution Region RW_IRAM1 (Base: 0x20000000, Size: 0x000147b0, Max: 0x00020000, ABSOLUTE, COMPRESSED[0x00000214])

    Base Addr    Size         Type   Attr      Idx    E Section Name        Object

    0x20000000   0x00000010   Data   RW            6    .data               judge.o
    0x20000010   0x00000072   Data   RW          159    .data               vision.o
    0x20000082   0x0000001d   Data   RW          347    .data               remote.o
    0x2000009f   0x00000001   PAD
    0x200000a0   0x00000020   Data   RW          384    .data               friction.o
    0x200000c0   0x00000008   Data   RW          414    .data               magzine.o
    0x200000c8   0x00000002   Data   RW          445    .data               crc.o
    0x200000ca   0x00000002   PAD
    0x200000cc   0x00000008   Data   RW          472    .data               kalman_filter.o
    0x200000d4   0x00000008   Data   RW          553    .data               exti.o
    0x200000dc   0x00000012   Data   RW          579    .data               init.o
    0x200000ee   0x0000001e   Data   RW          607    .data               can.o
    0x2000010c   0x00000001   Data   RW          637    .data               pwm.o
    0x2000010d   0x00000003   PAD
    0x20000110   0x00000004   Data   RW          665    .data               uart5.o
    0x20000114   0x0000000c   Data   RW          746    .data               usart3.o
    0x20000120   0x00000010   Data   RW          821    .data               stm32f4xx_rcc.o
    0x20000130   0x00000014   Data   RW          902    .data               system_stm32f4xx.o
    0x20000144   0x00000038   Data   RW         1126    .data               scheduler.o
    0x2000017c   0x00000008   Data   RW         1173    .data               delay.o
    0x20000184   0x00000004   Data   RW         1200    .data               usart.o
    0x20000188   0x0000003c   Data   RW         1331    .data               tasks.o
    0x200001c4   0x00000014   Data   RW         1353    .data               timers.o
    0x200001d8   0x00000018   Data   RW         1383    .data               heap_4.o
    0x200001f0   0x0000000c   Data   RW         1398    .data               port.o
    0x200001fc   0x00000035   Data   RW         1483    .data               inv_mpu.o
    0x20000231   0x00000003   PAD
    0x20000234   0x000002d8   Data   RW         1601    .data               task_chassis.o
    0x2000050c   0x000006ec   Data   RW         1632    .data               task_gimbal.o
    0x20000bf8   0x00000010   Data   RW         1662    .data               task_timing_report.o
    0x20000c08   0x000000ee   Data   RW         1692    .data               task_revolver.o
    0x20000cf6   0x00000002   PAD
    0x20000cf8   0x00000074   Zero   RW            5    .bss                judge.o
    0x20000d6c   0x000000d4   Zero   RW          158    .bss                vision.o
    0x20000e40   0x00000030   Zero   RW          346    .bss                remote.o
    0x20000e70   0x00000070   Zero   RW          606    .bss                can.o
    0x20000ee0   0x000000c8   Zero   RW          664    .bss                uart5.o
    0x20000fa8   0x00000064   Zero   RW          719    .bss                uart4.o
    0x2000100c   0x00000038   Zero   RW         1125    .bss                scheduler.o
    0x20001044   0x00000040   Zero   RW         1291    .bss                queue.o
    0x20001084   0x000000c8   Zero   RW         1330    .bss                tasks.o
    0x2000114c   0x00000028   Zero   RW         1352    .bss                timers.o
    0x20001174   0x00012c00   Zero   RW         1382    .bss                heap_4.o
    0x20013d74   0x00000010   Zero   RW         1537    .bss                inv_mpu_dmp_motion_driver.o
    0x20013d84   0x0000004c   Zero   RW         1600    .bss                task_chassis.o
    0x20013dd0   0x0000037c   Zero   RW         1631    .bss                task_gimbal.o
    0x2001414c   0x00000060   Zero   RW         2218    .bss                c_w.l(libspace.o)
    0x200141ac   0x00000004   PAD
    0x200141b0   0x00000200   Zero   RW          892    HEAP                startup_stm32f40xx.o
    0x200143b0   0x00000400   Zero   RW          891    STACK               startup_stm32f40xx.o


==============================================================================

Image component sizes


      Code (inc. data)   RO Data    RW Data    ZI Data      Debug   Object Name

       192          0          0          0          0       1362   arm_mat_add_f32.o
         8          0          0          0          0        995   arm_mat_init_f32.o
       784          6          0          0          0       2606   arm_mat_inverse_f32.o
       324          4          0          0          0       1587   arm_mat_mult_f32.o
       192          0          0          0          0       1362   arm_mat_sub_f32.o
       152          0          0          0          0       1268   arm_mat_trans_f32.o
      1712         96          0         30        112       5569   can.o
       280         12        770          2          0       2908   crc.o
       248         12          0          8          0       2065   delay.o
         0          0          0          0          0       9680   event_groups.o
        72          4          0          8          0       1927   exti.o
       748         38          0         32          0       4690   friction.o
       668         24          0         24      76800       3780   heap_4.o
       224         38          0         18          0       1165   init.o
      8908        224        157         53          0      23901   inv_mpu.o
      3472        142       3062          0         16      15199   inv_mpu_dmp_motion_driver.o
       540         20          0         16        116     323208   judge.o
       196          4          0          0          0       1112   kalman.o
       600         10          0          8          0      16330   kalman_filter.o
        64          8          0          0          0        537   laser.o
        88         14          0          0          0        543   led.o
       148          0          0          0          0       1974   list.o
       412         22          0          8          0       3490   magzine.o
         8          0          0          0          0        479   main.o
       224         20          0          0          0       1881   misc.o
       900         22          0          0          0       4199   mpu6050.o
       600         12          0          0          0       1908   myiic.o
      1022         52          0         12          0       9003   port.o
       560         20          0          1          0       1978   pwm.o
      3864         20          0          0         64      20688   queue.o
      1480         76          0         29         48       8561   remote.o
       704        152          0         56         56       5140   scheduler.o
        64         26        392          0       1536        876   startup_stm32f40xx.o
      2544         38          0          0          0       8032   stm32f4xx_can.o
       936         32          0          0          0       6357   stm32f4xx_dma.o
       660         44          0          0          0       4157   stm32f4xx_gpio.o
        20          0          0          0          0        983   stm32f4xx_it.o
      1588         52          0         16          0      12818   stm32f4xx_rcc.o
      3234         60          0          0          0      22364   stm32f4xx_tim.o
      1108         34          0          0          0       7860   stm32f4xx_usart.o
       772          4          0          0          0       2946   sys.o
       528         46          0         20          0       1951   system_stm32f4xx.o
      9720        596          0        728         76      16597   task_chassis.o
     12560       1200          0       1772        892      25697   task_gimbal.o
      3036        196          0        238          0      10588   task_revolver.o
       264         48          0         16          0       1448   task_timing_report.o
      6456        340          0         60        200      29403   tasks.o
      1688         68          0         20         40      20178   timers.o
       436         16          0          0        100       2161   uart4.o
       452         26          0          4        200       2215   uart5.o
        62          0          0          0          0       1312   ultra.o
         6          0          0          4          0       2488   usart.o
       488         30          0         12          0       2218   usart3.o
      1852         98          0        114        212      25166   vision.o

    ----------------------------------------------------------------------
     77876       4006       4416       3320      80468     688910   Object Totals
         0          0         32          0          0          0   (incl. Generated)
         8          0          3         11          0          0   (incl. Padding)

    ----------------------------------------------------------------------

      Code (inc. data)   RO Data    RW Data    ZI Data      Debug   Library Member Name

        90          0          0          0          0          0   __dczerorl2.o
         8          0          0          0          0         68   __main.o
       312          4         17          0          0         92   __printf_flags_wp.o
        14          0          0          0          0         68   __printf_wp.o
         0          0          0          0          0          0   __rtentry.o
        12          0          0          0          0          0   __rtentry2.o
         6          0          0          0          0          0   __rtentry4.o
        52          8          0          0          0          0   __scatter.o
        28          0          0          0          0          0   __scatter_zi.o
        48          6          0          0          0         96   _printf_char_common.o
        36          4          0          0          0         80   _printf_char_file.o
         6          0          0          0          0          0   _printf_d.o
       120         16          0          0          0         92   _printf_dec.o
        88          4         40          0          0         88   _printf_hex_int.o
       178          0          0          0          0         88   _printf_intcommon.o
        78          0          0          0          0        108   _printf_pad.o
         0          0          0          0          0          0   _printf_percent.o
         4          0          0          0          0          0   _printf_percent_end.o
         6          0          0          0          0          0   _printf_x.o
        22          0          0          0          0        100   _rserrno.o
        16          0          0          0          0         68   aeabi_memset.o
        12          0          0          0          0         72   exit.o
         8          0          0          0          0         68   ferror.o
         6          0          0          0          0        152   heapauxi.o
         2          0          0          0          0          0   libinit.o
         6          0          0          0          0          0   libinit2.o
         2          0          0          0          0          0   libshutdown.o
         2          0          0          0          0          0   libshutdown2.o
         8          4          0          0         96         68   libspace.o
        72          0          0          0          0         76   llsdiv.o
       238          0          0          0          0        100   lludivv7m.o
        88          0          0          0          0         76   memcmp.o
        24          4          0          0          0         84   noretval__2printf.o
         8          4          0          0          0         68   rt_errno_addr_intlibspace.o
        68          0          0          0          0         68   rt_memclr.o
        78          0          0          0          0         80   rt_memclr_w.o
       138          0          0          0          0         68   rt_memcpy_v6.o
       100          0          0          0          0         80   rt_memcpy_w.o
         2          0          0          0          0          0   rtexit.o
        10          0          0          0          0          0   rtexit2.o
        74          0          0          0          0         80   sys_stackheap_outer.o
         2          0          0          0          0         68   use_no_semi.o
         2          0          0          0          0         68   use_no_semi_2.o
        24          0          0          0          0        164   basic.o
        98          4          0          0          0        140   d2f.o
       826         16          0          0          0        492   daddsub_clz.o
       688        140          0          0          0        256   ddiv.o
        94          4          0          0          0        140   dfix.o
        84          0          0          0          0        232   dflt_clz.o
       340         12          0          0          0        152   dmul.o
       156          4          0          0          0        140   dnaninf.o
        12          0          0          0          0        116   dretinf.o
       408         56          0          0          0        168   dsqrt_umaal.o
        86          4          0          0          0        132   f2d.o
       140          4          0          0          0        132   fnaninf.o
        10          0          0          0          0        116   fpinit.o
        10          0          0          0          0        116   fretinf.o
         0          0          0          0          0          0   usenofp.o
       864         94         80          0          0        280   asin.o
       744        106        152          0          0        352   atan.o
       496         64          0          0          0        192   atan2.o
       200         20          0          0          0        164   cos.o
       368         46         48          0          0        200   cos_i.o
       104         16          0          0          0        496   dunder.o
        24          0          0          0          0        124   fabs.o
        48          0          0          0          0        124   fpclassify.o
       248          0          0          0          0        152   poly.o
         0          0          8          0          0          0   qnan.o
      1080        142        200          0          0        188   rred.o
       200         20          0          0          0        164   sin.o
       304         24         40          0          0        208   sin_i.o
       232          0          0          0          0        296   sqrt.o

    ----------------------------------------------------------------------
      9990        830        590          0        100       7660   Library Totals
        28          0          5          0          4          0   (incl. Padding)

    ----------------------------------------------------------------------

      Code (inc. data)   RO Data    RW Data    ZI Data      Debug   Library Name

      2074         54         57          0         96       2224   c_w.l
      2976        244          0          0          0       2496   fz_wm.l
      4912        532        528          0          0       2940   m_wm.l

    ----------------------------------------------------------------------
      9990        830        590          0        100       7660   Library Totals

    ----------------------------------------------------------------------

==============================================================================


      Code (inc. data)   RO Data    RW Data    ZI Data      Debug   

     87866       4836       5006       3320      80568     679074   Grand Totals
     87866       4836       5006        532      80568     679074   ELF Image Totals (compressed)
     87866       4836       5006        532          0          0   ROM Totals

==============================================================================

    Total RO  Size (Code + RO Data)                92872 (  90.70kB)
    Total RW  Size (RW Data + ZI Data)             83888 (  81.92kB)
    Total ROM Size (Code + RO Data + RW Data)      93404 (  91.21kB)

==============================================================================

